Archive member included to satisfy reference by file (symbol)

c:/program files (x86)/gnu tools arm embedded/7 2018-q2-update/bin/../lib/gcc/arm-none-eabi/7.3.1/../../../../arm-none-eabi/lib/thumb/v7e-m/fpv4-sp/hard\libc_nano.a(lib_a-exit.o)
                              c:/program files (x86)/gnu tools arm embedded/7 2018-q2-update/bin/../lib/gcc/arm-none-eabi/7.3.1/../../../../arm-none-eabi/lib/thumb/v7e-m/fpv4-sp/hard/crt0.o (exit)
c:/program files (x86)/gnu tools arm embedded/7 2018-q2-update/bin/../lib/gcc/arm-none-eabi/7.3.1/../../../../arm-none-eabi/lib/thumb/v7e-m/fpv4-sp/hard\libc_nano.a(lib_a-impure.o)
                              c:/program files (x86)/gnu tools arm embedded/7 2018-q2-update/bin/../lib/gcc/arm-none-eabi/7.3.1/../../../../arm-none-eabi/lib/thumb/v7e-m/fpv4-sp/hard\libc_nano.a(lib_a-exit.o) (_global_impure_ptr)
c:/program files (x86)/gnu tools arm embedded/7 2018-q2-update/bin/../lib/gcc/arm-none-eabi/7.3.1/../../../../arm-none-eabi/lib/thumb/v7e-m/fpv4-sp/hard\libc_nano.a(lib_a-init.o)
                              c:/program files (x86)/gnu tools arm embedded/7 2018-q2-update/bin/../lib/gcc/arm-none-eabi/7.3.1/../../../../arm-none-eabi/lib/thumb/v7e-m/fpv4-sp/hard/crt0.o (__libc_init_array)
c:/program files (x86)/gnu tools arm embedded/7 2018-q2-update/bin/../lib/gcc/arm-none-eabi/7.3.1/../../../../arm-none-eabi/lib/thumb/v7e-m/fpv4-sp/hard\libc_nano.a(lib_a-locale.o)
                              _build/nrf52832_xxaa/nrf_log_str_formatter.c.o (__locale_ctype_ptr)
c:/program files (x86)/gnu tools arm embedded/7 2018-q2-update/bin/../lib/gcc/arm-none-eabi/7.3.1/../../../../arm-none-eabi/lib/thumb/v7e-m/fpv4-sp/hard\libc_nano.a(lib_a-mbtowc_r.o)
                              c:/program files (x86)/gnu tools arm embedded/7 2018-q2-update/bin/../lib/gcc/arm-none-eabi/7.3.1/../../../../arm-none-eabi/lib/thumb/v7e-m/fpv4-sp/hard\libc_nano.a(lib_a-locale.o) (__ascii_mbtowc)
c:/program files (x86)/gnu tools arm embedded/7 2018-q2-update/bin/../lib/gcc/arm-none-eabi/7.3.1/../../../../arm-none-eabi/lib/thumb/v7e-m/fpv4-sp/hard\libc_nano.a(lib_a-memcpy-stub.o)
                              _build/nrf52832_xxaa/nrf_log_frontend.c.o (memcpy)
c:/program files (x86)/gnu tools arm embedded/7 2018-q2-update/bin/../lib/gcc/arm-none-eabi/7.3.1/../../../../arm-none-eabi/lib/thumb/v7e-m/fpv4-sp/hard\libc_nano.a(lib_a-memset.o)
                              c:/program files (x86)/gnu tools arm embedded/7 2018-q2-update/bin/../lib/gcc/arm-none-eabi/7.3.1/../../../../arm-none-eabi/lib/thumb/v7e-m/fpv4-sp/hard/crt0.o (memset)
c:/program files (x86)/gnu tools arm embedded/7 2018-q2-update/bin/../lib/gcc/arm-none-eabi/7.3.1/../../../../arm-none-eabi/lib/thumb/v7e-m/fpv4-sp/hard\libc_nano.a(lib_a-strcmp.o)
                              c:/program files (x86)/gnu tools arm embedded/7 2018-q2-update/bin/../lib/gcc/arm-none-eabi/7.3.1/../../../../arm-none-eabi/lib/thumb/v7e-m/fpv4-sp/hard\libc_nano.a(lib_a-locale.o) (strcmp)
c:/program files (x86)/gnu tools arm embedded/7 2018-q2-update/bin/../lib/gcc/arm-none-eabi/7.3.1/../../../../arm-none-eabi/lib/thumb/v7e-m/fpv4-sp/hard\libc_nano.a(lib_a-strcpy.o)
                              _build/nrf52832_xxaa/SEGGER_RTT.c.o (strcpy)
c:/program files (x86)/gnu tools arm embedded/7 2018-q2-update/bin/../lib/gcc/arm-none-eabi/7.3.1/../../../../arm-none-eabi/lib/thumb/v7e-m/fpv4-sp/hard\libc_nano.a(lib_a-strlen.o)
                              _build/nrf52832_xxaa/nrf_log_frontend.c.o (strlen)
c:/program files (x86)/gnu tools arm embedded/7 2018-q2-update/bin/../lib/gcc/arm-none-eabi/7.3.1/../../../../arm-none-eabi/lib/thumb/v7e-m/fpv4-sp/hard\libc_nano.a(lib_a-wctomb_r.o)
                              c:/program files (x86)/gnu tools arm embedded/7 2018-q2-update/bin/../lib/gcc/arm-none-eabi/7.3.1/../../../../arm-none-eabi/lib/thumb/v7e-m/fpv4-sp/hard\libc_nano.a(lib_a-locale.o) (__ascii_wctomb)
c:/program files (x86)/gnu tools arm embedded/7 2018-q2-update/bin/../lib/gcc/arm-none-eabi/7.3.1/../../../../arm-none-eabi/lib/thumb/v7e-m/fpv4-sp/hard\libc_nano.a(lib_a-ctype_.o)
                              c:/program files (x86)/gnu tools arm embedded/7 2018-q2-update/bin/../lib/gcc/arm-none-eabi/7.3.1/../../../../arm-none-eabi/lib/thumb/v7e-m/fpv4-sp/hard\libc_nano.a(lib_a-locale.o) (_ctype_)
c:/program files (x86)/gnu tools arm embedded/7 2018-q2-update/bin/../lib/gcc/arm-none-eabi/7.3.1/../../../../arm-none-eabi/lib/thumb/v7e-m/fpv4-sp/hard\libnosys.a(_exit.o)
                              c:/program files (x86)/gnu tools arm embedded/7 2018-q2-update/bin/../lib/gcc/arm-none-eabi/7.3.1/../../../../arm-none-eabi/lib/thumb/v7e-m/fpv4-sp/hard\libc_nano.a(lib_a-exit.o) (_exit)
c:/program files (x86)/gnu tools arm embedded/7 2018-q2-update/bin/../lib/gcc/arm-none-eabi/7.3.1/thumb/v7e-m/fpv4-sp/hard\libgcc.a(_aeabi_ldivmod.o)
                              _build/nrf52832_xxaa/bsp.c.o (__aeabi_ldivmod)
[...]
Memory Configuration

Name             Origin             Length             Attributes
FLASH            0x00030000         0x00048000         xr
RAM              0x20002838         0x0000d7c8         xrw
*default*        0x00000000         0xffffffff

Linker script and memory map


.text           0x00030000     0x5c78
 *(.isr_vector)
 .isr_vector    0x00030000      0x200 _build/nrf52832_xxaa/gcc_startup_nrf52.S.o
                0x00030000                __isr_vector
 *(.text*)
 .text          0x00030200       0x40 c:/program files (x86)/gnu tools arm embedded/7 2018-q2-update/bin/../lib/gcc/arm-none-eabi/7.3.1/thumb/v7e-m/fpv4-sp/hard/crtbegin.o
 .text          0x00030240       0x74 c:/program files (x86)/gnu tools arm embedded/7 2018-q2-update/bin/../lib/gcc/arm-none-eabi/7.3.1/../../../../arm-none-eabi/lib/thumb/v7e-m/fpv4-sp/hard/crt0.o
                0x00030240                _start
                0x00030240                _mainCRTStartup
 .text          0x000302b4       0x3c _build/nrf52832_xxaa/gcc_startup_nrf52.S.o
                0x000302b4                Reset_Handler
                0x000302dc                NMI_Handler
                0x000302e0                MemoryManagement_Handler
                0x000302e2                BusFault_Handler
                0x000302e4                UsageFault_Handler
                0x000302e6                SVC_Handler
                0x000302e8                DebugMon_Handler
                0x000302ea                PendSV_Handler
                0x000302ec                SysTick_Handler
                0x000302ee                PDM_IRQHandler
                0x000302ee                TEMP_IRQHandler
                0x000302ee                QDEC_IRQHandler
                0x000302ee                TIMER3_IRQHandler
                0x000302ee                FPU_IRQHandler
                0x000302ee                SPIM0_SPIS0_TWIM0_TWIS0_SPI0_TWI0_IRQHandler
                0x000302ee                RADIO_IRQHandler
                0x000302ee                TIMER4_IRQHandler
                0x000302ee                I2S_IRQHandler
                0x000302ee                SWI4_EGU4_IRQHandler
                0x000302ee                TIMER0_IRQHandler
                0x000302ee                POWER_CLOCK_IRQHandler
                0x000302ee                RTC0_IRQHandler
                0x000302ee                PWM2_IRQHandler
                0x000302ee                ECB_IRQHandler
                0x000302ee                SPIM1_SPIS1_TWIM1_TWIS1_SPI1_TWI1_IRQHandler
                0x000302ee                Default_Handler
                0x000302ee                SAADC_IRQHandler
                0x000302ee                CCM_AAR_IRQHandler
                0x000302ee                WDT_IRQHandler
                0x000302ee                PWM1_IRQHandler
                0x000302ee                SWI5_EGU5_IRQHandler
                0x000302ee                RNG_IRQHandler
                0x000302ee                RTC2_IRQHandler
                0x000302ee                PWM0_IRQHandler
                0x000302ee                SWI3_EGU3_IRQHandler
                0x000302ee                SWI1_EGU1_IRQHandler
                0x000302ee                SPIM2_SPIS2_SPI2_IRQHandler
                0x000302ee                NFCT_IRQHandler
                0x000302ee                TIMER1_IRQHandler
                0x000302ee                MWU_IRQHandler
                0x000302ee                TIMER2_IRQHandler
                0x000302ee                COMP_LPCOMP_IRQHandler
 .text.nrf_log_backend_serial_put
                0x000302f0       0xd4 _build/nrf52832_xxaa/nrf_log_backend_serial.c.o
                0x000302f0                nrf_log_backend_serial_put
 .text.uart_evt_handler
                0x000303c4        0xc _build/nrf52832_xxaa/nrf_log_backend_uart.c.o
 .text.nrf_log_backend_uart_flush
                0x000303d0        0x4 _build/nrf52832_xxaa/nrf_log_backend_uart.c.o
 .text.nrf_log_backend_uart_put
                0x000303d4       0x20 _build/nrf52832_xxaa/nrf_log_backend_uart.c.o
 .text.serial_tx
                0x000303f4       0x4c _build/nrf52832_xxaa/nrf_log_backend_uart.c.o
 .text.nrf_log_backend_uart_panic_set
                0x00030440       0x60 _build/nrf52832_xxaa/nrf_log_backend_uart.c.o
 .text.nrf_log_backend_uart_init
                0x000304a0       0x48 _build/nrf52832_xxaa/nrf_log_backend_uart.c.o
                0x000304a0                nrf_log_backend_uart_init
 .text.nrf_log_default_backends_init
                0x000304e8       0x20 _build/nrf52832_xxaa/nrf_log_default_backends.c.o
                0x000304e8                nrf_log_default_backends_init
 .text.log_skip
                0x00030508       0xd4 _build/nrf52832_xxaa/nrf_log_frontend.c.o
 .text.nrf_log_init
                0x000305dc       0x3c _build/nrf52832_xxaa/nrf_log_frontend.c.o
                0x000305dc                nrf_log_init
 .text.nrf_log_module_name_get
                0x00030618       0x58 _build/nrf52832_xxaa/nrf_log_frontend.c.o
                0x00030618                nrf_log_module_name_get
 .text.nrf_log_color_id_get
                0x00030670       0x2c _build/nrf52832_xxaa/nrf_log_frontend.c.o
                0x00030670                nrf_log_color_id_get
 .text.nrf_log_frontend_std_0
                0x0003069c       0xf0 _build/nrf52832_xxaa/nrf_log_frontend.c.o
                0x0003069c                nrf_log_frontend_std_0
 .text.nrf_log_frontend_dequeue.part.6
                0x0003078c      0x26c _build/nrf52832_xxaa/nrf_log_frontend.c.o
 .text.nrf_log_frontend_std_1
                0x000309f8      0x100 _build/nrf52832_xxaa/nrf_log_frontend.c.o
                0x000309f8                nrf_log_frontend_std_1
 .text.nrf_log_frontend_std_3
                0x00030af8      0x110 _build/nrf52832_xxaa/nrf_log_frontend.c.o
                0x00030af8                nrf_log_frontend_std_3
 .text.nrf_log_frontend_std_4
                0x00030c08      0x12c _build/nrf52832_xxaa/nrf_log_frontend.c.o
                0x00030c08                nrf_log_frontend_std_4
 .text.nrf_log_frontend_hexdump
                0x00030d34      0x148 _build/nrf52832_xxaa/nrf_log_frontend.c.o
                0x00030d34                nrf_log_frontend_hexdump
 .text.nrf_log_frontend_dequeue
                0x00030e7c       0x18 _build/nrf52832_xxaa/nrf_log_frontend.c.o
                0x00030e7c                nrf_log_frontend_dequeue
 .text.nrf_log_backend_add
                0x00030e94       0x68 _build/nrf52832_xxaa/nrf_log_frontend.c.o
                0x00030e94                nrf_log_backend_add
 .text.nrf_log_panic
                0x00030efc       0x2c _build/nrf52832_xxaa/nrf_log_frontend.c.o
                0x00030efc                nrf_log_panic
 .text.nrf_log_std_entry_process
                0x00030f28      0x14c _build/nrf52832_xxaa/nrf_log_str_formatter.c.o
                0x00030f28                nrf_log_std_entry_process
 .text.nrf_log_hexdump_entry_process
                0x00031074      0x160 _build/nrf52832_xxaa/nrf_log_str_formatter.c.o
                0x00031074                nrf_log_hexdump_entry_process
 .text.bsp_board_leds_off
                0x000311d4       0x2c _build/nrf52832_xxaa/boards.c.o
                0x000311d4                bsp_board_leds_off
 .text.detection_delay_timeout_handler
                0x00031200      0x120 _build/nrf52832_xxaa/app_button.c.o
 .text.gpiote_event_handler
                0x00031320       0xa8 _build/nrf52832_xxaa/app_button.c.o
 .text.app_button_init
                0x000313c8       0xb0 _build/nrf52832_xxaa/app_button.c.o
                0x000313c8                app_button_init
 .text.app_button_enable
                0x00031478       0x2c _build/nrf52832_xxaa/app_button.c.o
                0x00031478                app_button_enable
 .text.app_button_is_pushed
                0x000314a4       0x2c _build/nrf52832_xxaa/app_button.c.o
                0x000314a4                app_button_is_pushed
 .text.app_error_handler_bare
                0x000314d0       0x20 _build/nrf52832_xxaa/app_error.c.o
                0x000314d0                app_error_handler_bare
 .text.app_error_fault_handler
                0x000314f0       0x70 _build/nrf52832_xxaa/app_error_weak.c.o
                0x000314f0                app_error_fault_handler
 .text.RTC1_IRQHandler
                0x00031560       0xa0 _build/nrf52832_xxaa/app_timer.c.o
                0x00031560                RTC1_IRQHandler
 .text.SWI0_EGU0_IRQHandler
                0x00031600      0x394 _build/nrf52832_xxaa/app_timer.c.o
                0x00031600                SWI0_EGU0_IRQHandler
 .text.app_timer_init
                0x00031994       0xa8 _build/nrf52832_xxaa/app_timer.c.o
                0x00031994                app_timer_init
 .text.app_timer_create
                0x00031a3c       0x24 _build/nrf52832_xxaa/app_timer.c.o
                0x00031a3c                app_timer_create
 .text.app_timer_start
                0x00031a60       0xac _build/nrf52832_xxaa/app_timer.c.o
                0x00031a60                app_timer_start
 .text.app_timer_stop
                0x00031b0c       0x74 _build/nrf52832_xxaa/app_timer.c.o
                0x00031b0c                app_timer_stop
 .text.app_util_critical_region_enter
                0x00031b80       0x4c _build/nrf52832_xxaa/app_util_platform.c.o
                0x00031b80                app_util_critical_region_enter
 .text.app_util_critical_region_exit
                0x00031bcc       0x30 _build/nrf52832_xxaa/app_util_platform.c.o
                0x00031bcc                app_util_critical_region_exit
 .text.HardFault_Handler
                0x00031bfc       0x34 _build/nrf52832_xxaa/hardfault_handler_gcc.c.o
                0x00031bfc                HardFault_Handler
 .text.HardFault_process
                0x00031c30       0x24 _build/nrf52832_xxaa/hardfault_implementation.c.o
                0x00031c30                HardFault_process
 .text.HardFault_c_handler
                0x00031c54      0x104 _build/nrf52832_xxaa/hardfault_implementation.c.o
                0x00031c54                HardFault_c_handler
 .text.nrf_atomic_u32_fetch_store
                0x00031d58       0x14 _build/nrf52832_xxaa/nrf_atomic.c.o
                0x00031d58                nrf_atomic_u32_fetch_store
 .text.nrf_atomic_u32_add
                0x00031d6c       0x18 _build/nrf52832_xxaa/nrf_atomic.c.o
                0x00031d6c                nrf_atomic_u32_add
 .text.nrf_atomic_u32_sub
                0x00031d84       0x18 _build/nrf52832_xxaa/nrf_atomic.c.o
                0x00031d84                nrf_atomic_u32_sub
 .text.nrf_atomic_flag_set
                0x00031d9c       0x18 _build/nrf52832_xxaa/nrf_atomic.c.o
                0x00031d9c                nrf_atomic_flag_set
 .text.nrf_atomic_flag_clear_fetch
                0x00031db4       0x18 _build/nrf52832_xxaa/nrf_atomic.c.o
                0x00031db4                nrf_atomic_flag_clear_fetch
 .text.nrf_balloc_init
                0x00031dcc       0x38 _build/nrf52832_xxaa/nrf_balloc.c.o
                0x00031dcc                nrf_balloc_init
 .text.nrf_balloc_alloc
                0x00031e04       0x50 _build/nrf52832_xxaa/nrf_balloc.c.o
                0x00031e04                nrf_balloc_alloc
 .text.nrf_balloc_free
                0x00031e54       0x38 _build/nrf52832_xxaa/nrf_balloc.c.o
                0x00031e54                nrf_balloc_free
 .text.nrf_fprintf_buffer_flush
                0x00031e8c       0x18 _build/nrf52832_xxaa/nrf_fprintf.c.o
                0x00031e8c                nrf_fprintf_buffer_flush
 .text.nrf_fprintf
                0x00031ea4       0x20 _build/nrf52832_xxaa/nrf_fprintf.c.o
                0x00031ea4                nrf_fprintf
 .text.unsigned_print
                0x00031ec4      0x10c _build/nrf52832_xxaa/nrf_fprintf_format.c.o
 .text.nrf_fprintf_fmt
                0x00031fd0      0x5c4 _build/nrf52832_xxaa/nrf_fprintf_format.c.o
                0x00031fd0                nrf_fprintf_fmt
 .text.nrf_memobj_pool_init
                0x00032594        0x4 _build/nrf52832_xxaa/nrf_memobj.c.o
                0x00032594                nrf_memobj_pool_init
 .text.nrf_memobj_alloc
                0x00032598       0x84 _build/nrf52832_xxaa/nrf_memobj.c.o
                0x00032598                nrf_memobj_alloc
 .text.nrf_memobj_get
                0x0003261c        0x8 _build/nrf52832_xxaa/nrf_memobj.c.o
                0x0003261c                nrf_memobj_get
 .text.nrf_memobj_put
                0x00032624       0x44 _build/nrf52832_xxaa/nrf_memobj.c.o
                0x00032624                nrf_memobj_put
 .text.nrf_memobj_write
                0x00032668       0x68 _build/nrf52832_xxaa/nrf_memobj.c.o
                0x00032668                nrf_memobj_write
 .text.nrf_memobj_read
                0x000326d0       0x68 _build/nrf52832_xxaa/nrf_memobj.c.o
                0x000326d0                nrf_memobj_read
 .text.sd_app_evt_wait
                0x00032738        0x4 _build/nrf52832_xxaa/nrf_pwr_mgmt.c.o
 .text.nrf_pwr_mgmt_run
                0x0003273c       0x50 _build/nrf52832_xxaa/nrf_pwr_mgmt.c.o
                0x0003273c                nrf_pwr_mgmt_run
 .text.nrf_ringbuf_init
                0x0003278c       0x1c _build/nrf52832_xxaa/nrf_ringbuf.c.o
                0x0003278c                nrf_ringbuf_init
 .text.nrf_section_iter_init
                0x000327a8       0x14 _build/nrf52832_xxaa/nrf_section_iter.c.o
                0x000327a8                nrf_section_iter_init
 .text.nrf_section_iter_next
                0x000327bc       0x18 _build/nrf52832_xxaa/nrf_section_iter.c.o
                0x000327bc                nrf_section_iter_next
 .text.nrf_strerror_get
                0x000327d4       0x6c _build/nrf52832_xxaa/nrf_strerror.c.o
                0x000327d4                nrf_strerror_get
 .text.uarte_evt_handler
                0x00032840       0x34 _build/nrf52832_xxaa/nrf_drv_uart.c.o
 .text.uart_evt_handler
                0x00032874       0x34 _build/nrf52832_xxaa/nrf_drv_uart.c.o
 .text.nrf_drv_uart_init
                0x000328a8       0x80 _build/nrf52832_xxaa/nrf_drv_uart.c.o
                0x000328a8                nrf_drv_uart_init
 .text.nrfx_gpiote_init
                0x00032928       0x88 _build/nrf52832_xxaa/nrfx_gpiote.c.o
                0x00032928                nrfx_gpiote_init
 .text.nrfx_gpiote_is_init
                0x000329b0       0x14 _build/nrf52832_xxaa/nrfx_gpiote.c.o
                0x000329b0                nrfx_gpiote_is_init
 .text.nrfx_gpiote_in_init
                0x000329c4      0x1bc _build/nrf52832_xxaa/nrfx_gpiote.c.o
                0x000329c4                nrfx_gpiote_in_init
 .text.nrfx_gpiote_in_event_enable
                0x00032b80       0xc4 _build/nrf52832_xxaa/nrfx_gpiote.c.o
                0x00032b80                nrfx_gpiote_in_event_enable
 .text.nrfx_gpiote_in_is_set
                0x00032c44       0x14 _build/nrf52832_xxaa/nrfx_gpiote.c.o
                0x00032c44                nrfx_gpiote_in_is_set
 .text.GPIOTE_IRQHandler
                0x00032c58      0x548 _build/nrf52832_xxaa/nrfx_gpiote.c.o
                0x00032c58                GPIOTE_IRQHandler
 .text.UARTE0_UART0_IRQHandler
                0x000331a0        0xc _build/nrf52832_xxaa/nrfx_prs.c.o
                0x000331a0                UARTE0_UART0_IRQHandler
 .text.nrfx_prs_acquire
                0x000331ac       0x4c _build/nrf52832_xxaa/nrfx_prs.c.o
                0x000331ac                nrfx_prs_acquire
 .text.nrfx_prs_release
                0x000331f8       0x18 _build/nrf52832_xxaa/nrfx_prs.c.o
                0x000331f8                nrfx_prs_release
 .text.nrfx_uart_0_irq_handler
                0x00033210      0x1bc _build/nrf52832_xxaa/nrfx_uart.c.o
                0x00033210                nrfx_uart_0_irq_handler
 .text.nrfx_uart_init
                0x000333cc      0x194 _build/nrf52832_xxaa/nrfx_uart.c.o
                0x000333cc                nrfx_uart_init
 .text.nrfx_uart_uninit
                0x00033560       0xcc _build/nrf52832_xxaa/nrfx_uart.c.o
                0x00033560                nrfx_uart_uninit
 .text.nrfx_uart_tx
                0x0003362c       0xcc _build/nrf52832_xxaa/nrfx_uart.c.o
                0x0003362c                nrfx_uart_tx
 .text.nrfx_uarte_0_irq_handler
                0x000336f8      0x11c _build/nrf52832_xxaa/nrfx_uarte.c.o
                0x000336f8                nrfx_uarte_0_irq_handler
 .text.nrfx_uarte_init
                0x00033814      0x1b8 _build/nrf52832_xxaa/nrfx_uarte.c.o
                0x00033814                nrfx_uarte_init
 .text.nrfx_uarte_uninit
                0x000339cc       0xd0 _build/nrf52832_xxaa/nrfx_uarte.c.o
                0x000339cc                nrfx_uarte_uninit
 .text.nrfx_uarte_tx
                0x00033a9c       0xa4 _build/nrf52832_xxaa/nrfx_uarte.c.o
                0x00033a9c                nrfx_uarte_tx
 .text.sd_ant_channel_assign
                0x00033b40        0x4 _build/nrf52832_xxaa/ant_channel_config.c.o
 .text.sd_ant_channel_radio_freq_set
                0x00033b44        0x4 _build/nrf52832_xxaa/ant_channel_config.c.o
 .text.sd_ant_channel_period_set
                0x00033b48        0x4 _build/nrf52832_xxaa/ant_channel_config.c.o
 .text.sd_ant_channel_id_set
                0x00033b4c        0x4 _build/nrf52832_xxaa/ant_channel_config.c.o
 .text.ant_channel_init
                0x00033b50       0x48 _build/nrf52832_xxaa/ant_channel_config.c.o
                0x00033b50                ant_channel_init
 .text.button_timeout_handler
                0x00033b98      0x164 _build/nrf52832_xxaa/di2_btn.c.o
                0x00033b98                button_timeout_handler
 .text.repeat_timeout_handler
                0x00033cfc       0x9c _build/nrf52832_xxaa/di2_btn.c.o
                0x00033cfc                repeat_timeout_handler
 .text.button_callback
                0x00033d98       0x84 _build/nrf52832_xxaa/di2_btn.c.o
                0x00033d98                button_callback
 .text.di2_buttons_init
                0x00033e1c       0x74 _build/nrf52832_xxaa/di2_btn.c.o
                0x00033e1c                di2_buttons_init
 .text.sd_ant_channel_open_with_offset
                0x00033e90        0x4 _build/nrf52832_xxaa/antDI2Master.c.o
 .text.sd_ant_broadcast_message_tx
                0x00033e94        0x4 _build/nrf52832_xxaa/antDI2Master.c.o
 .text.sd_ant_acknowledge_message_tx
                0x00033e98        0x4 _build/nrf52832_xxaa/antDI2Master.c.o
 .text.sd_ant_burst_handler_request
                0x00033e9c        0x4 _build/nrf52832_xxaa/antDI2Master.c.o
 .text.sd_ant_network_address_set
                0x00033ea0        0x4 _build/nrf52832_xxaa/antDI2Master.c.o
 .text.sd_ant_channel_radio_tx_power_set
                0x00033ea4        0x4 _build/nrf52832_xxaa/antDI2Master.c.o
 .text.ant_evt_handler
                0x00033ea8      0x1f4 _build/nrf52832_xxaa/antDI2Master.c.o
 .text.ant_message_types_master_setup
                0x0003409c       0xd0 _build/nrf52832_xxaa/antDI2Master.c.o
                0x0003409c                ant_message_types_master_setup
 .text.ant_message_types_master_bsp_evt_handler
                0x0003416c      0x1f0 _build/nrf52832_xxaa/antDI2Master.c.o
                0x0003416c                ant_message_types_master_bsp_evt_handler
 .text.startup.main
                0x0003435c       0x68 _build/nrf52832_xxaa/main.c.o
                0x0003435c                main
 .text.SystemInit
                0x000343c4      0x3c0 _build/nrf52832_xxaa/system_nrf52.c.o
                0x000343c4                SystemInit
 .text.sd_softdevice_enable
                0x00034784        0x4 _build/nrf52832_xxaa/nrf_sdh.c.o
 .text.nrf_sdh_enable_request
                0x00034788      0x11c _build/nrf52832_xxaa/nrf_sdh.c.o
                0x00034788                nrf_sdh_enable_request
 .text.nrf_sdh_is_enabled
                0x000348a4        0xc _build/nrf52832_xxaa/nrf_sdh.c.o
                0x000348a4                nrf_sdh_is_enabled
 .text.SWI2_EGU2_IRQHandler
                0x000348b0       0x2c _build/nrf52832_xxaa/nrf_sdh.c.o
                0x000348b0                SWI2_EGU2_IRQHandler
 .text.sd_ant_event_get
                0x000348dc        0x4 _build/nrf52832_xxaa/nrf_sdh_ant.c.o
 .text.sd_ant_enable
                0x000348e0        0x4 _build/nrf52832_xxaa/nrf_sdh_ant.c.o
 .text.nrf_sdh_ant_evts_poll
                0x000348e4       0x54 _build/nrf52832_xxaa/nrf_sdh_ant.c.o
 .text.nrf_sdh_ant_enable
                0x00034938       0x5c _build/nrf52832_xxaa/nrf_sdh_ant.c.o
                0x00034938                nrf_sdh_ant_enable
 .text.exit     0x00034994       0x28 c:/program files (x86)/gnu tools arm embedded/7 2018-q2-update/bin/../lib/gcc/arm-none-eabi/7.3.1/../../../../arm-none-eabi/lib/thumb/v7e-m/fpv4-sp/hard\libc_nano.a(lib_a-exit.o)
                0x00034994                exit
 .text.__libc_init_array
                0x000349bc       0x48 c:/program files (x86)/gnu tools arm embedded/7 2018-q2-update/bin/../lib/gcc/arm-none-eabi/7.3.1/../../../../arm-none-eabi/lib/thumb/v7e-m/fpv4-sp/hard\libc_nano.a(lib_a-init.o)
                0x000349bc                __libc_init_array
 .text.__locale_ctype_ptr
                0x00034a04       0x1c c:/program files (x86)/gnu tools arm embedded/7 2018-q2-update/bin/../lib/gcc/arm-none-eabi/7.3.1/../../../../arm-none-eabi/lib/thumb/v7e-m/fpv4-sp/hard\libc_nano.a(lib_a-locale.o)
                0x00034a04                __locale_ctype_ptr
 .text.__ascii_mbtowc
                0x00034a20       0x24 c:/program files (x86)/gnu tools arm embedded/7 2018-q2-update/bin/../lib/gcc/arm-none-eabi/7.3.1/../../../../arm-none-eabi/lib/thumb/v7e-m/fpv4-sp/hard\libc_nano.a(lib_a-mbtowc_r.o)
                0x00034a20                __ascii_mbtowc
 .text.memcpy   0x00034a44       0x16 c:/program files (x86)/gnu tools arm embedded/7 2018-q2-update/bin/../lib/gcc/arm-none-eabi/7.3.1/../../../../arm-none-eabi/lib/thumb/v7e-m/fpv4-sp/hard\libc_nano.a(lib_a-memcpy-stub.o)
                0x00034a44                memcpy
 .text.memset   0x00034a5a       0x10 c:/program files (x86)/gnu tools arm embedded/7 2018-q2-update/bin/../lib/gcc/arm-none-eabi/7.3.1/../../../../arm-none-eabi/lib/thumb/v7e-m/fpv4-sp/hard\libc_nano.a(lib_a-memset.o)
                0x00034a5a                memset
 .text          0x00034a6a       0x10 c:/program files (x86)/gnu tools arm embedded/7 2018-q2-update/bin/../lib/gcc/arm-none-eabi/7.3.1/../../../../arm-none-eabi/lib/thumb/v7e-m/fpv4-sp/hard\libc_nano.a(lib_a-strlen.o)
                0x00034a6a                strlen
 .text.__ascii_wctomb
                0x00034a7a       0x1a c:/program files (x86)/gnu tools arm embedded/7 2018-q2-update/bin/../lib/gcc/arm-none-eabi/7.3.1/../../../../arm-none-eabi/lib/thumb/v7e-m/fpv4-sp/hard\libc_nano.a(lib_a-wctomb_r.o)
                0x00034a7a                __ascii_wctomb
 .text._exit    0x00034a94        0x4 c:/program files (x86)/gnu tools arm embedded/7 2018-q2-update/bin/../lib/gcc/arm-none-eabi/7.3.1/../../../../arm-none-eabi/lib/thumb/v7e-m/fpv4-sp/hard\libnosys.a(_exit.o)
                0x00034a94                _exit
 *(.init)
 .init          0x00034a98        0x4 c:/program files (x86)/gnu tools arm embedded/7 2018-q2-update/bin/../lib/gcc/arm-none-eabi/7.3.1/thumb/v7e-m/fpv4-sp/hard/crti.o
                0x00034a98                _init
 .init          0x00034a9c        0x8 c:/program files (x86)/gnu tools arm embedded/7 2018-q2-update/bin/../lib/gcc/arm-none-eabi/7.3.1/thumb/v7e-m/fpv4-sp/hard/crtn.o
 *(.fini)
 .fini          0x00034aa4        0x4 c:/program files (x86)/gnu tools arm embedded/7 2018-q2-update/bin/../lib/gcc/arm-none-eabi/7.3.1/thumb/v7e-m/fpv4-sp/hard/crti.o
                0x00034aa4                _fini
 .fini          0x00034aa8        0x8 c:/program files (x86)/gnu tools arm embedded/7 2018-q2-update/bin/../lib/gcc/arm-none-eabi/7.3.1/thumb/v7e-m/fpv4-sp/hard/crtn.o
 *crtbegin.o(.ctors)
 *crtbegin?.o(.ctors)
 *(EXCLUDE_FILE(*crtend.o *crtend?.o) .ctors)
 *(SORT_BY_NAME(.ctors.*))
 *(.ctors)
 *crtbegin.o(.dtors)
 *crtbegin?.o(.dtors)
 *(EXCLUDE_FILE(*crtend.o *crtend?.o) .dtors)
 *(SORT_BY_NAME(.dtors.*))
 *(.dtors)
 *(.rodata*)
 .rodata        0x00034ab0       0x20 _build/nrf52832_xxaa/nrf_log_backend_uart.c.o
 .rodata.nrf_log_backend_uart_api
                0x00034ad0        0xc _build/nrf52832_xxaa/nrf_log_backend_uart.c.o
                0x00034ad0                nrf_log_backend_uart_api
 .rodata.str1.4
                0x00034adc       0x11 _build/nrf52832_xxaa/nrf_log_default_backends.c.o
 *fill*         0x00034aed        0x3 
 .rodata.m_log_push_ringbuf
                0x00034af0        0xc _build/nrf52832_xxaa/nrf_log_frontend.c.o
 .rodata.nrf_log_frontend_dequeue.part.6.str1.4
                0x00034afc       0x11 _build/nrf52832_xxaa/nrf_log_frontend.c.o
 *fill*         0x00034b0d        0x3 
 .rodata.str1.4
                0x00034b10        0x4 _build/nrf52832_xxaa/nrf_log_frontend.c.o
 .rodata.m_colors
                0x00034b14       0x24 _build/nrf52832_xxaa/nrf_log_str_formatter.c.o
 .rodata.nrf_log_hexdump_entry_process.str1.4
                0x00034b38       0x13 _build/nrf52832_xxaa/nrf_log_str_formatter.c.o
                                 0x16 (size before relaxing)
 *fill*         0x00034b4b        0x1 
 .rodata.nrf_log_std_entry_process.str1.4
                0x00034b4c       0x3b _build/nrf52832_xxaa/nrf_log_str_formatter.c.o
 *fill*         0x00034b87        0x1 
 .rodata.severity_names
                0x00034b88       0x14 _build/nrf52832_xxaa/nrf_log_str_formatter.c.o
 .rodata.str1.4
                0x00034b9c       0x4e _build/nrf52832_xxaa/nrf_log_str_formatter.c.o
                                 0x56 (size before relaxing)
 *fill*         0x00034bea        0x2 
 .rodata.m_detection_delay_timer_id
                0x00034bec        0x4 _build/nrf52832_xxaa/app_button.c.o
 .rodata.app_error_fault_handler.str1.4
                0x00034bf0       0x19 _build/nrf52832_xxaa/app_error_weak.c.o
 *fill*         0x00034c09        0x7 
 .rodata.delay_machine_code.8744
                0x00034c10        0x6 _build/nrf52832_xxaa/app_timer.c.o
 *fill*         0x00034c16        0x2 
 .rodata.HardFault_c_handler.str1.4
                0x00034c18      0x136 _build/nrf52832_xxaa/hardfault_implementation.c.o
 *fill*         0x00034d4e        0x2 
 .rodata.cfsr_msgs.8939
                0x00034d50       0x68 _build/nrf52832_xxaa/hardfault_implementation.c.o
 .rodata.str1.4
                0x00034db8      0x4de _build/nrf52832_xxaa/hardfault_implementation.c.o
 *fill*         0x00035296        0x2 
 .rodata._aV2C.7442
                0x00035298       0x10 _build/nrf52832_xxaa/nrf_fprintf_format.c.o
 .rodata.str1.4
                0x000352a8        0x9 _build/nrf52832_xxaa/nrf_pwr_mgmt.c.o
 *fill*         0x000352b1        0x3 
 .rodata.m_unknown_str
                0x000352b4       0x13 _build/nrf52832_xxaa/nrf_strerror.c.o
 *fill*         0x000352c7        0x1 
 .rodata.nrf_strerror_array
                0x000352c8      0x128 _build/nrf52832_xxaa/nrf_strerror.c.o
 .rodata.str1.4
                0x000353f0      0x3e9 _build/nrf52832_xxaa/nrf_strerror.c.o
 *fill*         0x000357d9        0x3 
 .rodata.str1.4
                0x000357dc        0x7 _build/nrf52832_xxaa/nrfx_gpiote.c.o
 *fill*         0x000357e3        0x1 
 .rodata.str1.4
                0x000357e4        0x4 _build/nrf52832_xxaa/nrfx_prs.c.o
 .rodata.str1.4
                0x000357e8        0x5 _build/nrf52832_xxaa/nrfx_uart.c.o
 *fill*         0x000357ed        0x3 
 .rodata.str1.4
                0x000357f0        0x6 _build/nrf52832_xxaa/nrfx_uarte.c.o
 *fill*         0x000357f6        0x2 
 .rodata.m_button_action
                0x000357f8        0x4 _build/nrf52832_xxaa/di2_btn.c.o
 .rodata.m_repeat_action
                0x000357fc        0x4 _build/nrf52832_xxaa/di2_btn.c.o
 .rodata.ant_message_types_master_bsp_evt_handler.str1.4
                0x00035800      0x2a1 _build/nrf52832_xxaa/antDI2Master.c.o
 *fill*         0x00035aa1        0x3 
 .rodata.main.str1.4
                0x00035aa4       0x23 _build/nrf52832_xxaa/main.c.o
 *fill*         0x00035ac7        0x1 
 .rodata        0x00035ac8        0x4 _build/nrf52832_xxaa/nrf_sdh.c.o
 .rodata.nrf_sdh_enable_request.str1.4
                0x00035acc       0x28 _build/nrf52832_xxaa/nrf_sdh.c.o
 .rodata.sdh_req_observers
                0x00035af4        0xc _build/nrf52832_xxaa/nrf_sdh.c.o
 .rodata.sdh_stack_observers
                0x00035b00        0xc _build/nrf52832_xxaa/nrf_sdh.c.o
 .rodata.sdh_state_observers
                0x00035b0c        0xc _build/nrf52832_xxaa/nrf_sdh.c.o
 .rodata.str1.4
                0x00035b18        0x8 _build/nrf52832_xxaa/nrf_sdh.c.o
 .rodata        0x00035b20        0xc _build/nrf52832_xxaa/nrf_sdh_ant.c.o
 .rodata.nrf_sdh_ant_enable.str1.4
                0x00035b2c       0x1d _build/nrf52832_xxaa/nrf_sdh_ant.c.o
 *fill*         0x00035b49        0x3 
 .rodata.sdh_ant_observers
                0x00035b4c        0xc _build/nrf52832_xxaa/nrf_sdh_ant.c.o
 .rodata.str1.4
                0x00035b58        0xc _build/nrf52832_xxaa/nrf_sdh_ant.c.o
 .rodata._global_impure_ptr
                0x00035b64        0x4 c:/program files (x86)/gnu tools arm embedded/7 2018-q2-update/bin/../lib/gcc/arm-none-eabi/7.3.1/../../../../arm-none-eabi/lib/thumb/v7e-m/fpv4-sp/hard\libc_nano.a(lib_a-impure.o)
                0x00035b64                _global_impure_ptr
 .rodata._setlocale_r.str1.1
                0x00035b68        0x8 c:/program files (x86)/gnu tools arm embedded/7 2018-q2-update/bin/../lib/gcc/arm-none-eabi/7.3.1/../../../../arm-none-eabi/lib/thumb/v7e-m/fpv4-sp/hard\libc_nano.a(lib_a-locale.o)
                                  0x9 (size before relaxing)
 .rodata.str1.1
                0x00035b70        0x2 c:/program files (x86)/gnu tools arm embedded/7 2018-q2-update/bin/../lib/gcc/arm-none-eabi/7.3.1/../../../../arm-none-eabi/lib/thumb/v7e-m/fpv4-sp/hard\libc_nano.a(lib_a-locale.o)
 .rodata._ctype_
                0x00035b72      0x101 c:/program files (x86)/gnu tools arm embedded/7 2018-q2-update/bin/../lib/gcc/arm-none-eabi/7.3.1/../../../../arm-none-eabi/lib/thumb/v7e-m/fpv4-sp/hard\libc_nano.a(lib_a-ctype_.o)
                0x00035b72                _ctype_
 *(.eh_frame*)
 *fill*         0x00035c73        0x1 
 .eh_frame      0x00035c74        0x0 c:/program files (x86)/gnu tools arm embedded/7 2018-q2-update/bin/../lib/gcc/arm-none-eabi/7.3.1/thumb/v7e-m/fpv4-sp/hard/crtbegin.o
 .eh_frame      0x00035c74        0x4 c:/program files (x86)/gnu tools arm embedded/7 2018-q2-update/bin/../lib/gcc/arm-none-eabi/7.3.1/thumb/v7e-m/fpv4-sp/hard/crtend.o

.glue_7         0x00035c78        0x0
 .glue_7        0x00035c78        0x0 linker stubs

.glue_7t        0x00035c78        0x0
 .glue_7t       0x00035c78        0x0 linker stubs

.vfp11_veneer   0x00035c78        0x0
 .vfp11_veneer  0x00035c78        0x0 linker stubs

.v4_bx          0x00035c78        0x0
 .v4_bx         0x00035c78        0x0 linker stubs

.iplt           0x00035c78        0x0
 .iplt          0x00035c78        0x0 c:/program files (x86)/gnu tools arm embedded/7 2018-q2-update/bin/../lib/gcc/arm-none-eabi/7.3.1/thumb/v7e-m/fpv4-sp/hard/crtbegin.o

.mem_section_dummy_rom

.sdh_ant_observers
                0x00035c78        0x8
                0x00035c78                PROVIDE (__start_sdh_ant_observers = .)
 *(SORT_BY_NAME(.sdh_ant_observers*))
 .sdh_ant_observers1
                0x00035c78        0x8 _build/nrf52832_xxaa/antDI2Master.c.o
                0x00035c80                PROVIDE (__stop_sdh_ant_observers = .)

.pwr_mgmt_data  0x00035c80        0x0
                0x00035c80                PROVIDE (__start_pwr_mgmt_data = .)
 *(SORT_BY_NAME(.pwr_mgmt_data*))
                0x00035c80                PROVIDE (__stop_pwr_mgmt_data = .)

.log_const_data
                0x00035c80       0x48
                0x00035c80                PROVIDE (__start_log_const_data = .)
 *(SORT_BY_NAME(.log_const_data*))
 .log_const_data_GPIOTE
                0x00035c80        0x8 _build/nrf52832_xxaa/nrfx_gpiote.c.o
                0x00035c80                m_nrf_log_GPIOTE_logs_data_const
 .log_const_data_PRS
                0x00035c88        0x8 _build/nrf52832_xxaa/nrfx_prs.c.o
                0x00035c88                m_nrf_log_PRS_logs_data_const
 .log_const_data_UART
                0x00035c90        0x8 _build/nrf52832_xxaa/nrfx_uart.c.o
                0x00035c90                m_nrf_log_UART_logs_data_const
 .log_const_data_UARTE
                0x00035c98        0x8 _build/nrf52832_xxaa/nrfx_uarte.c.o
                0x00035c98                m_nrf_log_UARTE_logs_data_const
 .log_const_data_app
                0x00035ca0        0x8 _build/nrf52832_xxaa/nrf_log_frontend.c.o
                0x00035ca0                m_nrf_log_app_logs_data_const
 .log_const_data_hardfault
                0x00035ca8        0x8 _build/nrf52832_xxaa/hardfault_implementation.c.o
                0x00035ca8                m_nrf_log_hardfault_logs_data_const
 .log_const_data_nrf_sdh
                0x00035cb0        0x8 _build/nrf52832_xxaa/nrf_sdh.c.o
                0x00035cb0                m_nrf_log_nrf_sdh_logs_data_const
 .log_const_data_nrf_sdh_ant
                0x00035cb8        0x8 _build/nrf52832_xxaa/nrf_sdh_ant.c.o
                0x00035cb8                m_nrf_log_nrf_sdh_ant_logs_data_const
 .log_const_data_pwr_mgmt
                0x00035cc0        0x8 _build/nrf52832_xxaa/nrf_pwr_mgmt.c.o
                0x00035cc0                m_nrf_log_pwr_mgmt_logs_data_const
                0x00035cc8                PROVIDE (__stop_log_const_data = .)

.sdh_stack_observers
                0x00035cc8        0x8
                0x00035cc8                PROVIDE (__start_sdh_stack_observers = .)
 *(SORT_BY_NAME(.sdh_stack_observers*))
 .sdh_stack_observers0
                0x00035cc8        0x8 _build/nrf52832_xxaa/nrf_sdh_ant.c.o
                0x00035cd0                PROVIDE (__stop_sdh_stack_observers = .)

.sdh_req_observers
                0x00035cd0        0x0
                0x00035cd0                PROVIDE (__start_sdh_req_observers = .)
 *(SORT_BY_NAME(.sdh_req_observers*))
                0x00035cd0                PROVIDE (__stop_sdh_req_observers = .)

.sdh_state_observers
                0x00035cd0        0x0
                0x00035cd0                PROVIDE (__start_sdh_state_observers = .)
 *(SORT_BY_NAME(.sdh_state_observers*))
                0x00035cd0                PROVIDE (__stop_sdh_state_observers = .)

.log_backends   0x00035cd0       0x10
                [!provide]                PROVIDE (__start_log_backends = .)
 *(SORT_BY_NAME(.log_backends*))
 .log_backends  0x00035cd0       0x10 _build/nrf52832_xxaa/nrf_log_default_backends.c.o
                [!provide]                PROVIDE (__stop_log_backends = .)

.nrf_balloc     0x00035ce0       0x14
                [!provide]                PROVIDE (__start_nrf_balloc = .)
 *(.nrf_balloc)
 .nrf_balloc    0x00035ce0       0x14 _build/nrf52832_xxaa/nrf_log_frontend.c.o
                0x00035ce0                log_mempool
                [!provide]                PROVIDE (__stop_nrf_balloc = .)

.ARM.extab
 *(.ARM.extab* .gnu.linkonce.armextab.*)
                0x00035cf4                __exidx_start = .

.ARM.exidx      0x00035cf4        0x8
 *(.ARM.exidx* .gnu.linkonce.armexidx.*)
 .ARM.exidx     0x00035cf4        0x8 c:/program files (x86)/gnu tools arm embedded/7 2018-q2-update/bin/../lib/gcc/arm-none-eabi/7.3.1/../../../../arm-none-eabi/lib/thumb/v7e-m/fpv4-sp/hard/crt0.o
                0x00035cfc                __exidx_end = .
                0x00035cfc                __etext = .

.rel.dyn        0x00035cfc        0x0
 .rel.iplt      0x00035cfc        0x0 c:/program files (x86)/gnu tools arm embedded/7 2018-q2-update/bin/../lib/gcc/arm-none-eabi/7.3.1/thumb/v7e-m/fpv4-sp/hard/crtbegin.o

.data           0x20002838      0x214 load address 0x00035cfc
                0x20002838                __data_start__ = .
 *(vtable)
 *(.data*)
 .data.m_uart   0x20002838       0x14 _build/nrf52832_xxaa/nrf_log_backend_uart.c.o
                0x20002838                m_uart
 .data.log_backend_cb_uart_log_backend
                0x2000284c        0x8 _build/nrf52832_xxaa/nrf_log_default_backends.c.o
 .data.button_cfg
                0x20002854       0x10 _build/nrf52832_xxaa/di2_btn.c.o
 .data.m_counter
                0x20002864        0x1 _build/nrf52832_xxaa/antDI2Master.c.o
 *fill*         0x20002865        0x3 
 .data.m_di2_network_key
                0x20002868        0x8 _build/nrf52832_xxaa/antDI2Master.c.o
 .data.SystemCoreClock
                0x20002870        0x4 _build/nrf52832_xxaa/system_nrf52.c.o
                0x20002870                SystemCoreClock
 .data._impure_ptr
                0x20002874        0x4 c:/program files (x86)/gnu tools arm embedded/7 2018-q2-update/bin/../lib/gcc/arm-none-eabi/7.3.1/../../../../arm-none-eabi/lib/thumb/v7e-m/fpv4-sp/hard\libc_nano.a(lib_a-impure.o)
                0x20002874                _impure_ptr
 .data.impure_data
                0x20002878       0x60 c:/program files (x86)/gnu tools arm embedded/7 2018-q2-update/bin/../lib/gcc/arm-none-eabi/7.3.1/../../../../arm-none-eabi/lib/thumb/v7e-m/fpv4-sp/hard\libc_nano.a(lib_a-impure.o)
 .data.__global_locale
                0x200028d8      0x16c c:/program files (x86)/gnu tools arm embedded/7 2018-q2-update/bin/../lib/gcc/arm-none-eabi/7.3.1/../../../../arm-none-eabi/lib/thumb/v7e-m/fpv4-sp/hard\libc_nano.a(lib_a-locale.o)
                0x200028d8                __global_locale
                0x20002a44                . = ALIGN (0x4)
                0x20002a44                PROVIDE (__preinit_array_start = .)
 *(.preinit_array)
                0x20002a44                PROVIDE (__preinit_array_end = .)
                0x20002a44                . = ALIGN (0x4)
                0x20002a44                PROVIDE (__init_array_start = .)
 *(SORT_BY_NAME(.init_array.*))
 *(.init_array)
 .init_array    0x20002a44        0x4 c:/program files (x86)/gnu tools arm embedded/7 2018-q2-update/bin/../lib/gcc/arm-none-eabi/7.3.1/thumb/v7e-m/fpv4-sp/hard/crtbegin.o
                0x20002a48                PROVIDE (__init_array_end = .)
                0x20002a48                . = ALIGN (0x4)
                [!provide]                PROVIDE (__fini_array_start = .)
 *(SORT_BY_NAME(.fini_array.*))
 *(.fini_array)
 .fini_array    0x20002a48        0x4 c:/program files (x86)/gnu tools arm embedded/7 2018-q2-update/bin/../lib/gcc/arm-none-eabi/7.3.1/thumb/v7e-m/fpv4-sp/hard/crtbegin.o
                [!provide]                PROVIDE (__fini_array_end = .)
 *(.jcr*)
                0x20002a4c                . = ALIGN (0x4)
                0x20002a4c                __data_end__ = .
LOAD c:/program files (x86)/gnu tools arm embedded/7 2018-q2-update/bin/../lib/gcc/arm-none-eabi/7.3.1/thumb/v7e-m/fpv4-sp/hard/crti.o
LOAD c:/program files (x86)/gnu tools arm embedded/7 2018-q2-update/bin/../lib/gcc/arm-none-eabi/7.3.1/thumb/v7e-m/fpv4-sp/hard/crtbegin.o
LOAD c:/program files (x86)/gnu tools arm embedded/7 2018-q2-update/bin/../lib/gcc/arm-none-eabi/7.3.1/../../../../arm-none-eabi/lib/thumb/v7e-m/fpv4-sp/hard/crt0.o
LOAD _build/nrf52832_xxaa/gcc_startup_nrf52.S.o
LOAD _build/nrf52832_xxaa/nrf_log_backend_rtt.c.o
LOAD _build/nrf52832_xxaa/nrf_log_backend_serial.c.o
LOAD _build/nrf52832_xxaa/nrf_log_backend_uart.c.o
LOAD _build/nrf52832_xxaa/nrf_log_default_backends.c.o
LOAD _build/nrf52832_xxaa/nrf_log_frontend.c.o
LOAD _build/nrf52832_xxaa/nrf_log_str_formatter.c.o
LOAD _build/nrf52832_xxaa/boards.c.o
LOAD _build/nrf52832_xxaa/app_button.c.o
LOAD _build/nrf52832_xxaa/app_error.c.o
LOAD _build/nrf52832_xxaa/app_error_handler_gcc.c.o
LOAD _build/nrf52832_xxaa/app_error_weak.c.o
LOAD _build/nrf52832_xxaa/app_scheduler.c.o
LOAD _build/nrf52832_xxaa/app_timer.c.o
LOAD _build/nrf52832_xxaa/app_util_platform.c.o
LOAD _build/nrf52832_xxaa/hardfault_handler_gcc.c.o
LOAD _build/nrf52832_xxaa/hardfault_implementation.c.o
LOAD _build/nrf52832_xxaa/nrf_assert.c.o
LOAD _build/nrf52832_xxaa/nrf_atomic.c.o
LOAD _build/nrf52832_xxaa/nrf_balloc.c.o
LOAD _build/nrf52832_xxaa/nrf_fprintf.c.o
LOAD _build/nrf52832_xxaa/nrf_fprintf_format.c.o
LOAD _build/nrf52832_xxaa/nrf_memobj.c.o
LOAD _build/nrf52832_xxaa/nrf_pwr_mgmt.c.o
LOAD _build/nrf52832_xxaa/nrf_ringbuf.c.o
LOAD _build/nrf52832_xxaa/nrf_section_iter.c.o
LOAD _build/nrf52832_xxaa/nrf_strerror.c.o
LOAD _build/nrf52832_xxaa/nrf_drv_uart.c.o
LOAD _build/nrf52832_xxaa/nrfx_gpiote.c.o
LOAD _build/nrf52832_xxaa/nrfx_prs.c.o
LOAD _build/nrf52832_xxaa/nrfx_uart.c.o
LOAD _build/nrf52832_xxaa/nrfx_uarte.c.o
LOAD _build/nrf52832_xxaa/ant_channel_config.c.o
LOAD _build/nrf52832_xxaa/bsp.c.o
LOAD _build/nrf52832_xxaa/di2_btn.c.o
LOAD _build/nrf52832_xxaa/antDI2Master.c.o
LOAD _build/nrf52832_xxaa/main.c.o
LOAD _build/nrf52832_xxaa/SEGGER_RTT.c.o
LOAD _build/nrf52832_xxaa/SEGGER_RTT_Syscalls_GCC.c.o
LOAD _build/nrf52832_xxaa/SEGGER_RTT_printf.c.o
LOAD _build/nrf52832_xxaa/system_nrf52.c.o
LOAD _build/nrf52832_xxaa/nrf_sdh.c.o
LOAD _build/nrf52832_xxaa/nrf_sdh_ant.c.o
LOAD c:/program files (x86)/gnu tools arm embedded/7 2018-q2-update/bin/../lib/gcc/arm-none-eabi/7.3.1/../../../../arm-none-eabi/lib/thumb/v7e-m/fpv4-sp/hard\libc_nano.a
LOAD c:/program files (x86)/gnu tools arm embedded/7 2018-q2-update/bin/../lib/gcc/arm-none-eabi/7.3.1/../../../../arm-none-eabi/lib/thumb/v7e-m/fpv4-sp/hard\libnosys.a
LOAD c:/program files (x86)/gnu tools arm embedded/7 2018-q2-update/bin/../lib/gcc/arm-none-eabi/7.3.1/../../../../arm-none-eabi/lib/thumb/v7e-m/fpv4-sp/hard\libm.a
START GROUP
LOAD c:/program files (x86)/gnu tools arm embedded/7 2018-q2-update/bin/../lib/gcc/arm-none-eabi/7.3.1/thumb/v7e-m/fpv4-sp/hard\libgcc.a
LOAD c:/program files (x86)/gnu tools arm embedded/7 2018-q2-update/bin/../lib/gcc/arm-none-eabi/7.3.1/../../../../arm-none-eabi/lib/thumb/v7e-m/fpv4-sp/hard\libg_nano.a
LOAD c:/program files (x86)/gnu tools arm embedded/7 2018-q2-update/bin/../lib/gcc/arm-none-eabi/7.3.1/../../../../arm-none-eabi/lib/thumb/v7e-m/fpv4-sp/hard\libc_nano.a
END GROUP
START GROUP
LOAD c:/program files (x86)/gnu tools arm embedded/7 2018-q2-update/bin/../lib/gcc/arm-none-eabi/7.3.1/thumb/v7e-m/fpv4-sp/hard\libgcc.a
LOAD c:/program files (x86)/gnu tools arm embedded/7 2018-q2-update/bin/../lib/gcc/arm-none-eabi/7.3.1/../../../../arm-none-eabi/lib/thumb/v7e-m/fpv4-sp/hard\libc_nano.a
END GROUP
LOAD c:/program files (x86)/gnu tools arm embedded/7 2018-q2-update/bin/../lib/gcc/arm-none-eabi/7.3.1/thumb/v7e-m/fpv4-sp/hard/crtend.o
LOAD c:/program files (x86)/gnu tools arm embedded/7 2018-q2-update/bin/../lib/gcc/arm-none-eabi/7.3.1/thumb/v7e-m/fpv4-sp/hard/crtn.o
START GROUP
LOAD c:/program files (x86)/gnu tools arm embedded/7 2018-q2-update/bin/../lib/gcc/arm-none-eabi/7.3.1/thumb/v7e-m/fpv4-sp/hard\libgcc.a
LOAD c:/program files (x86)/gnu tools arm embedded/7 2018-q2-update/bin/../lib/gcc/arm-none-eabi/7.3.1/../../../../arm-none-eabi/lib/thumb/v7e-m/fpv4-sp/hard\libc.a
LOAD c:/program files (x86)/gnu tools arm embedded/7 2018-q2-update/bin/../lib/gcc/arm-none-eabi/7.3.1/../../../../arm-none-eabi/lib/thumb/v7e-m/fpv4-sp/hard\libnosys.a
END GROUP

.igot.plt       0x20002a4c        0x0 load address 0x00035f10
 .igot.plt      0x20002a4c        0x0 c:/program files (x86)/gnu tools arm embedded/7 2018-q2-update/bin/../lib/gcc/arm-none-eabi/7.3.1/thumb/v7e-m/fpv4-sp/hard/crtbegin.o
                0x20002a4c                . = ALIGN (0x4)

.mem_section_dummy_ram

.log_dynamic_data
                0x20002a4c        0x0
                0x20002a4c                PROVIDE (__start_log_dynamic_data = .)
 *(SORT_BY_NAME(.log_dynamic_data*))
                [!provide]                PROVIDE (__stop_log_dynamic_data = .)

.log_filter_data
                0x20002a4c        0x0
                [!provide]                PROVIDE (__start_log_filter_data = .)
 *(SORT_BY_NAME(.log_filter_data*))
                [!provide]                PROVIDE (__stop_log_filter_data = .)

.bss            0x20002a50      0x930 load address 0x00035f18
                0x20002a50                . = ALIGN (0x4)
                0x20002a50                __bss_start__ = .
 *(.bss*)
 .bss           0x20002a50       0x1c c:/program files (x86)/gnu tools arm embedded/7 2018-q2-update/bin/../lib/gcc/arm-none-eabi/7.3.1/thumb/v7e-m/fpv4-sp/hard/crtbegin.o
 .bss.m_async_mode
                0x20002a6c        0x1 _build/nrf52832_xxaa/nrf_log_backend_uart.c.o
 *fill*         0x20002a6d        0x3 
 .bss.m_string_buff
                0x20002a70       0x40 _build/nrf52832_xxaa/nrf_log_backend_uart.c.o
 .bss.m_xfer_done
                0x20002ab0        0x1 _build/nrf52832_xxaa/nrf_log_backend_uart.c.o
 *fill*         0x20002ab1        0x3 
 .bss.log_mempool_nrf_balloc_cb
                0x20002ab4        0x8 _build/nrf52832_xxaa/nrf_log_frontend.c.o
 .bss.log_mempool_nrf_balloc_pool_mem
                0x20002abc       0xc0 _build/nrf52832_xxaa/nrf_log_frontend.c.o
 .bss.log_mempool_nrf_balloc_pool_stack
                0x20002b7c        0x8 _build/nrf52832_xxaa/nrf_log_frontend.c.o
 .bss.m_log_data
                0x20002b84      0x424 _build/nrf52832_xxaa/nrf_log_frontend.c.o
 .bss.m_log_push_ringbuf_buf
                0x20002fa8       0x80 _build/nrf52832_xxaa/nrf_log_frontend.c.o
 .bss.m_log_push_ringbuf_cb
                0x20003028       0x18 _build/nrf52832_xxaa/nrf_log_frontend.c.o
 .bss.m_button_count
                0x20003040        0x1 _build/nrf52832_xxaa/app_button.c.o
 *fill*         0x20003041        0x3 
 .bss.m_detection_delay
                0x20003044        0x4 _build/nrf52832_xxaa/app_button.c.o
 .bss.m_detection_delay_timer_id_data
                0x20003048       0x20 _build/nrf52832_xxaa/app_button.c.o
 .bss.m_pin_state
                0x20003068        0x8 _build/nrf52832_xxaa/app_button.c.o
 .bss.m_pin_transition
                0x20003070        0x8 _build/nrf52832_xxaa/app_button.c.o
 .bss.mp_buttons
                0x20003078        0x4 _build/nrf52832_xxaa/app_button.c.o
 .bss.m_op_queue
                0x2000307c      0x10c _build/nrf52832_xxaa/app_timer.c.o
 .bss.m_rtc1_reset
                0x20003188        0x1 _build/nrf52832_xxaa/app_timer.c.o
 .bss.m_rtc1_running
                0x20003189        0x1 _build/nrf52832_xxaa/app_timer.c.o
 *fill*         0x2000318a        0x2 
 .bss.m_ticks_elapsed
                0x2000318c        0x8 _build/nrf52832_xxaa/app_timer.c.o
 .bss.m_ticks_elapsed_q_read_ind
                0x20003194        0x1 _build/nrf52832_xxaa/app_timer.c.o
 .bss.m_ticks_elapsed_q_write_ind
                0x20003195        0x1 _build/nrf52832_xxaa/app_timer.c.o
 *fill*         0x20003196        0x2 
 .bss.m_ticks_latest
                0x20003198        0x4 _build/nrf52832_xxaa/app_timer.c.o
 .bss.mp_timer_id_head
                0x2000319c        0x4 _build/nrf52832_xxaa/app_timer.c.o
 .bss.m_contexts
                0x200031a0        0x4 _build/nrf52832_xxaa/nrf_drv_uart.c.o
 .bss.m_handlers
                0x200031a4        0x4 _build/nrf52832_xxaa/nrf_drv_uart.c.o
 .bss.m_cb      0x200031a8       0x5c _build/nrf52832_xxaa/nrfx_gpiote.c.o
 .bss.m_prs_box_4
                0x20003204        0x8 _build/nrf52832_xxaa/nrfx_prs.c.o
 .bss.m_cb      0x2000320c       0x2c _build/nrf52832_xxaa/nrfx_uart.c.o
 .bss.m_cb      0x20003238       0x24 _build/nrf52832_xxaa/nrfx_uarte.c.o
 .bss.btn_1_press_count
                0x2000325c        0x1 _build/nrf52832_xxaa/di2_btn.c.o
 .bss.btn_2_press_count
                0x2000325d        0x1 _build/nrf52832_xxaa/di2_btn.c.o
 *fill*         0x2000325e        0x2 
 .bss.cnt_l     0x20003260        0x4 _build/nrf52832_xxaa/di2_btn.c.o
 .bss.cnt_r     0x20003264        0x4 _build/nrf52832_xxaa/di2_btn.c.o
 .bss.long_press_active_left
                0x20003268        0x1 _build/nrf52832_xxaa/di2_btn.c.o
 .bss.long_press_active_right
                0x20003269        0x1 _build/nrf52832_xxaa/di2_btn.c.o
 *fill*         0x2000326a        0x2 
 .bss.m_button_action_data
                0x2000326c       0x20 _build/nrf52832_xxaa/di2_btn.c.o
 .bss.m_registered_callback
                0x2000328c        0x4 _build/nrf52832_xxaa/di2_btn.c.o
 .bss.m_repeat_action_data
                0x20003290       0x20 _build/nrf52832_xxaa/di2_btn.c.o
 .bss.button_page_data
                0x200032b0        0x4 _build/nrf52832_xxaa/antDI2Master.c.o
 .bss.button_press
                0x200032b4        0x1 _build/nrf52832_xxaa/antDI2Master.c.o
 *fill*         0x200032b5        0x3 
 .bss.m_burst_data
                0x200032b8       0x20 _build/nrf52832_xxaa/antDI2Master.c.o
 .bss.m_tx_buffer
                0x200032d8        0x8 _build/nrf52832_xxaa/antDI2Master.c.o
 .bss.main_page_data
                0x200032e0        0x4 _build/nrf52832_xxaa/antDI2Master.c.o
 .bss.system_setup_page_data
                0x200032e4        0x2 _build/nrf52832_xxaa/antDI2Master.c.o
 .bss.m_nrf_sdh_continue
                0x200032e6        0x1 _build/nrf52832_xxaa/nrf_sdh.c.o
 .bss.m_nrf_sdh_enabled
                0x200032e7        0x1 _build/nrf52832_xxaa/nrf_sdh.c.o
 .bss.m_nrf_sdh_suspended
                0x200032e8        0x1 _build/nrf52832_xxaa/nrf_sdh.c.o
 *fill*         0x200032e9        0x3 
 .bss.m_ant_stack_buffer
                0x200032ec       0x80 _build/nrf52832_xxaa/nrf_sdh_ant.c.o
 .bss.m_stack_is_enabled
                0x2000336c        0x1 _build/nrf52832_xxaa/nrf_sdh_ant.c.o
 *(COMMON)
 *fill*         0x2000336d        0x3 
 COMMON         0x20003370        0xc _build/nrf52832_xxaa/app_util_platform.c.o
                0x20003370                nrf_nvic_state
 COMMON         0x2000337c        0x1 _build/nrf52832_xxaa/nrf_drv_uart.c.o
                0x2000337c                nrf_drv_uart_use_easy_dma
 COMMON         0x2000337d        0x1 _build/nrf52832_xxaa/antDI2Master.c.o
                0x2000337d                state_message_types
                0x20003380                . = ALIGN (0x4)
 *fill*         0x2000337e        0x2 
                0x20003380                __bss_end__ = .

.heap           0x20003380     0x2000
                0x20003380                __HeapBase = .
                0x20003380                __end__ = .
                [!provide]                PROVIDE (end = .)
 *(.heap*)
 .heap          0x20003380     0x2000 _build/nrf52832_xxaa/gcc_startup_nrf52.S.o
                0x20005380                __HeapLimit = .

.stack_dummy    0x20003380     0x2000
 *(.stack*)
 .stack         0x20003380     0x2000 _build/nrf52832_xxaa/gcc_startup_nrf52.S.o
                0x20010000                __StackTop = (ORIGIN (RAM) + LENGTH (RAM))
                0x2000e000                __StackLimit = (__StackTop - SIZEOF (.stack_dummy))
                0x20010000                PROVIDE (__stack = __StackTop)
                0x00000001                ASSERT ((__StackLimit >= __HeapLimit), region RAM overflowed with stack)
                0x00000218                DataInitFlashUsed = (__bss_start__ - __data_start__)
                0x00005cfc                CodeFlashUsed = (__etext - ORIGIN (FLASH))
                0x00005f14                TotalFlashUsed = (CodeFlashUsed + DataInitFlashUsed)
                0x00000001                ASSERT ((TotalFlashUsed <= LENGTH (FLASH)), region FLASH overflowed with .data and user data)
OUTPUT(_build/nrf52832_xxaa.out elf32-littlearm)

.ARM.attributes
                0x00000000       0x30
 .ARM.attributes
                0x00000000       0x22 c:/program files (x86)/gnu tools arm embedded/7 2018-q2-update/bin/../lib/gcc/arm-none-eabi/7.3.1/thumb/v7e-m/fpv4-sp/hard/crti.o
 .ARM.attributes
                0x00000022       0x34 c:/program files (x86)/gnu tools arm embedded/7 2018-q2-update/bin/../lib/gcc/arm-none-eabi/7.3.1/thumb/v7e-m/fpv4-sp/hard/crtbegin.o
 .ARM.attributes
                0x00000056       0x20 c:/program files (x86)/gnu tools arm embedded/7 2018-q2-update/bin/../lib/gcc/arm-none-eabi/7.3.1/../../../../arm-none-eabi/lib/thumb/v7e-m/fpv4-sp/hard/crt0.o
 .ARM.attributes
                0x00000076       0x20 _build/nrf52832_xxaa/gcc_startup_nrf52.S.o
 .ARM.attributes
                0x00000096       0x39 _build/nrf52832_xxaa/nrf_log_backend_serial.c.o
 .ARM.attributes
                0x000000cf       0x39 _build/nrf52832_xxaa/nrf_log_backend_uart.c.o
 .ARM.attributes
                0x00000108       0x39 _build/nrf52832_xxaa/nrf_log_default_backends.c.o
 .ARM.attributes
                0x00000141       0x39 _build/nrf52832_xxaa/nrf_log_frontend.c.o
 .ARM.attributes
                0x0000017a       0x39 _build/nrf52832_xxaa/nrf_log_str_formatter.c.o
 .ARM.attributes
                0x000001b3       0x39 _build/nrf52832_xxaa/boards.c.o
 .ARM.attributes
                0x000001ec       0x39 _build/nrf52832_xxaa/app_button.c.o
 .ARM.attributes
                0x00000225       0x39 _build/nrf52832_xxaa/app_error.c.o
 .ARM.attributes
                0x0000025e       0x39 _build/nrf52832_xxaa/app_error_weak.c.o
 .ARM.attributes
                0x00000297       0x39 _build/nrf52832_xxaa/app_timer.c.o
 .ARM.attributes
                0x000002d0       0x39 _build/nrf52832_xxaa/app_util_platform.c.o
 .ARM.attributes
                0x00000309       0x39 _build/nrf52832_xxaa/hardfault_handler_gcc.c.o
 .ARM.attributes
                0x00000342       0x39 _build/nrf52832_xxaa/hardfault_implementation.c.o
 .ARM.attributes
                0x0000037b       0x39 _build/nrf52832_xxaa/nrf_atomic.c.o
 .ARM.attributes
                0x000003b4       0x39 _build/nrf52832_xxaa/nrf_balloc.c.o
 .ARM.attributes
                0x000003ed       0x39 _build/nrf52832_xxaa/nrf_fprintf.c.o
 .ARM.attributes
                0x00000426       0x39 _build/nrf52832_xxaa/nrf_fprintf_format.c.o
 .ARM.attributes
                0x0000045f       0x39 _build/nrf52832_xxaa/nrf_memobj.c.o
 .ARM.attributes
                0x00000498       0x39 _build/nrf52832_xxaa/nrf_pwr_mgmt.c.o
 .ARM.attributes
                0x000004d1       0x39 _build/nrf52832_xxaa/nrf_ringbuf.c.o
 .ARM.attributes
                0x0000050a       0x39 _build/nrf52832_xxaa/nrf_section_iter.c.o
 .ARM.attributes
                0x00000543       0x39 _build/nrf52832_xxaa/nrf_strerror.c.o
 .ARM.attributes
                0x0000057c       0x39 _build/nrf52832_xxaa/nrf_drv_uart.c.o
 .ARM.attributes
                0x000005b5       0x39 _build/nrf52832_xxaa/nrfx_gpiote.c.o
 .ARM.attributes
                0x000005ee       0x39 _build/nrf52832_xxaa/nrfx_prs.c.o
 .ARM.attributes
                0x00000627       0x39 _build/nrf52832_xxaa/nrfx_uart.c.o
 .ARM.attributes
                0x00000660       0x39 _build/nrf52832_xxaa/nrfx_uarte.c.o
 .ARM.attributes
                0x00000699       0x39 _build/nrf52832_xxaa/ant_channel_config.c.o
 .ARM.attributes
                0x000006d2       0x39 _build/nrf52832_xxaa/di2_btn.c.o
 .ARM.attributes
                0x0000070b       0x39 _build/nrf52832_xxaa/antDI2Master.c.o
 .ARM.attributes
                0x00000744       0x39 _build/nrf52832_xxaa/main.c.o
 .ARM.attributes
                0x0000077d       0x39 _build/nrf52832_xxaa/system_nrf52.c.o
 .ARM.attributes
                0x000007b6       0x39 _build/nrf52832_xxaa/nrf_sdh.c.o
 .ARM.attributes
                0x000007ef       0x39 _build/nrf52832_xxaa/nrf_sdh_ant.c.o
 .ARM.attributes
                0x00000828       0x34 c:/program files (x86)/gnu tools arm embedded/7 2018-q2-update/bin/../lib/gcc/arm-none-eabi/7.3.1/../../../../arm-none-eabi/lib/thumb/v7e-m/fpv4-sp/hard\libc_nano.a(lib_a-exit.o)
 .ARM.attributes
                0x0000085c       0x34 c:/program files (x86)/gnu tools arm embedded/7 2018-q2-update/bin/../lib/gcc/arm-none-eabi/7.3.1/../../../../arm-none-eabi/lib/thumb/v7e-m/fpv4-sp/hard\libc_nano.a(lib_a-impure.o)
 .ARM.attributes
                0x00000890       0x34 c:/program files (x86)/gnu tools arm embedded/7 2018-q2-update/bin/../lib/gcc/arm-none-eabi/7.3.1/../../../../arm-none-eabi/lib/thumb/v7e-m/fpv4-sp/hard\libc_nano.a(lib_a-init.o)
 .ARM.attributes
                0x000008c4       0x34 c:/program files (x86)/gnu tools arm embedded/7 2018-q2-update/bin/../lib/gcc/arm-none-eabi/7.3.1/../../../../arm-none-eabi/lib/thumb/v7e-m/fpv4-sp/hard\libc_nano.a(lib_a-locale.o)
 .ARM.attributes
                0x000008f8       0x34 c:/program files (x86)/gnu tools arm embedded/7 2018-q2-update/bin/../lib/gcc/arm-none-eabi/7.3.1/../../../../arm-none-eabi/lib/thumb/v7e-m/fpv4-sp/hard\libc_nano.a(lib_a-mbtowc_r.o)
 .ARM.attributes
                0x0000092c       0x34 c:/program files (x86)/gnu tools arm embedded/7 2018-q2-update/bin/../lib/gcc/arm-none-eabi/7.3.1/../../../../arm-none-eabi/lib/thumb/v7e-m/fpv4-sp/hard\libc_nano.a(lib_a-memcpy-stub.o)
 .ARM.attributes
                0x00000960       0x34 c:/program files (x86)/gnu tools arm embedded/7 2018-q2-update/bin/../lib/gcc/arm-none-eabi/7.3.1/../../../../arm-none-eabi/lib/thumb/v7e-m/fpv4-sp/hard\libc_nano.a(lib_a-memset.o)
 .ARM.attributes
                0x00000994       0x1b c:/program files (x86)/gnu tools arm embedded/7 2018-q2-update/bin/../lib/gcc/arm-none-eabi/7.3.1/../../../../arm-none-eabi/lib/thumb/v7e-m/fpv4-sp/hard\libc_nano.a(lib_a-strlen.o)
 .ARM.attributes
                0x000009af       0x34 c:/program files (x86)/gnu tools arm embedded/7 2018-q2-update/bin/../lib/gcc/arm-none-eabi/7.3.1/../../../../arm-none-eabi/lib/thumb/v7e-m/fpv4-sp/hard\libc_nano.a(lib_a-wctomb_r.o)
 .ARM.attributes
                0x000009e3       0x34 c:/program files (x86)/gnu tools arm embedded/7 2018-q2-update/bin/../lib/gcc/arm-none-eabi/7.3.1/../../../../arm-none-eabi/lib/thumb/v7e-m/fpv4-sp/hard\libc_nano.a(lib_a-ctype_.o)
 .ARM.attributes
                0x00000a17       0x34 c:/program files (x86)/gnu tools arm embedded/7 2018-q2-update/bin/../lib/gcc/arm-none-eabi/7.3.1/../../../../arm-none-eabi/lib/thumb/v7e-m/fpv4-sp/hard\libnosys.a(_exit.o)
 .ARM.attributes
                0x00000a4b       0x34 c:/program files (x86)/gnu tools arm embedded/7 2018-q2-update/bin/../lib/gcc/arm-none-eabi/7.3.1/thumb/v7e-m/fpv4-sp/hard/crtend.o
 .ARM.attributes
                0x00000a7f       0x22 c:/program files (x86)/gnu tools arm embedded/7 2018-q2-update/bin/../lib/gcc/arm-none-eabi/7.3.1/thumb/v7e-m/fpv4-sp/hard/crtn.o

.comment        0x00000000       0x7f
 .comment       0x00000000       0x7f _build/nrf52832_xxaa/nrf_log_backend_serial.c.o
                                 0x80 (size before relaxing)
 .comment       0x0000007f       0x80 _build/nrf52832_xxaa/nrf_log_backend_uart.c.o
 .comment       0x0000007f       0x80 _build/nrf52832_xxaa/nrf_log_default_backends.c.o
 .comment       0x0000007f       0x80 _build/nrf52832_xxaa/nrf_log_frontend.c.o
 .comment       0x0000007f       0x80 _build/nrf52832_xxaa/nrf_log_str_formatter.c.o
 .comment       0x0000007f       0x80 _build/nrf52832_xxaa/boards.c.o
 .comment       0x0000007f       0x80 _build/nrf52832_xxaa/app_button.c.o
 .comment       0x0000007f       0x80 _build/nrf52832_xxaa/app_error.c.o
 .comment       0x0000007f       0x80 _build/nrf52832_xxaa/app_error_weak.c.o
 .comment       0x0000007f       0x80 _build/nrf52832_xxaa/app_timer.c.o
 .comment       0x0000007f       0x80 _build/nrf52832_xxaa/app_util_platform.c.o
 .comment       0x0000007f       0x80 _build/nrf52832_xxaa/hardfault_handler_gcc.c.o
 .comment       0x0000007f       0x80 _build/nrf52832_xxaa/hardfault_implementation.c.o
 .comment       0x0000007f       0x80 _build/nrf52832_xxaa/nrf_atomic.c.o
 .comment       0x0000007f       0x80 _build/nrf52832_xxaa/nrf_balloc.c.o
 .comment       0x0000007f       0x80 _build/nrf52832_xxaa/nrf_fprintf.c.o
 .comment       0x0000007f       0x80 _build/nrf52832_xxaa/nrf_fprintf_format.c.o
 .comment       0x0000007f       0x80 _build/nrf52832_xxaa/nrf_memobj.c.o
 .comment       0x0000007f       0x80 _build/nrf52832_xxaa/nrf_pwr_mgmt.c.o
 .comment       0x0000007f       0x80 _build/nrf52832_xxaa/nrf_ringbuf.c.o
 .comment       0x0000007f       0x80 _build/nrf52832_xxaa/nrf_section_iter.c.o
 .comment       0x0000007f       0x80 _build/nrf52832_xxaa/nrf_strerror.c.o
 .comment       0x0000007f       0x80 _build/nrf52832_xxaa/nrf_drv_uart.c.o
 .comment       0x0000007f       0x80 _build/nrf52832_xxaa/nrfx_gpiote.c.o
 .comment       0x0000007f       0x80 _build/nrf52832_xxaa/nrfx_prs.c.o
 .comment       0x0000007f       0x80 _build/nrf52832_xxaa/nrfx_uart.c.o
 .comment       0x0000007f       0x80 _build/nrf52832_xxaa/nrfx_uarte.c.o
 .comment       0x0000007f       0x80 _build/nrf52832_xxaa/ant_channel_config.c.o
 .comment       0x0000007f       0x80 _build/nrf52832_xxaa/di2_btn.c.o
 .comment       0x0000007f       0x80 _build/nrf52832_xxaa/antDI2Master.c.o
 .comment       0x0000007f       0x80 _build/nrf52832_xxaa/main.c.o
 .comment       0x0000007f       0x80 _build/nrf52832_xxaa/system_nrf52.c.o
 .comment       0x0000007f       0x80 _build/nrf52832_xxaa/nrf_sdh.c.o
 .comment       0x0000007f       0x80 _build/nrf52832_xxaa/nrf_sdh_ant.c.o

.debug_line     0x00000000    0x140cf
 .debug_line    0x00000000       0x86 _build/nrf52832_xxaa/gcc_startup_nrf52.S.o
 .debug_line    0x00000086      0x876 _build/nrf52832_xxaa/nrf_log_backend_serial.c.o
 .debug_line    0x000008fc      0xb01 _build/nrf52832_xxaa/nrf_log_backend_uart.c.o
 .debug_line    0x000013fd      0x7f4 _build/nrf52832_xxaa/nrf_log_default_backends.c.o
 .debug_line    0x00001bf1      0xf46 _build/nrf52832_xxaa/nrf_log_frontend.c.o
 .debug_line    0x00002b37      0x8e9 _build/nrf52832_xxaa/nrf_log_str_formatter.c.o
 .debug_line    0x00003420      0x959 _build/nrf52832_xxaa/boards.c.o
 .debug_line    0x00003d79      0x97f _build/nrf52832_xxaa/app_button.c.o
 .debug_line    0x000046f8      0x502 _build/nrf52832_xxaa/app_error.c.o
 .debug_line    0x00004bfa      0x869 _build/nrf52832_xxaa/app_error_weak.c.o
 .debug_line    0x00005463      0xd0a _build/nrf52832_xxaa/app_timer.c.o
 .debug_line    0x0000616d      0x618 _build/nrf52832_xxaa/app_util_platform.c.o
 .debug_line    0x00006785      0x56b _build/nrf52832_xxaa/hardfault_handler_gcc.c.o
 .debug_line    0x00006cf0      0x8c2 _build/nrf52832_xxaa/hardfault_implementation.c.o
 .debug_line    0x000075b2      0x708 _build/nrf52832_xxaa/nrf_atomic.c.o
 .debug_line    0x00007cba      0x7c6 _build/nrf52832_xxaa/nrf_balloc.c.o
 .debug_line    0x00008480      0x5a1 _build/nrf52832_xxaa/nrf_fprintf.c.o
 .debug_line    0x00008a21      0x79e _build/nrf52832_xxaa/nrf_fprintf_format.c.o
 .debug_line    0x000091bf      0x8a3 _build/nrf52832_xxaa/nrf_memobj.c.o
 .debug_line    0x00009a62      0xc11 _build/nrf52832_xxaa/nrf_pwr_mgmt.c.o
 .debug_line    0x0000a673      0x762 _build/nrf52832_xxaa/nrf_ringbuf.c.o
 .debug_line    0x0000add5      0x5ab _build/nrf52832_xxaa/nrf_section_iter.c.o
 .debug_line    0x0000b380      0x5ae _build/nrf52832_xxaa/nrf_strerror.c.o
 .debug_line    0x0000b92e      0x853 _build/nrf52832_xxaa/nrf_drv_uart.c.o
 .debug_line    0x0000c181     0x1363 _build/nrf52832_xxaa/nrfx_gpiote.c.o
 .debug_line    0x0000d4e4      0x951 _build/nrf52832_xxaa/nrfx_prs.c.o
 .debug_line    0x0000de35     0x1042 _build/nrf52832_xxaa/nrfx_uart.c.o
 .debug_line    0x0000ee77      0xf6a _build/nrf52832_xxaa/nrfx_uarte.c.o
 .debug_line    0x0000fde1      0x5fc _build/nrf52832_xxaa/ant_channel_config.c.o
 .debug_line    0x000103dd      0xb3b _build/nrf52832_xxaa/di2_btn.c.o
 .debug_line    0x00010f18      0xf6e _build/nrf52832_xxaa/antDI2Master.c.o
 .debug_line    0x00011e86      0xc25 _build/nrf52832_xxaa/main.c.o
 .debug_line    0x00012aab      0x49f _build/nrf52832_xxaa/system_nrf52.c.o
 .debug_line    0x00012f4a      0x9c4 _build/nrf52832_xxaa/nrf_sdh.c.o
 .debug_line    0x0001390e      0x7c1 _build/nrf52832_xxaa/nrf_sdh_ant.c.o

.debug_info     0x00000000    0x30394
 .debug_info    0x00000000       0x26 _build/nrf52832_xxaa/gcc_startup_nrf52.S.o
 .debug_info    0x00000026     0x1125 _build/nrf52832_xxaa/nrf_log_backend_serial.c.o
 .debug_info    0x0000114b     0x1ac6 _build/nrf52832_xxaa/nrf_log_backend_uart.c.o
 .debug_info    0x00002c11      0xccc _build/nrf52832_xxaa/nrf_log_default_backends.c.o
 .debug_info    0x000038dd     0x392c _build/nrf52832_xxaa/nrf_log_frontend.c.o
 .debug_info    0x00007209     0x1380 _build/nrf52832_xxaa/nrf_log_str_formatter.c.o
 .debug_info    0x00008589     0x14d0 _build/nrf52832_xxaa/boards.c.o
 .debug_info    0x00009a59      0xf13 _build/nrf52832_xxaa/app_button.c.o
 .debug_info    0x0000a96c      0xaeb _build/nrf52832_xxaa/app_error.c.o
 .debug_info    0x0000b457      0xf19 _build/nrf52832_xxaa/app_error_weak.c.o
 .debug_info    0x0000c370     0x23d3 _build/nrf52832_xxaa/app_timer.c.o
 .debug_info    0x0000e743     0x119d _build/nrf52832_xxaa/app_util_platform.c.o
 .debug_info    0x0000f8e0      0x917 _build/nrf52832_xxaa/hardfault_handler_gcc.c.o
 .debug_info    0x000101f7     0x107f _build/nrf52832_xxaa/hardfault_implementation.c.o
 .debug_info    0x00011276     0x122a _build/nrf52832_xxaa/nrf_atomic.c.o
 .debug_info    0x000124a0      0xd8d _build/nrf52832_xxaa/nrf_balloc.c.o
 .debug_info    0x0001322d      0xaa8 _build/nrf52832_xxaa/nrf_fprintf.c.o
 .debug_info    0x00013cd5     0x11eb _build/nrf52832_xxaa/nrf_fprintf_format.c.o
 .debug_info    0x00014ec0     0x136c _build/nrf52832_xxaa/nrf_memobj.c.o
 .debug_info    0x0001622c     0x1c36 _build/nrf52832_xxaa/nrf_pwr_mgmt.c.o
 .debug_info    0x00017e62      0xe3a _build/nrf52832_xxaa/nrf_ringbuf.c.o
 .debug_info    0x00018c9c      0xa21 _build/nrf52832_xxaa/nrf_section_iter.c.o
 .debug_info    0x000196bd      0xaa2 _build/nrf52832_xxaa/nrf_strerror.c.o
 .debug_info    0x0001a15f     0x193f _build/nrf52832_xxaa/nrf_drv_uart.c.o
 .debug_info    0x0001ba9e     0x398b _build/nrf52832_xxaa/nrfx_gpiote.c.o
 .debug_info    0x0001f429     0x10d0 _build/nrf52832_xxaa/nrfx_prs.c.o
 .debug_info    0x000204f9     0x383f _build/nrf52832_xxaa/nrfx_uart.c.o
 .debug_info    0x00023d38     0x3576 _build/nrf52832_xxaa/nrfx_uarte.c.o
 .debug_info    0x000272ae      0xd58 _build/nrf52832_xxaa/ant_channel_config.c.o
 .debug_info    0x00028006     0x1297 _build/nrf52832_xxaa/di2_btn.c.o
 .debug_info    0x0002929d     0x2116 _build/nrf52832_xxaa/antDI2Master.c.o
 .debug_info    0x0002b3b3      0xe24 _build/nrf52832_xxaa/main.c.o
 .debug_info    0x0002c1d7     0x1139 _build/nrf52832_xxaa/system_nrf52.c.o
 .debug_info    0x0002d310     0x1daf _build/nrf52832_xxaa/nrf_sdh.c.o
 .debug_info    0x0002f0bf     0x12d5 _build/nrf52832_xxaa/nrf_sdh_ant.c.o

.debug_abbrev   0x00000000     0x6e85
 .debug_abbrev  0x00000000       0x14 _build/nrf52832_xxaa/gcc_startup_nrf52.S.o
 .debug_abbrev  0x00000014      0x27f _build/nrf52832_xxaa/nrf_log_backend_serial.c.o
 .debug_abbrev  0x00000293      0x3ca _build/nrf52832_xxaa/nrf_log_backend_uart.c.o
 .debug_abbrev  0x0000065d      0x256 _build/nrf52832_xxaa/nrf_log_default_backends.c.o
 .debug_abbrev  0x000008b3      0x598 _build/nrf52832_xxaa/nrf_log_frontend.c.o
 .debug_abbrev  0x00000e4b      0x2ba _build/nrf52832_xxaa/nrf_log_str_formatter.c.o
 .debug_abbrev  0x00001105      0x3b5 _build/nrf52832_xxaa/boards.c.o
 .debug_abbrev  0x000014ba      0x2d9 _build/nrf52832_xxaa/app_button.c.o
 .debug_abbrev  0x00001793      0x235 _build/nrf52832_xxaa/app_error.c.o
 .debug_abbrev  0x000019c8      0x298 _build/nrf52832_xxaa/app_error_weak.c.o
 .debug_abbrev  0x00001c60      0x49d _build/nrf52832_xxaa/app_timer.c.o
 .debug_abbrev  0x000020fd      0x381 _build/nrf52832_xxaa/app_util_platform.c.o
 .debug_abbrev  0x0000247e      0x1b1 _build/nrf52832_xxaa/hardfault_handler_gcc.c.o
 .debug_abbrev  0x0000262f      0x2ac _build/nrf52832_xxaa/hardfault_implementation.c.o
 .debug_abbrev  0x000028db      0x31f _build/nrf52832_xxaa/nrf_atomic.c.o
 .debug_abbrev  0x00002bfa      0x302 _build/nrf52832_xxaa/nrf_balloc.c.o
 .debug_abbrev  0x00002efc      0x239 _build/nrf52832_xxaa/nrf_fprintf.c.o
 .debug_abbrev  0x00003135      0x352 _build/nrf52832_xxaa/nrf_fprintf_format.c.o
 .debug_abbrev  0x00003487      0x350 _build/nrf52832_xxaa/nrf_memobj.c.o
 .debug_abbrev  0x000037d7      0x46d _build/nrf52832_xxaa/nrf_pwr_mgmt.c.o
 .debug_abbrev  0x00003c44      0x265 _build/nrf52832_xxaa/nrf_ringbuf.c.o
 .debug_abbrev  0x00003ea9      0x1da _build/nrf52832_xxaa/nrf_section_iter.c.o
 .debug_abbrev  0x00004083      0x248 _build/nrf52832_xxaa/nrf_strerror.c.o
 .debug_abbrev  0x000042cb      0x298 _build/nrf52832_xxaa/nrf_drv_uart.c.o
 .debug_abbrev  0x00004563      0x522 _build/nrf52832_xxaa/nrfx_gpiote.c.o
 .debug_abbrev  0x00004a85      0x30c _build/nrf52832_xxaa/nrfx_prs.c.o
 .debug_abbrev  0x00004d91      0x4fe _build/nrf52832_xxaa/nrfx_uart.c.o
 .debug_abbrev  0x0000528f      0x4c8 _build/nrf52832_xxaa/nrfx_uarte.c.o
 .debug_abbrev  0x00005757      0x27e _build/nrf52832_xxaa/ant_channel_config.c.o
 .debug_abbrev  0x000059d5      0x30a _build/nrf52832_xxaa/di2_btn.c.o
 .debug_abbrev  0x00005cdf      0x4dd _build/nrf52832_xxaa/antDI2Master.c.o
 .debug_abbrev  0x000061bc      0x26f _build/nrf52832_xxaa/main.c.o
 .debug_abbrev  0x0000642b      0x1e2 _build/nrf52832_xxaa/system_nrf52.c.o
 .debug_abbrev  0x0000660d      0x4e7 _build/nrf52832_xxaa/nrf_sdh.c.o
 .debug_abbrev  0x00006af4      0x391 _build/nrf52832_xxaa/nrf_sdh_ant.c.o

.debug_aranges  0x00000000      0xa28
 .debug_aranges
                0x00000000       0x20 _build/nrf52832_xxaa/gcc_startup_nrf52.S.o
 .debug_aranges
                0x00000020       0x20 _build/nrf52832_xxaa/nrf_log_backend_serial.c.o
 .debug_aranges
                0x00000040       0x48 _build/nrf52832_xxaa/nrf_log_backend_uart.c.o
 .debug_aranges
                0x00000088       0x20 _build/nrf52832_xxaa/nrf_log_default_backends.c.o
 .debug_aranges
                0x000000a8       0xc8 _build/nrf52832_xxaa/nrf_log_frontend.c.o
 .debug_aranges
                0x00000170       0x30 _build/nrf52832_xxaa/nrf_log_str_formatter.c.o
 .debug_aranges
                0x000001a0       0x78 _build/nrf52832_xxaa/boards.c.o
 .debug_aranges
                0x00000218       0x48 _build/nrf52832_xxaa/app_button.c.o
 .debug_aranges
                0x00000260       0x28 _build/nrf52832_xxaa/app_error.c.o
 .debug_aranges
                0x00000288       0x20 _build/nrf52832_xxaa/app_error_weak.c.o
 .debug_aranges
                0x000002a8       0x70 _build/nrf52832_xxaa/app_timer.c.o
 .debug_aranges
                0x00000318       0x48 _build/nrf52832_xxaa/app_util_platform.c.o
 .debug_aranges
                0x00000360       0x20 _build/nrf52832_xxaa/hardfault_handler_gcc.c.o
 .debug_aranges
                0x00000380       0x28 _build/nrf52832_xxaa/hardfault_implementation.c.o
 .debug_aranges
                0x000003a8       0xb0 _build/nrf52832_xxaa/nrf_atomic.c.o
 .debug_aranges
                0x00000458       0x30 _build/nrf52832_xxaa/nrf_balloc.c.o
 .debug_aranges
                0x00000488       0x28 _build/nrf52832_xxaa/nrf_fprintf.c.o
 .debug_aranges
                0x000004b0       0x28 _build/nrf52832_xxaa/nrf_fprintf_format.c.o
 .debug_aranges
                0x000004d8       0x50 _build/nrf52832_xxaa/nrf_memobj.c.o
 .debug_aranges
                0x00000528       0x48 _build/nrf52832_xxaa/nrf_pwr_mgmt.c.o
 .debug_aranges
                0x00000570       0x50 _build/nrf52832_xxaa/nrf_ringbuf.c.o
 .debug_aranges
                0x000005c0       0x28 _build/nrf52832_xxaa/nrf_section_iter.c.o
 .debug_aranges
                0x000005e8       0x28 _build/nrf52832_xxaa/nrf_strerror.c.o
 .debug_aranges
                0x00000610       0x30 _build/nrf52832_xxaa/nrf_drv_uart.c.o
 .debug_aranges
                0x00000640       0xd8 _build/nrf52832_xxaa/nrfx_gpiote.c.o
 .debug_aranges
                0x00000718       0x30 _build/nrf52832_xxaa/nrfx_prs.c.o
 .debug_aranges
                0x00000748       0x78 _build/nrf52832_xxaa/nrfx_uart.c.o
 .debug_aranges
                0x000007c0       0x68 _build/nrf52832_xxaa/nrfx_uarte.c.o
 .debug_aranges
                0x00000828       0x40 _build/nrf52832_xxaa/ant_channel_config.c.o
 .debug_aranges
                0x00000868       0x38 _build/nrf52832_xxaa/di2_btn.c.o
 .debug_aranges
                0x000008a0       0x98 _build/nrf52832_xxaa/antDI2Master.c.o
 .debug_aranges
                0x00000938       0x20 _build/nrf52832_xxaa/main.c.o
 .debug_aranges
                0x00000958       0x28 _build/nrf52832_xxaa/system_nrf52.c.o
 .debug_aranges
                0x00000980       0x70 _build/nrf52832_xxaa/nrf_sdh.c.o
 .debug_aranges
                0x000009f0       0x38 _build/nrf52832_xxaa/nrf_sdh_ant.c.o

.debug_str      0x00000000    0x85095
 .debug_str     0x00000000       0x8d _build/nrf52832_xxaa/gcc_startup_nrf52.S.o
 .debug_str     0x0000008d    0x6edc3 _build/nrf52832_xxaa/nrf_log_backend_serial.c.o
                              0x6fd4f (size before relaxing)
 .debug_str     0x0006ee50     0x3e38 _build/nrf52832_xxaa/nrf_log_backend_uart.c.o
                              0x73672 (size before relaxing)
 .debug_str     0x00072c88      0x11c _build/nrf52832_xxaa/nrf_log_default_backends.c.o
                              0x6fb06 (size before relaxing)
 .debug_str     0x00072da4     0x1372 _build/nrf52832_xxaa/nrf_log_frontend.c.o
                              0x70fbd (size before relaxing)
 .debug_str     0x00074116      0x6a4 _build/nrf52832_xxaa/nrf_log_str_formatter.c.o
                              0x70267 (size before relaxing)
 .debug_str     0x000747ba     0x154e _build/nrf52832_xxaa/boards.c.o
                              0x6ffa7 (size before relaxing)
 .debug_str     0x00075d08     0x157d _build/nrf52832_xxaa/app_button.c.o
                              0x705ef (size before relaxing)
 .debug_str     0x00077285       0xf4 _build/nrf52832_xxaa/app_error.c.o
                              0x609c4 (size before relaxing)
 .debug_str     0x00077379      0xa8b _build/nrf52832_xxaa/app_error_weak.c.o
                              0x70b81 (size before relaxing)
 .debug_str     0x00077e04      0xb4e _build/nrf52832_xxaa/app_timer.c.o
                              0x6ffb9 (size before relaxing)
 .debug_str     0x00078952      0x24e _build/nrf52832_xxaa/app_util_platform.c.o
                              0x61ed8 (size before relaxing)
 .debug_str     0x00078ba0       0x69 _build/nrf52832_xxaa/hardfault_handler_gcc.c.o
                              0x6a986 (size before relaxing)
 .debug_str     0x00078c09      0x16e _build/nrf52832_xxaa/hardfault_implementation.c.o
                              0x7029d (size before relaxing)
 .debug_str     0x00078d77      0x6b9 _build/nrf52832_xxaa/nrf_atomic.c.o
                              0x6b07a (size before relaxing)
 .debug_str     0x00079430      0x164 _build/nrf52832_xxaa/nrf_balloc.c.o
                              0x6fb00 (size before relaxing)
 .debug_str     0x00079594      0x144 _build/nrf52832_xxaa/nrf_fprintf.c.o
                              0x6acd3 (size before relaxing)
 .debug_str     0x000796d8      0x116 _build/nrf52832_xxaa/nrf_fprintf_format.c.o
                              0x6adc8 (size before relaxing)
 .debug_str     0x000797ee      0x1a5 _build/nrf52832_xxaa/nrf_memobj.c.o
                              0x6deb8 (size before relaxing)
 .debug_str     0x00079993     0x16d2 _build/nrf52832_xxaa/nrf_pwr_mgmt.c.o
                              0x7481f (size before relaxing)
 .debug_str     0x0007b065       0xdc _build/nrf52832_xxaa/nrf_ringbuf.c.o
                              0x6c5aa (size before relaxing)
 .debug_str     0x0007b141       0x54 _build/nrf52832_xxaa/nrf_section_iter.c.o
                              0x6aea2 (size before relaxing)
 .debug_str     0x0007b195       0xed _build/nrf52832_xxaa/nrf_strerror.c.o
                              0x6aa3f (size before relaxing)
 .debug_str     0x0007b282      0x470 _build/nrf52832_xxaa/nrf_drv_uart.c.o
                              0x6fe85 (size before relaxing)
 .debug_str     0x0007b6f2     0x1076 _build/nrf52832_xxaa/nrfx_gpiote.c.o
                              0x73bc6 (size before relaxing)
 .debug_str     0x0007c768      0x33d _build/nrf52832_xxaa/nrfx_prs.c.o
                              0x720b4 (size before relaxing)
 .debug_str     0x0007caa5      0x6d6 _build/nrf52832_xxaa/nrfx_uart.c.o
                              0x73242 (size before relaxing)
 .debug_str     0x0007d17b      0x976 _build/nrf52832_xxaa/nrfx_uarte.c.o
                              0x736d6 (size before relaxing)
 .debug_str     0x0007daf1     0x51f8 _build/nrf52832_xxaa/ant_channel_config.c.o
                              0x6fb67 (size before relaxing)
 .debug_str     0x00082ce9      0x353 _build/nrf52832_xxaa/di2_btn.c.o
                              0x7307b (size before relaxing)
 .debug_str     0x0008303c     0x14f1 _build/nrf52832_xxaa/antDI2Master.c.o
                              0x793aa (size before relaxing)
 .debug_str     0x0008452d       0x8c _build/nrf52832_xxaa/main.c.o
                              0x79b8c (size before relaxing)
 .debug_str     0x000845b9      0x2a7 _build/nrf52832_xxaa/system_nrf52.c.o
                              0x5c48e (size before relaxing)
 .debug_str     0x00084860      0x5ca _build/nrf52832_xxaa/nrf_sdh.c.o
                              0x70576 (size before relaxing)
 .debug_str     0x00084e2a      0x26b _build/nrf52832_xxaa/nrf_sdh_ant.c.o
                              0x73d3f (size before relaxing)

.debug_loc      0x00000000     0xddda
 .debug_loc     0x00000000      0x160 _build/nrf52832_xxaa/nrf_log_backend_serial.c.o
 .debug_loc     0x00000160      0x227 _build/nrf52832_xxaa/nrf_log_backend_uart.c.o
 .debug_loc     0x00000387       0x15 _build/nrf52832_xxaa/nrf_log_default_backends.c.o
 .debug_loc     0x0000039c     0x2773 _build/nrf52832_xxaa/nrf_log_frontend.c.o
 .debug_loc     0x00002b0f      0x42f _build/nrf52832_xxaa/nrf_log_str_formatter.c.o
 .debug_loc     0x00002f3e      0x801 _build/nrf52832_xxaa/boards.c.o
 .debug_loc     0x0000373f      0x3b3 _build/nrf52832_xxaa/app_button.c.o
 .debug_loc     0x00003af2       0xca _build/nrf52832_xxaa/app_error.c.o
 .debug_loc     0x00003bbc       0x63 _build/nrf52832_xxaa/app_error_weak.c.o
 .debug_loc     0x00003c1f      0xeb6 _build/nrf52832_xxaa/app_timer.c.o
 .debug_loc     0x00004ad5      0x125 _build/nrf52832_xxaa/app_util_platform.c.o
 .debug_loc     0x00004bfa       0x31 _build/nrf52832_xxaa/hardfault_implementation.c.o
 .debug_loc     0x00004c2b      0x35c _build/nrf52832_xxaa/nrf_atomic.c.o
 .debug_loc     0x00004f87      0x169 _build/nrf52832_xxaa/nrf_balloc.c.o
 .debug_loc     0x000050f0       0x4a _build/nrf52832_xxaa/nrf_fprintf.c.o
 .debug_loc     0x0000513a      0xf2c _build/nrf52832_xxaa/nrf_fprintf_format.c.o
 .debug_loc     0x00006066      0xb27 _build/nrf52832_xxaa/nrf_memobj.c.o
 .debug_loc     0x00006b8d       0xc8 _build/nrf52832_xxaa/nrf_pwr_mgmt.c.o
 .debug_loc     0x00006c55      0x5d5 _build/nrf52832_xxaa/nrf_ringbuf.c.o
 .debug_loc     0x0000722a      0x2db _build/nrf52832_xxaa/nrf_strerror.c.o
 .debug_loc     0x00007505      0x1ae _build/nrf52832_xxaa/nrf_drv_uart.c.o
 .debug_loc     0x000076b3     0x28a7 _build/nrf52832_xxaa/nrfx_gpiote.c.o
 .debug_loc     0x00009f5a       0xb8 _build/nrf52832_xxaa/nrfx_prs.c.o
 .debug_loc     0x0000a012     0x18b3 _build/nrf52832_xxaa/nrfx_uart.c.o
 .debug_loc     0x0000b8c5     0x13d0 _build/nrf52832_xxaa/nrfx_uarte.c.o
 .debug_loc     0x0000cc95      0x11d _build/nrf52832_xxaa/ant_channel_config.c.o
 .debug_loc     0x0000cdb2      0x459 _build/nrf52832_xxaa/di2_btn.c.o
 .debug_loc     0x0000d20b      0x804 _build/nrf52832_xxaa/antDI2Master.c.o
 .debug_loc     0x0000da0f       0x57 _build/nrf52832_xxaa/main.c.o
 .debug_loc     0x0000da66      0x2ab _build/nrf52832_xxaa/nrf_sdh.c.o
 .debug_loc     0x0000dd11       0xc9 _build/nrf52832_xxaa/nrf_sdh_ant.c.o

.debug_ranges   0x00000000     0x3290
 .debug_ranges  0x00000000       0x28 _build/nrf52832_xxaa/nrf_log_backend_serial.c.o
 .debug_ranges  0x00000028       0xb0 _build/nrf52832_xxaa/nrf_log_backend_uart.c.o
 .debug_ranges  0x000000d8       0x10 _build/nrf52832_xxaa/nrf_log_default_backends.c.o
 .debug_ranges  0x000000e8      0x8d8 _build/nrf52832_xxaa/nrf_log_frontend.c.o
 .debug_ranges  0x000009c0       0xb8 _build/nrf52832_xxaa/nrf_log_str_formatter.c.o
 .debug_ranges  0x00000a78      0x190 _build/nrf52832_xxaa/boards.c.o
 .debug_ranges  0x00000c08       0x88 _build/nrf52832_xxaa/app_button.c.o
 .debug_ranges  0x00000c90       0x18 _build/nrf52832_xxaa/app_error.c.o
 .debug_ranges  0x00000ca8       0x10 _build/nrf52832_xxaa/app_error_weak.c.o
 .debug_ranges  0x00000cb8      0x570 _build/nrf52832_xxaa/app_timer.c.o
 .debug_ranges  0x00001228       0x80 _build/nrf52832_xxaa/app_util_platform.c.o
 .debug_ranges  0x000012a8       0x10 _build/nrf52832_xxaa/hardfault_handler_gcc.c.o
 .debug_ranges  0x000012b8       0x30 _build/nrf52832_xxaa/hardfault_implementation.c.o
 .debug_ranges  0x000012e8       0xb8 _build/nrf52832_xxaa/nrf_atomic.c.o
 .debug_ranges  0x000013a0       0x78 _build/nrf52832_xxaa/nrf_balloc.c.o
 .debug_ranges  0x00001418       0x18 _build/nrf52832_xxaa/nrf_fprintf.c.o
 .debug_ranges  0x00001430      0x1e8 _build/nrf52832_xxaa/nrf_fprintf_format.c.o
 .debug_ranges  0x00001618       0xb0 _build/nrf52832_xxaa/nrf_memobj.c.o
 .debug_ranges  0x000016c8       0x98 _build/nrf52832_xxaa/nrf_pwr_mgmt.c.o
 .debug_ranges  0x00001760       0x40 _build/nrf52832_xxaa/nrf_ringbuf.c.o
 .debug_ranges  0x000017a0       0x18 _build/nrf52832_xxaa/nrf_section_iter.c.o
 .debug_ranges  0x000017b8       0x80 _build/nrf52832_xxaa/nrf_strerror.c.o
 .debug_ranges  0x00001838       0x20 _build/nrf52832_xxaa/nrf_drv_uart.c.o
 .debug_ranges  0x00001858      0x9b8 _build/nrf52832_xxaa/nrfx_gpiote.c.o
 .debug_ranges  0x00002210       0x50 _build/nrf52832_xxaa/nrfx_prs.c.o
 .debug_ranges  0x00002260      0x4d0 _build/nrf52832_xxaa/nrfx_uart.c.o
 .debug_ranges  0x00002730      0x440 _build/nrf52832_xxaa/nrfx_uarte.c.o
 .debug_ranges  0x00002b70       0x30 _build/nrf52832_xxaa/ant_channel_config.c.o
 .debug_ranges  0x00002ba0      0x150 _build/nrf52832_xxaa/di2_btn.c.o
 .debug_ranges  0x00002cf0      0x1b0 _build/nrf52832_xxaa/antDI2Master.c.o
 .debug_ranges  0x00002ea0       0x10 _build/nrf52832_xxaa/main.c.o
 .debug_ranges  0x00002eb0      0x168 _build/nrf52832_xxaa/system_nrf52.c.o
 .debug_ranges  0x00003018      0x220 _build/nrf52832_xxaa/nrf_sdh.c.o
 .debug_ranges  0x00003238       0x58 _build/nrf52832_xxaa/nrf_sdh_ant.c.o

.debug_macro    0x00000000     0xa621
 .debug_macro   0x00000000      0x3b4 _build/nrf52832_xxaa/nrf_log_backend_serial.c.o
 .debug_macro   0x000003b4       0x16 _build/nrf52832_xxaa/nrf_log_backend_serial.c.o
 .debug_macro   0x000003ca       0x22 _build/nrf52832_xxaa/nrf_log_backend_serial.c.o
 .debug_macro   0x000003ec       0x46 _build/nrf52832_xxaa/nrf_log_backend_serial.c.o
 .debug_macro   0x00000432       0xa3 _build/nrf52832_xxaa/nrf_log_backend_serial.c.o
 .debug_macro   0x000004d5       0x3a _build/nrf52832_xxaa/nrf_log_backend_serial.c.o
 .debug_macro   0x0000050f       0x1c _build/nrf52832_xxaa/nrf_log_backend_serial.c.o
 .debug_macro   0x0000052b       0x10 _build/nrf52832_xxaa/nrf_log_backend_serial.c.o
 .debug_macro   0x0000053b       0x10 _build/nrf52832_xxaa/nrf_log_backend_serial.c.o
 .debug_macro   0x0000054b       0xb6 _build/nrf52832_xxaa/nrf_log_backend_serial.c.o
 .debug_macro   0x00000601       0x16 _build/nrf52832_xxaa/nrf_log_backend_serial.c.o
 .debug_macro   0x00000617      0x129 _build/nrf52832_xxaa/nrf_log_backend_serial.c.o
 .debug_macro   0x00000740       0x49 _build/nrf52832_xxaa/nrf_log_backend_serial.c.o
 .debug_macro   0x00000789       0x8c _build/nrf52832_xxaa/nrf_log_backend_serial.c.o
 .debug_macro   0x00000815       0x31 _build/nrf52832_xxaa/nrf_log_backend_serial.c.o
 .debug_macro   0x00000846       0x55 _build/nrf52832_xxaa/nrf_log_backend_serial.c.o
 .debug_macro   0x0000089b       0x98 _build/nrf52832_xxaa/nrf_log_backend_serial.c.o
 .debug_macro   0x00000933       0x10 _build/nrf52832_xxaa/nrf_log_backend_serial.c.o
 .debug_macro   0x00000943       0x1d _build/nrf52832_xxaa/nrf_log_backend_serial.c.o
 .debug_macro   0x00000960       0x2e _build/nrf52832_xxaa/nrf_log_backend_serial.c.o
 .debug_macro   0x0000098e       0x1c _build/nrf52832_xxaa/nrf_log_backend_serial.c.o
 .debug_macro   0x000009aa      0x185 _build/nrf52832_xxaa/nrf_log_backend_serial.c.o
 .debug_macro   0x00000b2f      0x4a6 _build/nrf52832_xxaa/nrf_log_backend_uart.c.o
 .debug_macro   0x00000fd5      0x3b1 _build/nrf52832_xxaa/nrf_log_backend_uart.c.o
 .debug_macro   0x00001386       0x52 _build/nrf52832_xxaa/nrf_log_backend_uart.c.o
 .debug_macro   0x000013d8      0x1a7 _build/nrf52832_xxaa/nrf_log_backend_uart.c.o
 .debug_macro   0x0000157f      0x125 _build/nrf52832_xxaa/nrf_log_backend_uart.c.o
 .debug_macro   0x000016a4       0x5a _build/nrf52832_xxaa/nrf_log_backend_uart.c.o
 .debug_macro   0x000016fe       0x1d _build/nrf52832_xxaa/nrf_log_backend_uart.c.o
 .debug_macro   0x0000171b       0xac _build/nrf52832_xxaa/nrf_log_backend_uart.c.o
 .debug_macro   0x000017c7       0x22 _build/nrf52832_xxaa/nrf_log_backend_uart.c.o
 .debug_macro   0x000017e9       0x40 _build/nrf52832_xxaa/nrf_log_backend_uart.c.o
 .debug_macro   0x00001829       0x20 _build/nrf52832_xxaa/nrf_log_backend_uart.c.o
 .debug_macro   0x00001849       0x10 _build/nrf52832_xxaa/nrf_log_backend_uart.c.o
 .debug_macro   0x00001859       0x10 _build/nrf52832_xxaa/nrf_log_backend_uart.c.o
 .debug_macro   0x00001869       0x10 _build/nrf52832_xxaa/nrf_log_backend_uart.c.o
 .debug_macro   0x00001879       0x10 _build/nrf52832_xxaa/nrf_log_backend_uart.c.o
 .debug_macro   0x00001889       0x10 _build/nrf52832_xxaa/nrf_log_backend_uart.c.o
 .debug_macro   0x00001899       0x3f _build/nrf52832_xxaa/nrf_log_backend_uart.c.o
 .debug_macro   0x000018d8      0x3a5 _build/nrf52832_xxaa/nrf_log_default_backends.c.o
 .debug_macro   0x00001c7d       0x10 _build/nrf52832_xxaa/nrf_log_default_backends.c.o
 .debug_macro   0x00001c8d      0x426 _build/nrf52832_xxaa/nrf_log_frontend.c.o
 .debug_macro   0x000020b3       0x16 _build/nrf52832_xxaa/nrf_log_frontend.c.o
 .debug_macro   0x000020c9       0x9a _build/nrf52832_xxaa/nrf_log_frontend.c.o
 .debug_macro   0x00002163       0x9e _build/nrf52832_xxaa/nrf_log_frontend.c.o
 .debug_macro   0x00002201      0x3f6 _build/nrf52832_xxaa/nrf_log_str_formatter.c.o
 .debug_macro   0x000025f7       0x9c _build/nrf52832_xxaa/nrf_log_str_formatter.c.o
 .debug_macro   0x00002693      0x390 _build/nrf52832_xxaa/boards.c.o
 .debug_macro   0x00002a23       0x26 _build/nrf52832_xxaa/boards.c.o
 .debug_macro   0x00002a49       0x3f _build/nrf52832_xxaa/boards.c.o
 .debug_macro   0x00002a88       0x16 _build/nrf52832_xxaa/boards.c.o
 .debug_macro   0x00002a9e       0x19 _build/nrf52832_xxaa/boards.c.o
 .debug_macro   0x00002ab7       0x35 _build/nrf52832_xxaa/boards.c.o
 .debug_macro   0x00002aec       0x7b _build/nrf52832_xxaa/boards.c.o
 .debug_macro   0x00002b67       0x16 _build/nrf52832_xxaa/boards.c.o
 .debug_macro   0x00002b7d      0x25a _build/nrf52832_xxaa/boards.c.o
 .debug_macro   0x00002dd7      0x16d _build/nrf52832_xxaa/boards.c.o
 .debug_macro   0x00002f44      0x3fc _build/nrf52832_xxaa/app_button.c.o
 .debug_macro   0x00003340       0x1c _build/nrf52832_xxaa/app_button.c.o
 .debug_macro   0x0000335c       0x42 _build/nrf52832_xxaa/app_button.c.o
 .debug_macro   0x0000339e       0x25 _build/nrf52832_xxaa/app_button.c.o
 .debug_macro   0x000033c3       0x44 _build/nrf52832_xxaa/app_button.c.o
 .debug_macro   0x00003407       0xcc _build/nrf52832_xxaa/app_button.c.o
 .debug_macro   0x000034d3      0x21f _build/nrf52832_xxaa/app_error.c.o
 .debug_macro   0x000036f2       0x35 _build/nrf52832_xxaa/app_error.c.o
 .debug_macro   0x00003727       0x97 _build/nrf52832_xxaa/app_error.c.o
 .debug_macro   0x000037be       0xf6 _build/nrf52832_xxaa/app_error.c.o
 .debug_macro   0x000038b4      0x3c6 _build/nrf52832_xxaa/app_error_weak.c.o
 .debug_macro   0x00003c7a       0x16 _build/nrf52832_xxaa/app_error_weak.c.o
 .debug_macro   0x00003c90       0x1c _build/nrf52832_xxaa/app_error_weak.c.o
 .debug_macro   0x00003cac      0x122 _build/nrf52832_xxaa/app_error_weak.c.o
 .debug_macro   0x00003dce      0x43c _build/nrf52832_xxaa/app_timer.c.o
 .debug_macro   0x0000420a       0x3c _build/nrf52832_xxaa/app_timer.c.o
 .debug_macro   0x00004246       0x45 _build/nrf52832_xxaa/app_timer.c.o
 .debug_macro   0x0000428b      0x263 _build/nrf52832_xxaa/app_util_platform.c.o
 .debug_macro   0x000044ee      0x222 _build/nrf52832_xxaa/hardfault_handler_gcc.c.o
 .debug_macro   0x00004710      0x3c0 _build/nrf52832_xxaa/hardfault_implementation.c.o
 .debug_macro   0x00004ad0      0x17f _build/nrf52832_xxaa/hardfault_implementation.c.o
 .debug_macro   0x00004c4f      0x241 _build/nrf52832_xxaa/nrf_atomic.c.o
 .debug_macro   0x00004e90       0x42 _build/nrf52832_xxaa/nrf_atomic.c.o
 .debug_macro   0x00004ed2      0x369 _build/nrf52832_xxaa/nrf_balloc.c.o
 .debug_macro   0x0000523b       0x10 _build/nrf52832_xxaa/nrf_balloc.c.o
 .debug_macro   0x0000524b      0x24d _build/nrf52832_xxaa/nrf_fprintf.c.o
 .debug_macro   0x00005498       0x58 _build/nrf52832_xxaa/nrf_fprintf.c.o
 .debug_macro   0x000054f0      0x25f _build/nrf52832_xxaa/nrf_fprintf_format.c.o
 .debug_macro   0x0000574f      0x350 _build/nrf52832_xxaa/nrf_memobj.c.o
 .debug_macro   0x00005a9f      0x10e _build/nrf52832_xxaa/nrf_memobj.c.o
 .debug_macro   0x00005bad       0x86 _build/nrf52832_xxaa/nrf_memobj.c.o
 .debug_macro   0x00005c33       0x54 _build/nrf52832_xxaa/nrf_memobj.c.o
 .debug_macro   0x00005c87      0x540 _build/nrf52832_xxaa/nrf_pwr_mgmt.c.o
 .debug_macro   0x000061c7       0x11 _build/nrf52832_xxaa/nrf_pwr_mgmt.c.o
 .debug_macro   0x000061d8       0x10 _build/nrf52832_xxaa/nrf_pwr_mgmt.c.o
 .debug_macro   0x000061e8       0x22 _build/nrf52832_xxaa/nrf_pwr_mgmt.c.o
 .debug_macro   0x0000620a       0x31 _build/nrf52832_xxaa/nrf_pwr_mgmt.c.o
 .debug_macro   0x0000623b      0x2ff _build/nrf52832_xxaa/nrf_ringbuf.c.o
 .debug_macro   0x0000653a      0x250 _build/nrf52832_xxaa/nrf_section_iter.c.o
 .debug_macro   0x0000678a      0x236 _build/nrf52832_xxaa/nrf_strerror.c.o
 .debug_macro   0x000069c0      0x3b9 _build/nrf52832_xxaa/nrf_drv_uart.c.o
 .debug_macro   0x00006d79      0x46d _build/nrf52832_xxaa/nrfx_gpiote.c.o
 .debug_macro   0x000071e6       0x1c _build/nrf52832_xxaa/nrfx_gpiote.c.o
 .debug_macro   0x00007202       0x16 _build/nrf52832_xxaa/nrfx_gpiote.c.o
 .debug_macro   0x00007218       0x1c _build/nrf52832_xxaa/nrfx_gpiote.c.o
 .debug_macro   0x00007234       0x37 _build/nrf52832_xxaa/nrfx_gpiote.c.o
 .debug_macro   0x0000726b       0x42 _build/nrf52832_xxaa/nrfx_gpiote.c.o
 .debug_macro   0x000072ad      0x422 _build/nrf52832_xxaa/nrfx_prs.c.o
 .debug_macro   0x000076cf       0x28 _build/nrf52832_xxaa/nrfx_prs.c.o
 .debug_macro   0x000076f7      0x43d _build/nrf52832_xxaa/nrfx_uart.c.o
 .debug_macro   0x00007b34      0x45b _build/nrf52832_xxaa/nrfx_uarte.c.o
 .debug_macro   0x00007f8f      0x24c _build/nrf52832_xxaa/ant_channel_config.c.o
 .debug_macro   0x000081db      0xb10 _build/nrf52832_xxaa/ant_channel_config.c.o
 .debug_macro   0x00008ceb       0x18 _build/nrf52832_xxaa/ant_channel_config.c.o
 .debug_macro   0x00008d03      0x460 _build/nrf52832_xxaa/di2_btn.c.o
 .debug_macro   0x00009163       0x10 _build/nrf52832_xxaa/di2_btn.c.o
 .debug_macro   0x00009173      0x4de _build/nrf52832_xxaa/antDI2Master.c.o
 .debug_macro   0x00009651       0x9a _build/nrf52832_xxaa/antDI2Master.c.o
 .debug_macro   0x000096eb       0x35 _build/nrf52832_xxaa/antDI2Master.c.o
 .debug_macro   0x00009720      0x52f _build/nrf52832_xxaa/main.c.o
 .debug_macro   0x00009c4f       0x22 _build/nrf52832_xxaa/main.c.o
 .debug_macro   0x00009c71       0x2b _build/nrf52832_xxaa/main.c.o
 .debug_macro   0x00009c9c       0x10 _build/nrf52832_xxaa/main.c.o
 .debug_macro   0x00009cac       0x10 _build/nrf52832_xxaa/main.c.o
 .debug_macro   0x00009cbc       0xf1 _build/nrf52832_xxaa/system_nrf52.c.o
 .debug_macro   0x00009dad      0x398 _build/nrf52832_xxaa/nrf_sdh.c.o
 .debug_macro   0x0000a145      0x173 _build/nrf52832_xxaa/nrf_sdh.c.o
 .debug_macro   0x0000a2b8      0x369 _build/nrf52832_xxaa/nrf_sdh_ant.c.o

.debug_frame    0x00000000     0x1bd0
 .debug_frame   0x00000000       0x40 _build/nrf52832_xxaa/nrf_log_backend_serial.c.o
 .debug_frame   0x00000040       0xb0 _build/nrf52832_xxaa/nrf_log_backend_uart.c.o
 .debug_frame   0x000000f0       0x28 _build/nrf52832_xxaa/nrf_log_default_backends.c.o
 .debug_frame   0x00000118      0x324 _build/nrf52832_xxaa/nrf_log_frontend.c.o
 .debug_frame   0x0000043c       0x7c _build/nrf52832_xxaa/nrf_log_str_formatter.c.o
 .debug_frame   0x000004b8       0xf4 _build/nrf52832_xxaa/boards.c.o
 .debug_frame   0x000005ac      0x120 _build/nrf52832_xxaa/app_button.c.o
 .debug_frame   0x000006cc       0x54 _build/nrf52832_xxaa/app_error.c.o
 .debug_frame   0x00000720       0x28 _build/nrf52832_xxaa/app_error_weak.c.o
 .debug_frame   0x00000748      0x16c _build/nrf52832_xxaa/app_timer.c.o
 .debug_frame   0x000008b4       0x90 _build/nrf52832_xxaa/app_util_platform.c.o
 .debug_frame   0x00000944       0x20 _build/nrf52832_xxaa/hardfault_handler_gcc.c.o
 .debug_frame   0x00000964       0x50 _build/nrf52832_xxaa/hardfault_implementation.c.o
 .debug_frame   0x000009b4      0x150 _build/nrf52832_xxaa/nrf_atomic.c.o
 .debug_frame   0x00000b04       0x70 _build/nrf52832_xxaa/nrf_balloc.c.o
 .debug_frame   0x00000b74       0x5c _build/nrf52832_xxaa/nrf_fprintf.c.o
 .debug_frame   0x00000bd0       0x9c _build/nrf52832_xxaa/nrf_fprintf_format.c.o
 .debug_frame   0x00000c6c       0xd8 _build/nrf52832_xxaa/nrf_memobj.c.o
 .debug_frame   0x00000d44       0x9c _build/nrf52832_xxaa/nrf_pwr_mgmt.c.o
 .debug_frame   0x00000de0       0xd8 _build/nrf52832_xxaa/nrf_ringbuf.c.o
 .debug_frame   0x00000eb8       0x30 _build/nrf52832_xxaa/nrf_section_iter.c.o
 .debug_frame   0x00000ee8       0x50 _build/nrf52832_xxaa/nrf_strerror.c.o
 .debug_frame   0x00000f38       0x7c _build/nrf52832_xxaa/nrf_drv_uart.c.o
 .debug_frame   0x00000fb4      0x260 _build/nrf52832_xxaa/nrfx_gpiote.c.o
 .debug_frame   0x00001214       0x54 _build/nrf52832_xxaa/nrfx_prs.c.o
 .debug_frame   0x00001268      0x198 _build/nrf52832_xxaa/nrfx_uart.c.o
 .debug_frame   0x00001400      0x194 _build/nrf52832_xxaa/nrfx_uarte.c.o
 .debug_frame   0x00001594       0x6c _build/nrf52832_xxaa/ant_channel_config.c.o
 .debug_frame   0x00001600       0x88 _build/nrf52832_xxaa/di2_btn.c.o