Archive member included to satisfy reference by file (symbol)

c:/program files (x86)/gnu tools arm embedded/7 2018-q2-update/bin/../lib/gcc/arm-none-eabi/7.3.1/../../../../arm-none-eabi/lib/thumb/v7e-m/fpv4-sp/hard\libc_nano.a(lib_a-exit.o)
                              c:/program files (x86)/gnu tools arm embedded/7 2018-q2-update/bin/../lib/gcc/arm-none-eabi/7.3.1/../../../../arm-none-eabi/lib/thumb/v7e-m/fpv4-sp/hard/crt0.o (exit)
c:/program files (x86)/gnu tools arm embedded/7 2018-q2-update/bin/../lib/gcc/arm-none-eabi/7.3.1/../../../../arm-none-eabi/lib/thumb/v7e-m/fpv4-sp/hard\libc_nano.a(lib_a-impure.o)
                              c:/program files (x86)/gnu tools arm embedded/7 2018-q2-update/bin/../lib/gcc/arm-none-eabi/7.3.1/../../../../arm-none-eabi/lib/thumb/v7e-m/fpv4-sp/hard\libc_nano.a(lib_a-exit.o) (_global_impure_ptr)
c:/program files (x86)/gnu tools arm embedded/7 2018-q2-update/bin/../lib/gcc/arm-none-eabi/7.3.1/../../../../arm-none-eabi/lib/thumb/v7e-m/fpv4-sp/hard\libc_nano.a(lib_a-init.o)
                              c:/program files (x86)/gnu tools arm embedded/7 2018-q2-update/bin/../lib/gcc/arm-none-eabi/7.3.1/../../../../arm-none-eabi/lib/thumb/v7e-m/fpv4-sp/hard/crt0.o (__libc_init_array)
c:/program files (x86)/gnu tools arm embedded/7 2018-q2-update/bin/../lib/gcc/arm-none-eabi/7.3.1/../../../../arm-none-eabi/lib/thumb/v7e-m/fpv4-sp/hard\libc_nano.a(lib_a-locale.o)
                              _build/nrf52832_xxaa/nrf_log_str_formatter.c.o (__locale_ctype_ptr)
c:/program files (x86)/gnu tools arm embedded/7 2018-q2-update/bin/../lib/gcc/arm-none-eabi/7.3.1/../../../../arm-none-eabi/lib/thumb/v7e-m/fpv4-sp/hard\libc_nano.a(lib_a-mbtowc_r.o)
                              c:/program files (x86)/gnu tools arm embedded/7 2018-q2-update/bin/../lib/gcc/arm-none-eabi/7.3.1/../../../../arm-none-eabi/lib/thumb/v7e-m/fpv4-sp/hard\libc_nano.a(lib_a-locale.o) (__ascii_mbtowc)
c:/program files (x86)/gnu tools arm embedded/7 2018-q2-update/bin/../lib/gcc/arm-none-eabi/7.3.1/../../../../arm-none-eabi/lib/thumb/v7e-m/fpv4-sp/hard\libc_nano.a(lib_a-memcpy-stub.o)
                              _build/nrf52832_xxaa/nrf_log_frontend.c.o (memcpy)
c:/program files (x86)/gnu tools arm embedded/7 2018-q2-update/bin/../lib/gcc/arm-none-eabi/7.3.1/../../../../arm-none-eabi/lib/thumb/v7e-m/fpv4-sp/hard\libc_nano.a(lib_a-memset.o)
                              c:/program files (x86)/gnu tools arm embedded/7 2018-q2-update/bin/../lib/gcc/arm-none-eabi/7.3.1/../../../../arm-none-eabi/lib/thumb/v7e-m/fpv4-sp/hard/crt0.o (memset)
c:/program files (x86)/gnu tools arm embedded/7 2018-q2-update/bin/../lib/gcc/arm-none-eabi/7.3.1/../../../../arm-none-eabi/lib/thumb/v7e-m/fpv4-sp/hard\libc_nano.a(lib_a-strcmp.o)
                              c:/program files (x86)/gnu tools arm embedded/7 2018-q2-update/bin/../lib/gcc/arm-none-eabi/7.3.1/../../../../arm-none-eabi/lib/thumb/v7e-m/fpv4-sp/hard\libc_nano.a(lib_a-locale.o) (strcmp)
c:/program files (x86)/gnu tools arm embedded/7 2018-q2-update/bin/../lib/gcc/arm-none-eabi/7.3.1/../../../../arm-none-eabi/lib/thumb/v7e-m/fpv4-sp/hard\libc_nano.a(lib_a-strcpy.o)
                              _build/nrf52832_xxaa/SEGGER_RTT.c.o (strcpy)
c:/program files (x86)/gnu tools arm embedded/7 2018-q2-update/bin/../lib/gcc/arm-none-eabi/7.3.1/../../../../arm-none-eabi/lib/thumb/v7e-m/fpv4-sp/hard\libc_nano.a(lib_a-strlen.o)
                              _build/nrf52832_xxaa/nrf_log_frontend.c.o (strlen)
c:/program files (x86)/gnu tools arm embedded/7 2018-q2-update/bin/../lib/gcc/arm-none-eabi/7.3.1/../../../../arm-none-eabi/lib/thumb/v7e-m/fpv4-sp/hard\libc_nano.a(lib_a-wctomb_r.o)
                              c:/program files (x86)/gnu tools arm embedded/7 2018-q2-update/bin/../lib/gcc/arm-none-eabi/7.3.1/../../../../arm-none-eabi/lib/thumb/v7e-m/fpv4-sp/hard\libc_nano.a(lib_a-locale.o) (__ascii_wctomb)
c:/program files (x86)/gnu tools arm embedded/7 2018-q2-update/bin/../lib/gcc/arm-none-eabi/7.3.1/../../../../arm-none-eabi/lib/thumb/v7e-m/fpv4-sp/hard\libc_nano.a(lib_a-ctype_.o)
                              c:/program files (x86)/gnu tools arm embedded/7 2018-q2-update/bin/../lib/gcc/arm-none-eabi/7.3.1/../../../../arm-none-eabi/lib/thumb/v7e-m/fpv4-sp/hard\libc_nano.a(lib_a-locale.o) (_ctype_)
c:/program files (x86)/gnu tools arm embedded/7 2018-q2-update/bin/../lib/gcc/arm-none-eabi/7.3.1/../../../../arm-none-eabi/lib/thumb/v7e-m/fpv4-sp/hard\libnosys.a(_exit.o)
                              c:/program files (x86)/gnu tools arm embedded/7 2018-q2-update/bin/../lib/gcc/arm-none-eabi/7.3.1/../../../../arm-none-eabi/lib/thumb/v7e-m/fpv4-sp/hard\libc_nano.a(lib_a-exit.o) (_exit)
c:/program files (x86)/gnu tools arm embedded/7 2018-q2-update/bin/../lib/gcc/arm-none-eabi/7.3.1/thumb/v7e-m/fpv4-sp/hard\libgcc.a(_aeabi_ldivmod.o)
                              _build/nrf52832_xxaa/bsp.c.o (__aeabi_ldivmod)
[...]
Memory Configuration

Name             Origin             Length             Attributes
FLASH            0x00012000         0x0006e000         xr
RAM              0x20000b80         0x0000f480         xrw
*default*        0x00000000         0xffffffff

Linker script and memory map


.text           0x00012000     0x64f0
 *(.isr_vector)
 .isr_vector    0x00012000      0x200 _build/nrf52832_xxaa/gcc_startup_nrf52.S.o
                0x00012000                __isr_vector
 *(.text*)
 .text          0x00012200       0x40 c:/program files (x86)/gnu tools arm embedded/7 2018-q2-update/bin/../lib/gcc/arm-none-eabi/7.3.1/thumb/v7e-m/fpv4-sp/hard/crtbegin.o
 .text          0x00012240       0x74 c:/program files (x86)/gnu tools arm embedded/7 2018-q2-update/bin/../lib/gcc/arm-none-eabi/7.3.1/../../../../arm-none-eabi/lib/thumb/v7e-m/fpv4-sp/hard/crt0.o
                0x00012240                _start
                0x00012240                _mainCRTStartup
 .text          0x000122b4       0x3c _build/nrf52832_xxaa/gcc_startup_nrf52.S.o
                0x000122b4                Reset_Handler
                0x000122dc                NMI_Handler
                0x000122e0                MemoryManagement_Handler
                0x000122e2                BusFault_Handler
                0x000122e4                UsageFault_Handler
                0x000122e6                SVC_Handler
                0x000122e8                DebugMon_Handler
                0x000122ea                PendSV_Handler
                0x000122ec                SysTick_Handler
                0x000122ee                PDM_IRQHandler
                0x000122ee                TEMP_IRQHandler
                0x000122ee                QDEC_IRQHandler
                0x000122ee                TIMER3_IRQHandler
                0x000122ee                FPU_IRQHandler
                0x000122ee                RADIO_IRQHandler
                0x000122ee                RTC0_IRQHandler
                0x000122ee                TIMER4_IRQHandler
                0x000122ee                I2S_IRQHandler
                0x000122ee                SWI4_EGU4_IRQHandler
                0x000122ee                TIMER0_IRQHandler
                0x000122ee                SPIM0_SPIS0_TWIM0_TWIS0_SPI0_TWI0_IRQHandler
                0x000122ee                TIMER1_IRQHandler
                0x000122ee                PWM2_IRQHandler
                0x000122ee                ECB_IRQHandler
                0x000122ee                SPIM1_SPIS1_TWIM1_TWIS1_SPI1_TWI1_IRQHandler
                0x000122ee                Default_Handler
                0x000122ee                CCM_AAR_IRQHandler
                0x000122ee                WDT_IRQHandler
                0x000122ee                PWM1_IRQHandler
                0x000122ee                SWI5_EGU5_IRQHandler
                0x000122ee                RNG_IRQHandler
                0x000122ee                RTC2_IRQHandler
                0x000122ee                PWM0_IRQHandler
                0x000122ee                SWI3_EGU3_IRQHandler
                0x000122ee                SWI1_EGU1_IRQHandler
                0x000122ee                SPIM2_SPIS2_SPI2_IRQHandler
                0x000122ee                NFCT_IRQHandler
                0x000122ee                POWER_CLOCK_IRQHandler
                0x000122ee                MWU_IRQHandler
                0x000122ee                TIMER2_IRQHandler
                0x000122ee                COMP_LPCOMP_IRQHandler
 .text.nrf_log_backend_serial_put
                0x000122f0       0xd4 _build/nrf52832_xxaa/nrf_log_backend_serial.c.o
                0x000122f0                nrf_log_backend_serial_put
 .text.uart_evt_handler
                0x000123c4        0xc _build/nrf52832_xxaa/nrf_log_backend_uart.c.o
 .text.nrf_log_backend_uart_flush
                0x000123d0        0x4 _build/nrf52832_xxaa/nrf_log_backend_uart.c.o
 .text.nrf_log_backend_uart_put
                0x000123d4       0x20 _build/nrf52832_xxaa/nrf_log_backend_uart.c.o
 .text.serial_tx
                0x000123f4       0x4c _build/nrf52832_xxaa/nrf_log_backend_uart.c.o
 .text.nrf_log_backend_uart_panic_set
                0x00012440       0x60 _build/nrf52832_xxaa/nrf_log_backend_uart.c.o
 .text.nrf_log_backend_uart_init
                0x000124a0       0x48 _build/nrf52832_xxaa/nrf_log_backend_uart.c.o
                0x000124a0                nrf_log_backend_uart_init
 .text.nrf_log_default_backends_init
                0x000124e8       0x20 _build/nrf52832_xxaa/nrf_log_default_backends.c.o
                0x000124e8                nrf_log_default_backends_init
 .text.log_skip
                0x00012508       0xd4 _build/nrf52832_xxaa/nrf_log_frontend.c.o
 .text.nrf_log_init
                0x000125dc       0x3c _build/nrf52832_xxaa/nrf_log_frontend.c.o
                0x000125dc                nrf_log_init
 .text.nrf_log_module_name_get
                0x00012618       0x58 _build/nrf52832_xxaa/nrf_log_frontend.c.o
                0x00012618                nrf_log_module_name_get
 .text.nrf_log_color_id_get
                0x00012670       0x2c _build/nrf52832_xxaa/nrf_log_frontend.c.o
                0x00012670                nrf_log_color_id_get
 .text.nrf_log_frontend_std_0
                0x0001269c       0xf0 _build/nrf52832_xxaa/nrf_log_frontend.c.o
                0x0001269c                nrf_log_frontend_std_0
 .text.nrf_log_frontend_dequeue.part.6
                0x0001278c      0x26c _build/nrf52832_xxaa/nrf_log_frontend.c.o
 .text.nrf_log_frontend_std_1
                0x000129f8      0x100 _build/nrf52832_xxaa/nrf_log_frontend.c.o
                0x000129f8                nrf_log_frontend_std_1
 .text.nrf_log_frontend_std_2
                0x00012af8      0x104 _build/nrf52832_xxaa/nrf_log_frontend.c.o
                0x00012af8                nrf_log_frontend_std_2
 .text.nrf_log_frontend_std_3
                0x00012bfc      0x110 _build/nrf52832_xxaa/nrf_log_frontend.c.o
                0x00012bfc                nrf_log_frontend_std_3
 .text.nrf_log_frontend_std_4
                0x00012d0c      0x12c _build/nrf52832_xxaa/nrf_log_frontend.c.o
                0x00012d0c                nrf_log_frontend_std_4
 .text.nrf_log_frontend_hexdump
                0x00012e38      0x148 _build/nrf52832_xxaa/nrf_log_frontend.c.o
                0x00012e38                nrf_log_frontend_hexdump
 .text.nrf_log_frontend_dequeue
                0x00012f80       0x18 _build/nrf52832_xxaa/nrf_log_frontend.c.o
                0x00012f80                nrf_log_frontend_dequeue
 .text.nrf_log_backend_add
                0x00012f98       0x68 _build/nrf52832_xxaa/nrf_log_frontend.c.o
                0x00012f98                nrf_log_backend_add
 .text.nrf_log_panic
                0x00013000       0x2c _build/nrf52832_xxaa/nrf_log_frontend.c.o
                0x00013000                nrf_log_panic
 .text.nrf_log_std_entry_process
                0x0001302c      0x14c _build/nrf52832_xxaa/nrf_log_str_formatter.c.o
                0x0001302c                nrf_log_std_entry_process
 .text.nrf_log_hexdump_entry_process
                0x00013178      0x160 _build/nrf52832_xxaa/nrf_log_str_formatter.c.o
                0x00013178                nrf_log_hexdump_entry_process
 .text.bsp_board_leds_off
                0x000132d8       0x2c _build/nrf52832_xxaa/boards.c.o
                0x000132d8                bsp_board_leds_off
 .text.detection_delay_timeout_handler
                0x00013304      0x120 _build/nrf52832_xxaa/app_button.c.o
 .text.gpiote_event_handler
                0x00013424       0xa8 _build/nrf52832_xxaa/app_button.c.o
 .text.app_button_init
                0x000134cc       0xb0 _build/nrf52832_xxaa/app_button.c.o
                0x000134cc                app_button_init
 .text.app_button_enable
                0x0001357c       0x2c _build/nrf52832_xxaa/app_button.c.o
                0x0001357c                app_button_enable
 .text.app_button_is_pushed
                0x000135a8       0x2c _build/nrf52832_xxaa/app_button.c.o
                0x000135a8                app_button_is_pushed
 .text.app_error_handler_bare
                0x000135d4       0x20 _build/nrf52832_xxaa/app_error.c.o
                0x000135d4                app_error_handler_bare
 .text.app_error_fault_handler
                0x000135f4       0x70 _build/nrf52832_xxaa/app_error_weak.c.o
                0x000135f4                app_error_fault_handler
 .text.RTC1_IRQHandler
                0x00013664       0xa0 _build/nrf52832_xxaa/app_timer.c.o
                0x00013664                RTC1_IRQHandler
 .text.SWI0_EGU0_IRQHandler
                0x00013704      0x394 _build/nrf52832_xxaa/app_timer.c.o
                0x00013704                SWI0_EGU0_IRQHandler
 .text.app_timer_init
                0x00013a98       0xa8 _build/nrf52832_xxaa/app_timer.c.o
                0x00013a98                app_timer_init
 .text.app_timer_create
                0x00013b40       0x24 _build/nrf52832_xxaa/app_timer.c.o
                0x00013b40                app_timer_create
 .text.app_timer_start
                0x00013b64       0xac _build/nrf52832_xxaa/app_timer.c.o
                0x00013b64                app_timer_start
 .text.app_timer_stop
                0x00013c10       0x74 _build/nrf52832_xxaa/app_timer.c.o
                0x00013c10                app_timer_stop
 .text.app_util_critical_region_enter
                0x00013c84       0x4c _build/nrf52832_xxaa/app_util_platform.c.o
                0x00013c84                app_util_critical_region_enter
 .text.app_util_critical_region_exit
                0x00013cd0       0x30 _build/nrf52832_xxaa/app_util_platform.c.o
                0x00013cd0                app_util_critical_region_exit
 .text.HardFault_Handler
                0x00013d00       0x34 _build/nrf52832_xxaa/hardfault_handler_gcc.c.o
                0x00013d00                HardFault_Handler
 .text.HardFault_process
                0x00013d34       0x24 _build/nrf52832_xxaa/hardfault_implementation.c.o
                0x00013d34                HardFault_process
 .text.HardFault_c_handler
                0x00013d58      0x104 _build/nrf52832_xxaa/hardfault_implementation.c.o
                0x00013d58                HardFault_c_handler
 .text.nrf_atomic_u32_fetch_store
                0x00013e5c       0x14 _build/nrf52832_xxaa/nrf_atomic.c.o
                0x00013e5c                nrf_atomic_u32_fetch_store
 .text.nrf_atomic_u32_add
                0x00013e70       0x18 _build/nrf52832_xxaa/nrf_atomic.c.o
                0x00013e70                nrf_atomic_u32_add
 .text.nrf_atomic_u32_sub
                0x00013e88       0x18 _build/nrf52832_xxaa/nrf_atomic.c.o
                0x00013e88                nrf_atomic_u32_sub
 .text.nrf_atomic_flag_set
                0x00013ea0       0x18 _build/nrf52832_xxaa/nrf_atomic.c.o
                0x00013ea0                nrf_atomic_flag_set
 .text.nrf_atomic_flag_clear_fetch
                0x00013eb8       0x18 _build/nrf52832_xxaa/nrf_atomic.c.o
                0x00013eb8                nrf_atomic_flag_clear_fetch
 .text.nrf_balloc_init
                0x00013ed0       0x38 _build/nrf52832_xxaa/nrf_balloc.c.o
                0x00013ed0                nrf_balloc_init
 .text.nrf_balloc_alloc
                0x00013f08       0x50 _build/nrf52832_xxaa/nrf_balloc.c.o
                0x00013f08                nrf_balloc_alloc
 .text.nrf_balloc_free
                0x00013f58       0x38 _build/nrf52832_xxaa/nrf_balloc.c.o
                0x00013f58                nrf_balloc_free
 .text.nrf_fprintf_buffer_flush
                0x00013f90       0x18 _build/nrf52832_xxaa/nrf_fprintf.c.o
                0x00013f90                nrf_fprintf_buffer_flush
 .text.nrf_fprintf
                0x00013fa8       0x20 _build/nrf52832_xxaa/nrf_fprintf.c.o
                0x00013fa8                nrf_fprintf
 .text.unsigned_print
                0x00013fc8      0x10c _build/nrf52832_xxaa/nrf_fprintf_format.c.o
 .text.nrf_fprintf_fmt
                0x000140d4      0x5c4 _build/nrf52832_xxaa/nrf_fprintf_format.c.o
                0x000140d4                nrf_fprintf_fmt
 .text.nrf_memobj_pool_init
                0x00014698        0x4 _build/nrf52832_xxaa/nrf_memobj.c.o
                0x00014698                nrf_memobj_pool_init
 .text.nrf_memobj_alloc
                0x0001469c       0x84 _build/nrf52832_xxaa/nrf_memobj.c.o
                0x0001469c                nrf_memobj_alloc
 .text.nrf_memobj_get
                0x00014720        0x8 _build/nrf52832_xxaa/nrf_memobj.c.o
                0x00014720                nrf_memobj_get
 .text.nrf_memobj_put
                0x00014728       0x44 _build/nrf52832_xxaa/nrf_memobj.c.o
                0x00014728                nrf_memobj_put
 .text.nrf_memobj_write
                0x0001476c       0x68 _build/nrf52832_xxaa/nrf_memobj.c.o
                0x0001476c                nrf_memobj_write
 .text.nrf_memobj_read
                0x000147d4       0x68 _build/nrf52832_xxaa/nrf_memobj.c.o
                0x000147d4                nrf_memobj_read
 .text.sd_app_evt_wait
                0x0001483c        0x4 _build/nrf52832_xxaa/nrf_pwr_mgmt.c.o
 .text.nrf_pwr_mgmt_run
                0x00014840       0x50 _build/nrf52832_xxaa/nrf_pwr_mgmt.c.o
                0x00014840                nrf_pwr_mgmt_run
 .text.nrf_ringbuf_init
                0x00014890       0x1c _build/nrf52832_xxaa/nrf_ringbuf.c.o
                0x00014890                nrf_ringbuf_init
 .text.nrf_section_iter_init
                0x000148ac       0x14 _build/nrf52832_xxaa/nrf_section_iter.c.o
                0x000148ac                nrf_section_iter_init
 .text.nrf_section_iter_next
                0x000148c0       0x18 _build/nrf52832_xxaa/nrf_section_iter.c.o
                0x000148c0                nrf_section_iter_next
 .text.nrf_strerror_get
                0x000148d8       0x6c _build/nrf52832_xxaa/nrf_strerror.c.o
                0x000148d8                nrf_strerror_get
 .text.uarte_evt_handler
                0x00014944       0x34 _build/nrf52832_xxaa/nrf_drv_uart.c.o
 .text.uart_evt_handler
                0x00014978       0x34 _build/nrf52832_xxaa/nrf_drv_uart.c.o
 .text.nrf_drv_uart_init
                0x000149ac       0x80 _build/nrf52832_xxaa/nrf_drv_uart.c.o
                0x000149ac                nrf_drv_uart_init
 .text.nrfx_gpiote_init
                0x00014a2c       0x88 _build/nrf52832_xxaa/nrfx_gpiote.c.o
                0x00014a2c                nrfx_gpiote_init
 .text.nrfx_gpiote_is_init
                0x00014ab4       0x14 _build/nrf52832_xxaa/nrfx_gpiote.c.o
                0x00014ab4                nrfx_gpiote_is_init
 .text.nrfx_gpiote_in_init
                0x00014ac8      0x1bc _build/nrf52832_xxaa/nrfx_gpiote.c.o
                0x00014ac8                nrfx_gpiote_in_init
 .text.nrfx_gpiote_in_event_enable
                0x00014c84       0xc4 _build/nrf52832_xxaa/nrfx_gpiote.c.o
                0x00014c84                nrfx_gpiote_in_event_enable
 .text.nrfx_gpiote_in_is_set
                0x00014d48       0x14 _build/nrf52832_xxaa/nrfx_gpiote.c.o
                0x00014d48                nrfx_gpiote_in_is_set
 .text.GPIOTE_IRQHandler
                0x00014d5c      0x548 _build/nrf52832_xxaa/nrfx_gpiote.c.o
                0x00014d5c                GPIOTE_IRQHandler
 .text.UARTE0_UART0_IRQHandler
                0x000152a4        0xc _build/nrf52832_xxaa/nrfx_prs.c.o
                0x000152a4                UARTE0_UART0_IRQHandler
 .text.nrfx_prs_acquire
                0x000152b0       0x4c _build/nrf52832_xxaa/nrfx_prs.c.o
                0x000152b0                nrfx_prs_acquire
 .text.nrfx_prs_release
                0x000152fc       0x18 _build/nrf52832_xxaa/nrfx_prs.c.o
                0x000152fc                nrfx_prs_release
 .text.nrfx_uart_0_irq_handler
                0x00015314      0x1bc _build/nrf52832_xxaa/nrfx_uart.c.o
                0x00015314                nrfx_uart_0_irq_handler
 .text.nrfx_uart_init
                0x000154d0      0x194 _build/nrf52832_xxaa/nrfx_uart.c.o
                0x000154d0                nrfx_uart_init
 .text.nrfx_uart_uninit
                0x00015664       0xcc _build/nrf52832_xxaa/nrfx_uart.c.o
                0x00015664                nrfx_uart_uninit
 .text.nrfx_uart_tx
                0x00015730       0xcc _build/nrf52832_xxaa/nrfx_uart.c.o
                0x00015730                nrfx_uart_tx
 .text.nrfx_uarte_0_irq_handler
                0x000157fc      0x11c _build/nrf52832_xxaa/nrfx_uarte.c.o
                0x000157fc                nrfx_uarte_0_irq_handler
 .text.nrfx_uarte_init
                0x00015918      0x1b8 _build/nrf52832_xxaa/nrfx_uarte.c.o
                0x00015918                nrfx_uarte_init
 .text.nrfx_uarte_uninit
                0x00015ad0       0xd0 _build/nrf52832_xxaa/nrfx_uarte.c.o
                0x00015ad0                nrfx_uarte_uninit
 .text.nrfx_uarte_tx
                0x00015ba0       0xa4 _build/nrf52832_xxaa/nrfx_uarte.c.o
                0x00015ba0                nrfx_uarte_tx
 .text.SAADC_IRQHandler
                0x00015c44      0x1f0 _build/nrf52832_xxaa/nrfx_saadc.c.o
                0x00015c44                SAADC_IRQHandler
 .text.nrfx_saadc_init
                0x00015e34       0xa8 _build/nrf52832_xxaa/nrfx_saadc.c.o
                0x00015e34                nrfx_saadc_init
 .text.nrfx_saadc_channel_init
                0x00015edc       0xd8 _build/nrf52832_xxaa/nrfx_saadc.c.o
                0x00015edc                nrfx_saadc_channel_init
 .text.nrfx_saadc_buffer_convert
                0x00015fb4       0xc4 _build/nrf52832_xxaa/nrfx_saadc.c.o
                0x00015fb4                nrfx_saadc_buffer_convert
 .text.nrfx_saadc_sample
                0x00016078       0x30 _build/nrf52832_xxaa/nrfx_saadc.c.o
                0x00016078                nrfx_saadc_sample
 .text.sd_ant_channel_assign
                0x000160a8        0x4 _build/nrf52832_xxaa/ant_channel_config.c.o
 .text.sd_ant_channel_radio_freq_set
                0x000160ac        0x4 _build/nrf52832_xxaa/ant_channel_config.c.o
 .text.sd_ant_channel_period_set
                0x000160b0        0x4 _build/nrf52832_xxaa/ant_channel_config.c.o
 .text.sd_ant_channel_id_set
                0x000160b4        0x4 _build/nrf52832_xxaa/ant_channel_config.c.o
 .text.ant_channel_init
                0x000160b8       0x48 _build/nrf52832_xxaa/ant_channel_config.c.o
                0x000160b8                ant_channel_init
 .text.button_timeout_handler
                0x00016100      0x164 _build/nrf52832_xxaa/di2_btn.c.o
                0x00016100                button_timeout_handler
 .text.repeat_timeout_handler
                0x00016264       0x9c _build/nrf52832_xxaa/di2_btn.c.o
                0x00016264                repeat_timeout_handler
 .text.button_callback
                0x00016300       0x84 _build/nrf52832_xxaa/di2_btn.c.o
                0x00016300                button_callback
 .text.di2_buttons_init
                0x00016384       0x74 _build/nrf52832_xxaa/di2_btn.c.o
                0x00016384                di2_buttons_init
 .text.sd_ant_channel_open_with_offset
                0x000163f8        0x4 _build/nrf52832_xxaa/antDI2Master.c.o
 .text.sd_ant_broadcast_message_tx
                0x000163fc        0x4 _build/nrf52832_xxaa/antDI2Master.c.o
 .text.sd_ant_acknowledge_message_tx
                0x00016400        0x4 _build/nrf52832_xxaa/antDI2Master.c.o
 .text.sd_ant_burst_handler_request
                0x00016404        0x4 _build/nrf52832_xxaa/antDI2Master.c.o
 .text.sd_ant_network_address_set
                0x00016408        0x4 _build/nrf52832_xxaa/antDI2Master.c.o
 .text.sd_ant_channel_radio_tx_power_set
                0x0001640c        0x4 _build/nrf52832_xxaa/antDI2Master.c.o
 .text.ant_evt_handler
                0x00016410      0x1f4 _build/nrf52832_xxaa/antDI2Master.c.o
 .text.ant_message_types_master_setup
                0x00016604       0xd0 _build/nrf52832_xxaa/antDI2Master.c.o
                0x00016604                ant_message_types_master_setup
 .text.ant_message_types_master_bsp_evt_handler
                0x000166d4      0x1f0 _build/nrf52832_xxaa/antDI2Master.c.o
                0x000166d4                ant_message_types_master_bsp_evt_handler
 .text.di2_update_data
                0x000168c4       0xa8 _build/nrf52832_xxaa/antDI2Master.c.o
                0x000168c4                di2_update_data
 .text.saadc_callback
                0x0001696c       0x1c _build/nrf52832_xxaa/mpos.c.o
                0x0001696c                saadc_callback
 .text.mpos_test_convert_event_activate
                0x00016988       0x88 _build/nrf52832_xxaa/mpos.c.o
                0x00016988                mpos_test_convert_event_activate
 .text.mpos_init
                0x00016a10      0x128 _build/nrf52832_xxaa/mpos.c.o
                0x00016a10                mpos_init
 .text.startup.main
                0x00016b38       0x6c _build/nrf52832_xxaa/main.c.o
                0x00016b38                main
 .text.SystemInit
                0x00016ba4      0x3c0 _build/nrf52832_xxaa/system_nrf52.c.o
                0x00016ba4                SystemInit
 .text.sd_softdevice_enable
                0x00016f64        0x4 _build/nrf52832_xxaa/nrf_sdh.c.o
 .text.nrf_sdh_enable_request
                0x00016f68      0x11c _build/nrf52832_xxaa/nrf_sdh.c.o
                0x00016f68                nrf_sdh_enable_request
 .text.nrf_sdh_is_enabled
                0x00017084        0xc _build/nrf52832_xxaa/nrf_sdh.c.o
                0x00017084                nrf_sdh_is_enabled
 .text.SWI2_EGU2_IRQHandler
                0x00017090       0x2c _build/nrf52832_xxaa/nrf_sdh.c.o
                0x00017090                SWI2_EGU2_IRQHandler
 .text.sd_ant_event_get
                0x000170bc        0x4 _build/nrf52832_xxaa/nrf_sdh_ant.c.o
 .text.sd_ant_enable
                0x000170c0        0x4 _build/nrf52832_xxaa/nrf_sdh_ant.c.o
 .text.nrf_sdh_ant_evts_poll
                0x000170c4       0x54 _build/nrf52832_xxaa/nrf_sdh_ant.c.o
 .text.nrf_sdh_ant_enable
                0x00017118       0x5c _build/nrf52832_xxaa/nrf_sdh_ant.c.o
                0x00017118                nrf_sdh_ant_enable
 .text.exit     0x00017174       0x28 c:/program files (x86)/gnu tools arm embedded/7 2018-q2-update/bin/../lib/gcc/arm-none-eabi/7.3.1/../../../../arm-none-eabi/lib/thumb/v7e-m/fpv4-sp/hard\libc_nano.a(lib_a-exit.o)
                0x00017174                exit
 .text.__libc_init_array
                0x0001719c       0x48 c:/program files (x86)/gnu tools arm embedded/7 2018-q2-update/bin/../lib/gcc/arm-none-eabi/7.3.1/../../../../arm-none-eabi/lib/thumb/v7e-m/fpv4-sp/hard\libc_nano.a(lib_a-init.o)
                0x0001719c                __libc_init_array
 .text.__locale_ctype_ptr
                0x000171e4       0x1c c:/program files (x86)/gnu tools arm embedded/7 2018-q2-update/bin/../lib/gcc/arm-none-eabi/7.3.1/../../../../arm-none-eabi/lib/thumb/v7e-m/fpv4-sp/hard\libc_nano.a(lib_a-locale.o)
                0x000171e4                __locale_ctype_ptr
 .text.__ascii_mbtowc
                0x00017200       0x24 c:/program files (x86)/gnu tools arm embedded/7 2018-q2-update/bin/../lib/gcc/arm-none-eabi/7.3.1/../../../../arm-none-eabi/lib/thumb/v7e-m/fpv4-sp/hard\libc_nano.a(lib_a-mbtowc_r.o)
                0x00017200                __ascii_mbtowc
 .text.memcpy   0x00017224       0x16 c:/program files (x86)/gnu tools arm embedded/7 2018-q2-update/bin/../lib/gcc/arm-none-eabi/7.3.1/../../../../arm-none-eabi/lib/thumb/v7e-m/fpv4-sp/hard\libc_nano.a(lib_a-memcpy-stub.o)
                0x00017224                memcpy
 .text.memset   0x0001723a       0x10 c:/program files (x86)/gnu tools arm embedded/7 2018-q2-update/bin/../lib/gcc/arm-none-eabi/7.3.1/../../../../arm-none-eabi/lib/thumb/v7e-m/fpv4-sp/hard\libc_nano.a(lib_a-memset.o)
                0x0001723a                memset
 .text          0x0001724a       0x10 c:/program files (x86)/gnu tools arm embedded/7 2018-q2-update/bin/../lib/gcc/arm-none-eabi/7.3.1/../../../../arm-none-eabi/lib/thumb/v7e-m/fpv4-sp/hard\libc_nano.a(lib_a-strlen.o)
                0x0001724a                strlen
 .text.__ascii_wctomb
                0x0001725a       0x1a c:/program files (x86)/gnu tools arm embedded/7 2018-q2-update/bin/../lib/gcc/arm-none-eabi/7.3.1/../../../../arm-none-eabi/lib/thumb/v7e-m/fpv4-sp/hard\libc_nano.a(lib_a-wctomb_r.o)
                0x0001725a                __ascii_wctomb
 .text._exit    0x00017274        0x4 c:/program files (x86)/gnu tools arm embedded/7 2018-q2-update/bin/../lib/gcc/arm-none-eabi/7.3.1/../../../../arm-none-eabi/lib/thumb/v7e-m/fpv4-sp/hard\libnosys.a(_exit.o)
                0x00017274                _exit
 *(.init)
 .init          0x00017278        0x4 c:/program files (x86)/gnu tools arm embedded/7 2018-q2-update/bin/../lib/gcc/arm-none-eabi/7.3.1/thumb/v7e-m/fpv4-sp/hard/crti.o
                0x00017278                _init
 .init          0x0001727c        0x8 c:/program files (x86)/gnu tools arm embedded/7 2018-q2-update/bin/../lib/gcc/arm-none-eabi/7.3.1/thumb/v7e-m/fpv4-sp/hard/crtn.o
 *(.fini)
 .fini          0x00017284        0x4 c:/program files (x86)/gnu tools arm embedded/7 2018-q2-update/bin/../lib/gcc/arm-none-eabi/7.3.1/thumb/v7e-m/fpv4-sp/hard/crti.o
                0x00017284                _fini
 .fini          0x00017288        0x8 c:/program files (x86)/gnu tools arm embedded/7 2018-q2-update/bin/../lib/gcc/arm-none-eabi/7.3.1/thumb/v7e-m/fpv4-sp/hard/crtn.o
 *crtbegin.o(.ctors)
 *crtbegin?.o(.ctors)
 *(EXCLUDE_FILE(*crtend.o *crtend?.o) .ctors)
 *(SORT_BY_NAME(.ctors.*))
 *(.ctors)
 *crtbegin.o(.dtors)
 *crtbegin?.o(.dtors)
 *(EXCLUDE_FILE(*crtend.o *crtend?.o) .dtors)
 *(SORT_BY_NAME(.dtors.*))
 *(.dtors)
 *(.rodata*)
 .rodata        0x00017290       0x20 _build/nrf52832_xxaa/nrf_log_backend_uart.c.o
 .rodata.nrf_log_backend_uart_api
                0x000172b0        0xc _build/nrf52832_xxaa/nrf_log_backend_uart.c.o
                0x000172b0                nrf_log_backend_uart_api
 .rodata.str1.4
                0x000172bc       0x11 _build/nrf52832_xxaa/nrf_log_default_backends.c.o
 *fill*         0x000172cd        0x3 
 .rodata.m_log_push_ringbuf
                0x000172d0        0xc _build/nrf52832_xxaa/nrf_log_frontend.c.o
 .rodata.nrf_log_frontend_dequeue.part.6.str1.4
                0x000172dc       0x11 _build/nrf52832_xxaa/nrf_log_frontend.c.o
 *fill*         0x000172ed        0x3 
 .rodata.str1.4
                0x000172f0        0x4 _build/nrf52832_xxaa/nrf_log_frontend.c.o
 .rodata.m_colors
                0x000172f4       0x24 _build/nrf52832_xxaa/nrf_log_str_formatter.c.o
 .rodata.nrf_log_hexdump_entry_process.str1.4
                0x00017318       0x13 _build/nrf52832_xxaa/nrf_log_str_formatter.c.o
                                 0x16 (size before relaxing)
 *fill*         0x0001732b        0x1 
 .rodata.nrf_log_std_entry_process.str1.4
                0x0001732c       0x3b _build/nrf52832_xxaa/nrf_log_str_formatter.c.o
 *fill*         0x00017367        0x1 
 .rodata.severity_names
                0x00017368       0x14 _build/nrf52832_xxaa/nrf_log_str_formatter.c.o
 .rodata.str1.4
                0x0001737c       0x4e _build/nrf52832_xxaa/nrf_log_str_formatter.c.o
                                 0x56 (size before relaxing)
 *fill*         0x000173ca        0x2 
 .rodata.m_detection_delay_timer_id
                0x000173cc        0x4 _build/nrf52832_xxaa/app_button.c.o
 .rodata.app_error_fault_handler.str1.4
                0x000173d0       0x19 _build/nrf52832_xxaa/app_error_weak.c.o
 *fill*         0x000173e9        0x7 
 .rodata.delay_machine_code.8744
                0x000173f0        0x6 _build/nrf52832_xxaa/app_timer.c.o
 *fill*         0x000173f6        0x2 
 .rodata.HardFault_c_handler.str1.4
                0x000173f8      0x136 _build/nrf52832_xxaa/hardfault_implementation.c.o
 *fill*         0x0001752e        0x2 
 .rodata.cfsr_msgs.8939
                0x00017530       0x68 _build/nrf52832_xxaa/hardfault_implementation.c.o
 .rodata.str1.4
                0x00017598      0x4de _build/nrf52832_xxaa/hardfault_implementation.c.o
 *fill*         0x00017a76        0x2 
 .rodata._aV2C.7442
                0x00017a78       0x10 _build/nrf52832_xxaa/nrf_fprintf_format.c.o
 .rodata.str1.4
                0x00017a88        0x9 _build/nrf52832_xxaa/nrf_pwr_mgmt.c.o
 *fill*         0x00017a91        0x3 
 .rodata.m_unknown_str
                0x00017a94       0x13 _build/nrf52832_xxaa/nrf_strerror.c.o
 *fill*         0x00017aa7        0x1 
 .rodata.nrf_strerror_array
                0x00017aa8      0x128 _build/nrf52832_xxaa/nrf_strerror.c.o
 .rodata.str1.4
                0x00017bd0      0x3e9 _build/nrf52832_xxaa/nrf_strerror.c.o
 *fill*         0x00017fb9        0x3 
 .rodata.str1.4
                0x00017fbc        0x7 _build/nrf52832_xxaa/nrfx_gpiote.c.o
 *fill*         0x00017fc3        0x1 
 .rodata.str1.4
                0x00017fc4        0x4 _build/nrf52832_xxaa/nrfx_prs.c.o
 .rodata.str1.4
                0x00017fc8        0x5 _build/nrf52832_xxaa/nrfx_uart.c.o
 *fill*         0x00017fcd        0x3 
 .rodata.str1.4
                0x00017fd0        0x6 _build/nrf52832_xxaa/nrfx_uarte.c.o
 *fill*         0x00017fd6        0x2 
 .rodata.str1.4
                0x00017fd8        0x6 _build/nrf52832_xxaa/nrfx_saadc.c.o
 *fill*         0x00017fde        0x2 
 .rodata.m_button_action
                0x00017fe0        0x4 _build/nrf52832_xxaa/di2_btn.c.o
 .rodata.m_repeat_action
                0x00017fe4        0x4 _build/nrf52832_xxaa/di2_btn.c.o
 .rodata.ant_message_types_master_bsp_evt_handler.str1.4
                0x00017fe8      0x2a1 _build/nrf52832_xxaa/antDI2Master.c.o
 *fill*         0x00018289        0x3 
 .rodata.di2_update_data.str1.4
                0x0001828c       0x47 _build/nrf52832_xxaa/antDI2Master.c.o
 *fill*         0x000182d3        0x1 
 .rodata        0x000182d4       0x15 _build/nrf52832_xxaa/mpos.c.o
 *fill*         0x000182e9        0x3 
 .rodata.m_triac_timer_id
                0x000182ec        0x4 _build/nrf52832_xxaa/mpos.c.o
 .rodata.mpos_init.str1.4
                0x000182f0        0xa _build/nrf52832_xxaa/mpos.c.o
 *fill*         0x000182fa        0x2 
 .rodata.mpos_test_convert_event_activate.str1.4
                0x000182fc       0x1e _build/nrf52832_xxaa/mpos.c.o
 *fill*         0x0001831a        0x2 
 .rodata.main.str1.4
                0x0001831c       0x23 _build/nrf52832_xxaa/main.c.o
 *fill*         0x0001833f        0x1 
 .rodata        0x00018340        0x4 _build/nrf52832_xxaa/nrf_sdh.c.o
 .rodata.nrf_sdh_enable_request.str1.4
                0x00018344       0x28 _build/nrf52832_xxaa/nrf_sdh.c.o
 .rodata.sdh_req_observers
                0x0001836c        0xc _build/nrf52832_xxaa/nrf_sdh.c.o
 .rodata.sdh_stack_observers
                0x00018378        0xc _build/nrf52832_xxaa/nrf_sdh.c.o
 .rodata.sdh_state_observers
                0x00018384        0xc _build/nrf52832_xxaa/nrf_sdh.c.o
 .rodata.str1.4
                0x00018390        0x8 _build/nrf52832_xxaa/nrf_sdh.c.o
 .rodata        0x00018398        0xc _build/nrf52832_xxaa/nrf_sdh_ant.c.o
 .rodata.nrf_sdh_ant_enable.str1.4
                0x000183a4       0x1d _build/nrf52832_xxaa/nrf_sdh_ant.c.o
 *fill*         0x000183c1        0x3 
 .rodata.sdh_ant_observers
                0x000183c4        0xc _build/nrf52832_xxaa/nrf_sdh_ant.c.o
 .rodata.str1.4
                0x000183d0        0xc _build/nrf52832_xxaa/nrf_sdh_ant.c.o
 .rodata._global_impure_ptr
                0x000183dc        0x4 c:/program files (x86)/gnu tools arm embedded/7 2018-q2-update/bin/../lib/gcc/arm-none-eabi/7.3.1/../../../../arm-none-eabi/lib/thumb/v7e-m/fpv4-sp/hard\libc_nano.a(lib_a-impure.o)
                0x000183dc                _global_impure_ptr
 .rodata._setlocale_r.str1.1
                0x000183e0        0x8 c:/program files (x86)/gnu tools arm embedded/7 2018-q2-update/bin/../lib/gcc/arm-none-eabi/7.3.1/../../../../arm-none-eabi/lib/thumb/v7e-m/fpv4-sp/hard\libc_nano.a(lib_a-locale.o)
                                  0x9 (size before relaxing)
 .rodata.str1.1
                0x000183e8        0x2 c:/program files (x86)/gnu tools arm embedded/7 2018-q2-update/bin/../lib/gcc/arm-none-eabi/7.3.1/../../../../arm-none-eabi/lib/thumb/v7e-m/fpv4-sp/hard\libc_nano.a(lib_a-locale.o)
 .rodata._ctype_
                0x000183ea      0x101 c:/program files (x86)/gnu tools arm embedded/7 2018-q2-update/bin/../lib/gcc/arm-none-eabi/7.3.1/../../../../arm-none-eabi/lib/thumb/v7e-m/fpv4-sp/hard\libc_nano.a(lib_a-ctype_.o)
                0x000183ea                _ctype_
 *(.eh_frame*)
 *fill*         0x000184eb        0x1 
 .eh_frame      0x000184ec        0x0 c:/program files (x86)/gnu tools arm embedded/7 2018-q2-update/bin/../lib/gcc/arm-none-eabi/7.3.1/thumb/v7e-m/fpv4-sp/hard/crtbegin.o
 .eh_frame      0x000184ec        0x4 c:/program files (x86)/gnu tools arm embedded/7 2018-q2-update/bin/../lib/gcc/arm-none-eabi/7.3.1/thumb/v7e-m/fpv4-sp/hard/crtend.o

.glue_7         0x000184f0        0x0
 .glue_7        0x000184f0        0x0 linker stubs

.glue_7t        0x000184f0        0x0
 .glue_7t       0x000184f0        0x0 linker stubs

.vfp11_veneer   0x000184f0        0x0
 .vfp11_veneer  0x000184f0        0x0 linker stubs

.v4_bx          0x000184f0        0x0
 .v4_bx         0x000184f0        0x0 linker stubs

.iplt           0x000184f0        0x0
 .iplt          0x000184f0        0x0 c:/program files (x86)/gnu tools arm embedded/7 2018-q2-update/bin/../lib/gcc/arm-none-eabi/7.3.1/thumb/v7e-m/fpv4-sp/hard/crtbegin.o

.mem_section_dummy_rom

.sdh_ant_observers
                0x000184f0        0x8
                0x000184f0                PROVIDE (__start_sdh_ant_observers = .)
 *(SORT_BY_NAME(.sdh_ant_observers*))
 .sdh_ant_observers1
                0x000184f0        0x8 _build/nrf52832_xxaa/antDI2Master.c.o
                0x000184f8                PROVIDE (__stop_sdh_ant_observers = .)

.pwr_mgmt_data  0x000184f8        0x0
                0x000184f8                PROVIDE (__start_pwr_mgmt_data = .)
 *(SORT_BY_NAME(.pwr_mgmt_data*))
                0x000184f8                PROVIDE (__stop_pwr_mgmt_data = .)

.log_const_data
                0x000184f8       0x50
                0x000184f8                PROVIDE (__start_log_const_data = .)
 *(SORT_BY_NAME(.log_const_data*))
 .log_const_data_GPIOTE
                0x000184f8        0x8 _build/nrf52832_xxaa/nrfx_gpiote.c.o
                0x000184f8                m_nrf_log_GPIOTE_logs_data_const
 .log_const_data_PRS
                0x00018500        0x8 _build/nrf52832_xxaa/nrfx_prs.c.o
                0x00018500                m_nrf_log_PRS_logs_data_const
 .log_const_data_SAADC
                0x00018508        0x8 _build/nrf52832_xxaa/nrfx_saadc.c.o
                0x00018508                m_nrf_log_SAADC_logs_data_const
 .log_const_data_UART
                0x00018510        0x8 _build/nrf52832_xxaa/nrfx_uart.c.o
                0x00018510                m_nrf_log_UART_logs_data_const
 .log_const_data_UARTE
                0x00018518        0x8 _build/nrf52832_xxaa/nrfx_uarte.c.o
                0x00018518                m_nrf_log_UARTE_logs_data_const
 .log_const_data_app
                0x00018520        0x8 _build/nrf52832_xxaa/nrf_log_frontend.c.o
                0x00018520                m_nrf_log_app_logs_data_const
 .log_const_data_hardfault
                0x00018528        0x8 _build/nrf52832_xxaa/hardfault_implementation.c.o
                0x00018528                m_nrf_log_hardfault_logs_data_const
 .log_const_data_nrf_sdh
                0x00018530        0x8 _build/nrf52832_xxaa/nrf_sdh.c.o
                0x00018530                m_nrf_log_nrf_sdh_logs_data_const
 .log_const_data_nrf_sdh_ant
                0x00018538        0x8 _build/nrf52832_xxaa/nrf_sdh_ant.c.o
                0x00018538                m_nrf_log_nrf_sdh_ant_logs_data_const
 .log_const_data_pwr_mgmt
                0x00018540        0x8 _build/nrf52832_xxaa/nrf_pwr_mgmt.c.o
                0x00018540                m_nrf_log_pwr_mgmt_logs_data_const
                0x00018548                PROVIDE (__stop_log_const_data = .)

.sdh_stack_observers
                0x00018548        0x8
                0x00018548                PROVIDE (__start_sdh_stack_observers = .)
 *(SORT_BY_NAME(.sdh_stack_observers*))
 .sdh_stack_observers0
                0x00018548        0x8 _build/nrf52832_xxaa/nrf_sdh_ant.c.o
                0x00018550                PROVIDE (__stop_sdh_stack_observers = .)

.sdh_req_observers
                0x00018550        0x0
                0x00018550                PROVIDE (__start_sdh_req_observers = .)
 *(SORT_BY_NAME(.sdh_req_observers*))
                0x00018550                PROVIDE (__stop_sdh_req_observers = .)

.sdh_state_observers
                0x00018550        0x0
                0x00018550                PROVIDE (__start_sdh_state_observers = .)
 *(SORT_BY_NAME(.sdh_state_observers*))
                0x00018550                PROVIDE (__stop_sdh_state_observers = .)

.log_backends   0x00018550       0x10
                [!provide]                PROVIDE (__start_log_backends = .)
 *(SORT_BY_NAME(.log_backends*))
 .log_backends  0x00018550       0x10 _build/nrf52832_xxaa/nrf_log_default_backends.c.o
                [!provide]                PROVIDE (__stop_log_backends = .)

.nrf_balloc     0x00018560       0x14
                [!provide]                PROVIDE (__start_nrf_balloc = .)
 *(.nrf_balloc)
 .nrf_balloc    0x00018560       0x14 _build/nrf52832_xxaa/nrf_log_frontend.c.o
                0x00018560                log_mempool
                [!provide]                PROVIDE (__stop_nrf_balloc = .)

.ARM.extab
 *(.ARM.extab* .gnu.linkonce.armextab.*)
                0x00018574                __exidx_start = .

.ARM.exidx      0x00018574        0x8
 *(.ARM.exidx* .gnu.linkonce.armexidx.*)
 .ARM.exidx     0x00018574        0x8 c:/program files (x86)/gnu tools arm embedded/7 2018-q2-update/bin/../lib/gcc/arm-none-eabi/7.3.1/../../../../arm-none-eabi/lib/thumb/v7e-m/fpv4-sp/hard/crt0.o
                0x0001857c                __exidx_end = .
                0x0001857c                __etext = .

.rel.dyn        0x0001857c        0x0
 .rel.iplt      0x0001857c        0x0 c:/program files (x86)/gnu tools arm embedded/7 2018-q2-update/bin/../lib/gcc/arm-none-eabi/7.3.1/thumb/v7e-m/fpv4-sp/hard/crtbegin.o

.data           0x20000b80      0x214 load address 0x0001857c
                0x20000b80                __data_start__ = .
 *(vtable)
 *(.data*)
 .data.m_uart   0x20000b80       0x14 _build/nrf52832_xxaa/nrf_log_backend_uart.c.o
                0x20000b80                m_uart
 .data.log_backend_cb_uart_log_backend
                0x20000b94        0x8 _build/nrf52832_xxaa/nrf_log_default_backends.c.o
 .data.button_cfg
                0x20000b9c       0x10 _build/nrf52832_xxaa/di2_btn.c.o
 .data.m_counter
                0x20000bac        0x1 _build/nrf52832_xxaa/antDI2Master.c.o
 *fill*         0x20000bad        0x3 
 .data.m_di2_network_key
                0x20000bb0        0x8 _build/nrf52832_xxaa/antDI2Master.c.o
 .data.SystemCoreClock
                0x20000bb8        0x4 _build/nrf52832_xxaa/system_nrf52.c.o
                0x20000bb8                SystemCoreClock
 .data._impure_ptr
                0x20000bbc        0x4 c:/program files (x86)/gnu tools arm embedded/7 2018-q2-update/bin/../lib/gcc/arm-none-eabi/7.3.1/../../../../arm-none-eabi/lib/thumb/v7e-m/fpv4-sp/hard\libc_nano.a(lib_a-impure.o)
                0x20000bbc                _impure_ptr
 .data.impure_data
                0x20000bc0       0x60 c:/program files (x86)/gnu tools arm embedded/7 2018-q2-update/bin/../lib/gcc/arm-none-eabi/7.3.1/../../../../arm-none-eabi/lib/thumb/v7e-m/fpv4-sp/hard\libc_nano.a(lib_a-impure.o)
 .data.__global_locale
                0x20000c20      0x16c c:/program files (x86)/gnu tools arm embedded/7 2018-q2-update/bin/../lib/gcc/arm-none-eabi/7.3.1/../../../../arm-none-eabi/lib/thumb/v7e-m/fpv4-sp/hard\libc_nano.a(lib_a-locale.o)
                0x20000c20                __global_locale
                0x20000d8c                . = ALIGN (0x4)
                0x20000d8c                PROVIDE (__preinit_array_start = .)
 *(.preinit_array)
                0x20000d8c                PROVIDE (__preinit_array_end = .)
                0x20000d8c                . = ALIGN (0x4)
                0x20000d8c                PROVIDE (__init_array_start = .)
 *(SORT_BY_NAME(.init_array.*))
 *(.init_array)
 .init_array    0x20000d8c        0x4 c:/program files (x86)/gnu tools arm embedded/7 2018-q2-update/bin/../lib/gcc/arm-none-eabi/7.3.1/thumb/v7e-m/fpv4-sp/hard/crtbegin.o
                0x20000d90                PROVIDE (__init_array_end = .)
                0x20000d90                . = ALIGN (0x4)
                [!provide]                PROVIDE (__fini_array_start = .)
 *(SORT_BY_NAME(.fini_array.*))
 *(.fini_array)
 .fini_array    0x20000d90        0x4 c:/program files (x86)/gnu tools arm embedded/7 2018-q2-update/bin/../lib/gcc/arm-none-eabi/7.3.1/thumb/v7e-m/fpv4-sp/hard/crtbegin.o
                [!provide]                PROVIDE (__fini_array_end = .)
 *(.jcr*)
                0x20000d94                . = ALIGN (0x4)
                0x20000d94                __data_end__ = .
LOAD c:/program files (x86)/gnu tools arm embedded/7 2018-q2-update/bin/../lib/gcc/arm-none-eabi/7.3.1/thumb/v7e-m/fpv4-sp/hard/crti.o
LOAD c:/program files (x86)/gnu tools arm embedded/7 2018-q2-update/bin/../lib/gcc/arm-none-eabi/7.3.1/thumb/v7e-m/fpv4-sp/hard/crtbegin.o
LOAD c:/program files (x86)/gnu tools arm embedded/7 2018-q2-update/bin/../lib/gcc/arm-none-eabi/7.3.1/../../../../arm-none-eabi/lib/thumb/v7e-m/fpv4-sp/hard/crt0.o
LOAD _build/nrf52832_xxaa/gcc_startup_nrf52.S.o
LOAD _build/nrf52832_xxaa/nrf_log_backend_rtt.c.o
LOAD _build/nrf52832_xxaa/nrf_log_backend_serial.c.o
LOAD _build/nrf52832_xxaa/nrf_log_backend_uart.c.o
LOAD _build/nrf52832_xxaa/nrf_log_default_backends.c.o
LOAD _build/nrf52832_xxaa/nrf_log_frontend.c.o
LOAD _build/nrf52832_xxaa/nrf_log_str_formatter.c.o
LOAD _build/nrf52832_xxaa/boards.c.o
LOAD _build/nrf52832_xxaa/app_button.c.o
LOAD _build/nrf52832_xxaa/app_error.c.o
LOAD _build/nrf52832_xxaa/app_error_handler_gcc.c.o
LOAD _build/nrf52832_xxaa/app_error_weak.c.o
LOAD _build/nrf52832_xxaa/app_scheduler.c.o
LOAD _build/nrf52832_xxaa/app_timer.c.o
LOAD _build/nrf52832_xxaa/app_util_platform.c.o
LOAD _build/nrf52832_xxaa/hardfault_handler_gcc.c.o
LOAD _build/nrf52832_xxaa/hardfault_implementation.c.o
LOAD _build/nrf52832_xxaa/nrf_assert.c.o
LOAD _build/nrf52832_xxaa/nrf_atomic.c.o
LOAD _build/nrf52832_xxaa/nrf_balloc.c.o
LOAD _build/nrf52832_xxaa/nrf_fprintf.c.o
LOAD _build/nrf52832_xxaa/nrf_fprintf_format.c.o
LOAD _build/nrf52832_xxaa/nrf_memobj.c.o
LOAD _build/nrf52832_xxaa/nrf_pwr_mgmt.c.o
LOAD _build/nrf52832_xxaa/nrf_ringbuf.c.o
LOAD _build/nrf52832_xxaa/nrf_section_iter.c.o
LOAD _build/nrf52832_xxaa/nrf_strerror.c.o
LOAD _build/nrf52832_xxaa/nrf_drv_uart.c.o
LOAD _build/nrf52832_xxaa/nrfx_gpiote.c.o
LOAD _build/nrf52832_xxaa/nrfx_prs.c.o
LOAD _build/nrf52832_xxaa/nrfx_uart.c.o
LOAD _build/nrf52832_xxaa/nrfx_uarte.c.o
LOAD _build/nrf52832_xxaa/nrfx_saadc.c.o
LOAD _build/nrf52832_xxaa/ant_channel_config.c.o
LOAD _build/nrf52832_xxaa/bsp.c.o
LOAD _build/nrf52832_xxaa/di2_btn.c.o
LOAD _build/nrf52832_xxaa/antDI2Master.c.o
LOAD _build/nrf52832_xxaa/mpos.c.o
LOAD _build/nrf52832_xxaa/main.c.o
LOAD _build/nrf52832_xxaa/SEGGER_RTT.c.o
LOAD _build/nrf52832_xxaa/SEGGER_RTT_Syscalls_GCC.c.o
LOAD _build/nrf52832_xxaa/SEGGER_RTT_printf.c.o
LOAD _build/nrf52832_xxaa/system_nrf52.c.o
LOAD _build/nrf52832_xxaa/nrf_sdh.c.o
LOAD _build/nrf52832_xxaa/nrf_sdh_ant.c.o
LOAD c:/program files (x86)/gnu tools arm embedded/7 2018-q2-update/bin/../lib/gcc/arm-none-eabi/7.3.1/../../../../arm-none-eabi/lib/thumb/v7e-m/fpv4-sp/hard\libc_nano.a
LOAD c:/program files (x86)/gnu tools arm embedded/7 2018-q2-update/bin/../lib/gcc/arm-none-eabi/7.3.1/../../../../arm-none-eabi/lib/thumb/v7e-m/fpv4-sp/hard\libnosys.a
LOAD c:/program files (x86)/gnu tools arm embedded/7 2018-q2-update/bin/../lib/gcc/arm-none-eabi/7.3.1/../../../../arm-none-eabi/lib/thumb/v7e-m/fpv4-sp/hard\libm.a
START GROUP
LOAD c:/program files (x86)/gnu tools arm embedded/7 2018-q2-update/bin/../lib/gcc/arm-none-eabi/7.3.1/thumb/v7e-m/fpv4-sp/hard\libgcc.a
LOAD c:/program files (x86)/gnu tools arm embedded/7 2018-q2-update/bin/../lib/gcc/arm-none-eabi/7.3.1/../../../../arm-none-eabi/lib/thumb/v7e-m/fpv4-sp/hard\libg_nano.a
LOAD c:/program files (x86)/gnu tools arm embedded/7 2018-q2-update/bin/../lib/gcc/arm-none-eabi/7.3.1/../../../../arm-none-eabi/lib/thumb/v7e-m/fpv4-sp/hard\libc_nano.a
END GROUP
START GROUP
LOAD c:/program files (x86)/gnu tools arm embedded/7 2018-q2-update/bin/../lib/gcc/arm-none-eabi/7.3.1/thumb/v7e-m/fpv4-sp/hard\libgcc.a
LOAD c:/program files (x86)/gnu tools arm embedded/7 2018-q2-update/bin/../lib/gcc/arm-none-eabi/7.3.1/../../../../arm-none-eabi/lib/thumb/v7e-m/fpv4-sp/hard\libc_nano.a
END GROUP
LOAD c:/program files (x86)/gnu tools arm embedded/7 2018-q2-update/bin/../lib/gcc/arm-none-eabi/7.3.1/thumb/v7e-m/fpv4-sp/hard/crtend.o
LOAD c:/program files (x86)/gnu tools arm embedded/7 2018-q2-update/bin/../lib/gcc/arm-none-eabi/7.3.1/thumb/v7e-m/fpv4-sp/hard/crtn.o
START GROUP
LOAD c:/program files (x86)/gnu tools arm embedded/7 2018-q2-update/bin/../lib/gcc/arm-none-eabi/7.3.1/thumb/v7e-m/fpv4-sp/hard\libgcc.a
LOAD c:/program files (x86)/gnu tools arm embedded/7 2018-q2-update/bin/../lib/gcc/arm-none-eabi/7.3.1/../../../../arm-none-eabi/lib/thumb/v7e-m/fpv4-sp/hard\libc.a
LOAD c:/program files (x86)/gnu tools arm embedded/7 2018-q2-update/bin/../lib/gcc/arm-none-eabi/7.3.1/../../../../arm-none-eabi/lib/thumb/v7e-m/fpv4-sp/hard\libnosys.a
END GROUP

.igot.plt       0x20000d94        0x0 load address 0x00018790
 .igot.plt      0x20000d94        0x0 c:/program files (x86)/gnu tools arm embedded/7 2018-q2-update/bin/../lib/gcc/arm-none-eabi/7.3.1/thumb/v7e-m/fpv4-sp/hard/crtbegin.o
                0x20000d94                . = ALIGN (0x4)

.mem_section_dummy_ram

.log_dynamic_data
                0x20000d94        0x0
                0x20000d94                PROVIDE (__start_log_dynamic_data = .)
 *(SORT_BY_NAME(.log_dynamic_data*))
                [!provide]                PROVIDE (__stop_log_dynamic_data = .)

.log_filter_data
                0x20000d94        0x0
                [!provide]                PROVIDE (__start_log_filter_data = .)
 *(SORT_BY_NAME(.log_filter_data*))
                [!provide]                PROVIDE (__stop_log_filter_data = .)

.bss            0x20000d98      0x984 load address 0x00018798
                0x20000d98                . = ALIGN (0x4)
                0x20000d98                __bss_start__ = .
 *(.bss*)
 .bss           0x20000d98       0x1c c:/program files (x86)/gnu tools arm embedded/7 2018-q2-update/bin/../lib/gcc/arm-none-eabi/7.3.1/thumb/v7e-m/fpv4-sp/hard/crtbegin.o
 .bss.m_async_mode
                0x20000db4        0x1 _build/nrf52832_xxaa/nrf_log_backend_uart.c.o
 *fill*         0x20000db5        0x3 
 .bss.m_string_buff
                0x20000db8       0x40 _build/nrf52832_xxaa/nrf_log_backend_uart.c.o
 .bss.m_xfer_done
                0x20000df8        0x1 _build/nrf52832_xxaa/nrf_log_backend_uart.c.o
 *fill*         0x20000df9        0x3 
 .bss.log_mempool_nrf_balloc_cb
                0x20000dfc        0x8 _build/nrf52832_xxaa/nrf_log_frontend.c.o
 .bss.log_mempool_nrf_balloc_pool_mem
                0x20000e04       0xc0 _build/nrf52832_xxaa/nrf_log_frontend.c.o
 .bss.log_mempool_nrf_balloc_pool_stack
                0x20000ec4        0x8 _build/nrf52832_xxaa/nrf_log_frontend.c.o
 .bss.m_log_data
                0x20000ecc      0x424 _build/nrf52832_xxaa/nrf_log_frontend.c.o
 .bss.m_log_push_ringbuf_buf
                0x200012f0       0x80 _build/nrf52832_xxaa/nrf_log_frontend.c.o
 .bss.m_log_push_ringbuf_cb
                0x20001370       0x18 _build/nrf52832_xxaa/nrf_log_frontend.c.o
 .bss.m_button_count
                0x20001388        0x1 _build/nrf52832_xxaa/app_button.c.o
 *fill*         0x20001389        0x3 
 .bss.m_detection_delay
                0x2000138c        0x4 _build/nrf52832_xxaa/app_button.c.o
 .bss.m_detection_delay_timer_id_data
                0x20001390       0x20 _build/nrf52832_xxaa/app_button.c.o
 .bss.m_pin_state
                0x200013b0        0x8 _build/nrf52832_xxaa/app_button.c.o
 .bss.m_pin_transition
                0x200013b8        0x8 _build/nrf52832_xxaa/app_button.c.o
 .bss.mp_buttons
                0x200013c0        0x4 _build/nrf52832_xxaa/app_button.c.o
 .bss.m_op_queue
                0x200013c4      0x10c _build/nrf52832_xxaa/app_timer.c.o
 .bss.m_rtc1_reset
                0x200014d0        0x1 _build/nrf52832_xxaa/app_timer.c.o
 .bss.m_rtc1_running
                0x200014d1        0x1 _build/nrf52832_xxaa/app_timer.c.o
 *fill*         0x200014d2        0x2 
 .bss.m_ticks_elapsed
                0x200014d4        0x8 _build/nrf52832_xxaa/app_timer.c.o
 .bss.m_ticks_elapsed_q_read_ind
                0x200014dc        0x1 _build/nrf52832_xxaa/app_timer.c.o
 .bss.m_ticks_elapsed_q_write_ind
                0x200014dd        0x1 _build/nrf52832_xxaa/app_timer.c.o
 *fill*         0x200014de        0x2 
 .bss.m_ticks_latest
                0x200014e0        0x4 _build/nrf52832_xxaa/app_timer.c.o
 .bss.mp_timer_id_head
                0x200014e4        0x4 _build/nrf52832_xxaa/app_timer.c.o
 .bss.m_contexts
                0x200014e8        0x4 _build/nrf52832_xxaa/nrf_drv_uart.c.o
 .bss.m_handlers
                0x200014ec        0x4 _build/nrf52832_xxaa/nrf_drv_uart.c.o
 .bss.m_cb      0x200014f0       0x5c _build/nrf52832_xxaa/nrfx_gpiote.c.o
 .bss.m_prs_box_4
                0x2000154c        0x8 _build/nrf52832_xxaa/nrfx_prs.c.o
 .bss.m_cb      0x20001554       0x2c _build/nrf52832_xxaa/nrfx_uart.c.o
 .bss.m_cb      0x20001580       0x24 _build/nrf52832_xxaa/nrfx_uarte.c.o
 .bss.m_cb      0x200015a4       0x30 _build/nrf52832_xxaa/nrfx_saadc.c.o
 .bss.btn_1_press_count
                0x200015d4        0x1 _build/nrf52832_xxaa/di2_btn.c.o
 .bss.btn_2_press_count
                0x200015d5        0x1 _build/nrf52832_xxaa/di2_btn.c.o
 *fill*         0x200015d6        0x2 
 .bss.cnt_l     0x200015d8        0x4 _build/nrf52832_xxaa/di2_btn.c.o
 .bss.cnt_r     0x200015dc        0x4 _build/nrf52832_xxaa/di2_btn.c.o
 .bss.long_press_active_left
                0x200015e0        0x1 _build/nrf52832_xxaa/di2_btn.c.o
 .bss.long_press_active_right
                0x200015e1        0x1 _build/nrf52832_xxaa/di2_btn.c.o
 *fill*         0x200015e2        0x2 
 .bss.m_button_action_data
                0x200015e4       0x20 _build/nrf52832_xxaa/di2_btn.c.o
 .bss.m_registered_callback
                0x20001604        0x4 _build/nrf52832_xxaa/di2_btn.c.o
 .bss.m_repeat_action_data
                0x20001608       0x20 _build/nrf52832_xxaa/di2_btn.c.o
 .bss.button_page_data
                0x20001628        0x4 _build/nrf52832_xxaa/antDI2Master.c.o
 .bss.button_press
                0x2000162c        0x1 _build/nrf52832_xxaa/antDI2Master.c.o
 *fill*         0x2000162d        0x3 
 .bss.m_burst_data
                0x20001630       0x20 _build/nrf52832_xxaa/antDI2Master.c.o
 .bss.m_tx_buffer
                0x20001650        0x8 _build/nrf52832_xxaa/antDI2Master.c.o
 .bss.main_page_data
                0x20001658        0x4 _build/nrf52832_xxaa/antDI2Master.c.o
 .bss.system_setup_page_data
                0x2000165c        0x2 _build/nrf52832_xxaa/antDI2Master.c.o
 *fill*         0x2000165e        0x2 
 .bss.m_buffer_pool
                0x20001660        0x4 _build/nrf52832_xxaa/mpos.c.o
 .bss.m_triac_timer_id_data
                0x20001664       0x20 _build/nrf52832_xxaa/mpos.c.o
 .bss.m_nrf_sdh_continue
                0x20001684        0x1 _build/nrf52832_xxaa/nrf_sdh.c.o
 .bss.m_nrf_sdh_enabled
                0x20001685        0x1 _build/nrf52832_xxaa/nrf_sdh.c.o
 .bss.m_nrf_sdh_suspended
                0x20001686        0x1 _build/nrf52832_xxaa/nrf_sdh.c.o
 *fill*         0x20001687        0x1 
 .bss.m_ant_stack_buffer
                0x20001688       0x80 _build/nrf52832_xxaa/nrf_sdh_ant.c.o
 .bss.m_stack_is_enabled
                0x20001708        0x1 _build/nrf52832_xxaa/nrf_sdh_ant.c.o
 *(COMMON)
 *fill*         0x20001709        0x3 
 COMMON         0x2000170c        0xc _build/nrf52832_xxaa/app_util_platform.c.o
                0x2000170c                nrf_nvic_state
 COMMON         0x20001718        0x1 _build/nrf52832_xxaa/nrf_drv_uart.c.o
                0x20001718                nrf_drv_uart_use_easy_dma
 COMMON         0x20001719        0x1 _build/nrf52832_xxaa/antDI2Master.c.o
                0x20001719                state_message_types
                0x2000171c                . = ALIGN (0x4)
 *fill*         0x2000171a        0x2 
                0x2000171c                __bss_end__ = .

.heap           0x20001720     0x2000
                0x20001720                __HeapBase = .
                0x20001720                __end__ = .
                [!provide]                PROVIDE (end = .)
 *(.heap*)
 .heap          0x20001720     0x2000 _build/nrf52832_xxaa/gcc_startup_nrf52.S.o
                0x20003720                __HeapLimit = .

.stack_dummy    0x20001720     0x2000
 *(.stack*)
 .stack         0x20001720     0x2000 _build/nrf52832_xxaa/gcc_startup_nrf52.S.o
                0x20010000                __StackTop = (ORIGIN (RAM) + LENGTH (RAM))
                0x2000e000                __StackLimit = (__StackTop - SIZEOF (.stack_dummy))
                0x20010000                PROVIDE (__stack = __StackTop)
                0x00000001                ASSERT ((__StackLimit >= __HeapLimit), region RAM overflowed with stack)
                0x00000218                DataInitFlashUsed = (__bss_start__ - __data_start__)
                0x0000657c                CodeFlashUsed = (__etext - ORIGIN (FLASH))
                0x00006794                TotalFlashUsed = (CodeFlashUsed + DataInitFlashUsed)
                0x00000001                ASSERT ((TotalFlashUsed <= LENGTH (FLASH)), region FLASH overflowed with .data and user data)
OUTPUT(_build/nrf52832_xxaa.out elf32-littlearm)

.ARM.attributes
                0x00000000       0x30
 .ARM.attributes
                0x00000000       0x22 c:/program files (x86)/gnu tools arm embedded/7 2018-q2-update/bin/../lib/gcc/arm-none-eabi/7.3.1/thumb/v7e-m/fpv4-sp/hard/crti.o
 .ARM.attributes
                0x00000022       0x34 c:/program files (x86)/gnu tools arm embedded/7 2018-q2-update/bin/../lib/gcc/arm-none-eabi/7.3.1/thumb/v7e-m/fpv4-sp/hard/crtbegin.o
 .ARM.attributes
                0x00000056       0x20 c:/program files (x86)/gnu tools arm embedded/7 2018-q2-update/bin/../lib/gcc/arm-none-eabi/7.3.1/../../../../arm-none-eabi/lib/thumb/v7e-m/fpv4-sp/hard/crt0.o
 .ARM.attributes
                0x00000076       0x20 _build/nrf52832_xxaa/gcc_startup_nrf52.S.o
 .ARM.attributes
                0x00000096       0x39 _build/nrf52832_xxaa/nrf_log_backend_serial.c.o
 .ARM.attributes
                0x000000cf       0x39 _build/nrf52832_xxaa/nrf_log_backend_uart.c.o
 .ARM.attributes
                0x00000108       0x39 _build/nrf52832_xxaa/nrf_log_default_backends.c.o
 .ARM.attributes
                0x00000141       0x39 _build/nrf52832_xxaa/nrf_log_frontend.c.o
 .ARM.attributes
                0x0000017a       0x39 _build/nrf52832_xxaa/nrf_log_str_formatter.c.o
 .ARM.attributes
                0x000001b3       0x39 _build/nrf52832_xxaa/boards.c.o
 .ARM.attributes
                0x000001ec       0x39 _build/nrf52832_xxaa/app_button.c.o
 .ARM.attributes
                0x00000225       0x39 _build/nrf52832_xxaa/app_error.c.o
 .ARM.attributes
                0x0000025e       0x39 _build/nrf52832_xxaa/app_error_weak.c.o
 .ARM.attributes
                0x00000297       0x39 _build/nrf52832_xxaa/app_timer.c.o
 .ARM.attributes
                0x000002d0       0x39 _build/nrf52832_xxaa/app_util_platform.c.o
 .ARM.attributes
                0x00000309       0x39 _build/nrf52832_xxaa/hardfault_handler_gcc.c.o
 .ARM.attributes
                0x00000342       0x39 _build/nrf52832_xxaa/hardfault_implementation.c.o
 .ARM.attributes
                0x0000037b       0x39 _build/nrf52832_xxaa/nrf_atomic.c.o
 .ARM.attributes
                0x000003b4       0x39 _build/nrf52832_xxaa/nrf_balloc.c.o
 .ARM.attributes
                0x000003ed       0x39 _build/nrf52832_xxaa/nrf_fprintf.c.o
 .ARM.attributes
                0x00000426       0x39 _build/nrf52832_xxaa/nrf_fprintf_format.c.o
 .ARM.attributes
                0x0000045f       0x39 _build/nrf52832_xxaa/nrf_memobj.c.o
 .ARM.attributes
                0x00000498       0x39 _build/nrf52832_xxaa/nrf_pwr_mgmt.c.o
 .ARM.attributes
                0x000004d1       0x39 _build/nrf52832_xxaa/nrf_ringbuf.c.o
 .ARM.attributes
                0x0000050a       0x39 _build/nrf52832_xxaa/nrf_section_iter.c.o
 .ARM.attributes
                0x00000543       0x39 _build/nrf52832_xxaa/nrf_strerror.c.o
 .ARM.attributes
                0x0000057c       0x39 _build/nrf52832_xxaa/nrf_drv_uart.c.o
 .ARM.attributes
                0x000005b5       0x39 _build/nrf52832_xxaa/nrfx_gpiote.c.o
 .ARM.attributes
                0x000005ee       0x39 _build/nrf52832_xxaa/nrfx_prs.c.o
 .ARM.attributes
                0x00000627       0x39 _build/nrf52832_xxaa/nrfx_uart.c.o
 .ARM.attributes
                0x00000660       0x39 _build/nrf52832_xxaa/nrfx_uarte.c.o
 .ARM.attributes
                0x00000699       0x39 _build/nrf52832_xxaa/nrfx_saadc.c.o
 .ARM.attributes
                0x000006d2       0x39 _build/nrf52832_xxaa/ant_channel_config.c.o
 .ARM.attributes
                0x0000070b       0x39 _build/nrf52832_xxaa/di2_btn.c.o
 .ARM.attributes
                0x00000744       0x39 _build/nrf52832_xxaa/antDI2Master.c.o
 .ARM.attributes
                0x0000077d       0x39 _build/nrf52832_xxaa/mpos.c.o
 .ARM.attributes
                0x000007b6       0x39 _build/nrf52832_xxaa/main.c.o
 .ARM.attributes
                0x000007ef       0x39 _build/nrf52832_xxaa/system_nrf52.c.o
 .ARM.attributes
                0x00000828       0x39 _build/nrf52832_xxaa/nrf_sdh.c.o
 .ARM.attributes
                0x00000861       0x39 _build/nrf52832_xxaa/nrf_sdh_ant.c.o
 .ARM.attributes
                0x0000089a       0x34 c:/program files (x86)/gnu tools arm embedded/7 2018-q2-update/bin/../lib/gcc/arm-none-eabi/7.3.1/../../../../arm-none-eabi/lib/thumb/v7e-m/fpv4-sp/hard\libc_nano.a(lib_a-exit.o)
 .ARM.attributes
                0x000008ce       0x34 c:/program files (x86)/gnu tools arm embedded/7 2018-q2-update/bin/../lib/gcc/arm-none-eabi/7.3.1/../../../../arm-none-eabi/lib/thumb/v7e-m/fpv4-sp/hard\libc_nano.a(lib_a-impure.o)
 .ARM.attributes
                0x00000902       0x34 c:/program files (x86)/gnu tools arm embedded/7 2018-q2-update/bin/../lib/gcc/arm-none-eabi/7.3.1/../../../../arm-none-eabi/lib/thumb/v7e-m/fpv4-sp/hard\libc_nano.a(lib_a-init.o)
 .ARM.attributes
                0x00000936       0x34 c:/program files (x86)/gnu tools arm embedded/7 2018-q2-update/bin/../lib/gcc/arm-none-eabi/7.3.1/../../../../arm-none-eabi/lib/thumb/v7e-m/fpv4-sp/hard\libc_nano.a(lib_a-locale.o)
 .ARM.attributes
                0x0000096a       0x34 c:/program files (x86)/gnu tools arm embedded/7 2018-q2-update/bin/../lib/gcc/arm-none-eabi/7.3.1/../../../../arm-none-eabi/lib/thumb/v7e-m/fpv4-sp/hard\libc_nano.a(lib_a-mbtowc_r.o)
 .ARM.attributes
                0x0000099e       0x34 c:/program files (x86)/gnu tools arm embedded/7 2018-q2-update/bin/../lib/gcc/arm-none-eabi/7.3.1/../../../../arm-none-eabi/lib/thumb/v7e-m/fpv4-sp/hard\libc_nano.a(lib_a-memcpy-stub.o)
 .ARM.attributes
                0x000009d2       0x34 c:/program files (x86)/gnu tools arm embedded/7 2018-q2-update/bin/../lib/gcc/arm-none-eabi/7.3.1/../../../../arm-none-eabi/lib/thumb/v7e-m/fpv4-sp/hard\libc_nano.a(lib_a-memset.o)
 .ARM.attributes
                0x00000a06       0x1b c:/program files (x86)/gnu tools arm embedded/7 2018-q2-update/bin/../lib/gcc/arm-none-eabi/7.3.1/../../../../arm-none-eabi/lib/thumb/v7e-m/fpv4-sp/hard\libc_nano.a(lib_a-strlen.o)
 .ARM.attributes
                0x00000a21       0x34 c:/program files (x86)/gnu tools arm embedded/7 2018-q2-update/bin/../lib/gcc/arm-none-eabi/7.3.1/../../../../arm-none-eabi/lib/thumb/v7e-m/fpv4-sp/hard\libc_nano.a(lib_a-wctomb_r.o)
 .ARM.attributes
                0x00000a55       0x34 c:/program files (x86)/gnu tools arm embedded/7 2018-q2-update/bin/../lib/gcc/arm-none-eabi/7.3.1/../../../../arm-none-eabi/lib/thumb/v7e-m/fpv4-sp/hard\libc_nano.a(lib_a-ctype_.o)
 .ARM.attributes
                0x00000a89       0x34 c:/program files (x86)/gnu tools arm embedded/7 2018-q2-update/bin/../lib/gcc/arm-none-eabi/7.3.1/../../../../arm-none-eabi/lib/thumb/v7e-m/fpv4-sp/hard\libnosys.a(_exit.o)
 .ARM.attributes
                0x00000abd       0x34 c:/program files (x86)/gnu tools arm embedded/7 2018-q2-update/bin/../lib/gcc/arm-none-eabi/7.3.1/thumb/v7e-m/fpv4-sp/hard/crtend.o
 .ARM.attributes
                0x00000af1       0x22 c:/program files (x86)/gnu tools arm embedded/7 2018-q2-update/bin/../lib/gcc/arm-none-eabi/7.3.1/thumb/v7e-m/fpv4-sp/hard/crtn.o

.comment        0x00000000       0x7f
 .comment       0x00000000       0x7f _build/nrf52832_xxaa/nrf_log_backend_serial.c.o
                                 0x80 (size before relaxing)
 .comment       0x0000007f       0x80 _build/nrf52832_xxaa/nrf_log_backend_uart.c.o
 .comment       0x0000007f       0x80 _build/nrf52832_xxaa/nrf_log_default_backends.c.o
 .comment       0x0000007f       0x80 _build/nrf52832_xxaa/nrf_log_frontend.c.o
 .comment       0x0000007f       0x80 _build/nrf52832_xxaa/nrf_log_str_formatter.c.o
 .comment       0x0000007f       0x80 _build/nrf52832_xxaa/boards.c.o
 .comment       0x0000007f       0x80 _build/nrf52832_xxaa/app_button.c.o
 .comment       0x0000007f       0x80 _build/nrf52832_xxaa/app_error.c.o
 .comment       0x0000007f       0x80 _build/nrf52832_xxaa/app_error_weak.c.o
 .comment       0x0000007f       0x80 _build/nrf52832_xxaa/app_timer.c.o
 .comment       0x0000007f       0x80 _build/nrf52832_xxaa/app_util_platform.c.o
 .comment       0x0000007f       0x80 _build/nrf52832_xxaa/hardfault_handler_gcc.c.o
 .comment       0x0000007f       0x80 _build/nrf52832_xxaa/hardfault_implementation.c.o
 .comment       0x0000007f       0x80 _build/nrf52832_xxaa/nrf_atomic.c.o
 .comment       0x0000007f       0x80 _build/nrf52832_xxaa/nrf_balloc.c.o
 .comment       0x0000007f       0x80 _build/nrf52832_xxaa/nrf_fprintf.c.o
 .comment       0x0000007f       0x80 _build/nrf52832_xxaa/nrf_fprintf_format.c.o
 .comment       0x0000007f       0x80 _build/nrf52832_xxaa/nrf_memobj.c.o
 .comment       0x0000007f       0x80 _build/nrf52832_xxaa/nrf_pwr_mgmt.c.o
 .comment       0x0000007f       0x80 _build/nrf52832_xxaa/nrf_ringbuf.c.o
 .comment       0x0000007f       0x80 _build/nrf52832_xxaa/nrf_section_iter.c.o
 .comment       0x0000007f       0x80 _build/nrf52832_xxaa/nrf_strerror.c.o
 .comment       0x0000007f       0x80 _build/nrf52832_xxaa/nrf_drv_uart.c.o
 .comment       0x0000007f       0x80 _build/nrf52832_xxaa/nrfx_gpiote.c.o
 .comment       0x0000007f       0x80 _build/nrf52832_xxaa/nrfx_prs.c.o
 .comment       0x0000007f       0x80 _build/nrf52832_xxaa/nrfx_uart.c.o
 .comment       0x0000007f       0x80 _build/nrf52832_xxaa/nrfx_uarte.c.o
 .comment       0x0000007f       0x80 _build/nrf52832_xxaa/nrfx_saadc.c.o
 .comment       0x0000007f       0x80 _build/nrf52832_xxaa/ant_channel_config.c.o
 .comment       0x0000007f       0x80 _build/nrf52832_xxaa/di2_btn.c.o
 .comment       0x0000007f       0x80 _build/nrf52832_xxaa/antDI2Master.c.o
 .comment       0x0000007f       0x80 _build/nrf52832_xxaa/mpos.c.o
 .comment       0x0000007f       0x80 _build/nrf52832_xxaa/main.c.o
 .comment       0x0000007f       0x80 _build/nrf52832_xxaa/system_nrf52.c.o
 .comment       0x0000007f       0x80 _build/nrf52832_xxaa/nrf_sdh.c.o
 .comment       0x0000007f       0x80 _build/nrf52832_xxaa/nrf_sdh_ant.c.o

.debug_line     0x00000000    0x160e2
 .debug_line    0x00000000       0x86 _build/nrf52832_xxaa/gcc_startup_nrf52.S.o
 .debug_line    0x00000086      0x876 _build/nrf52832_xxaa/nrf_log_backend_serial.c.o
 .debug_line    0x000008fc      0xb01 _build/nrf52832_xxaa/nrf_log_backend_uart.c.o
 .debug_line    0x000013fd      0x7f4 _build/nrf52832_xxaa/nrf_log_default_backends.c.o
 .debug_line    0x00001bf1      0xf46 _build/nrf52832_xxaa/nrf_log_frontend.c.o
 .debug_line    0x00002b37      0x8e9 _build/nrf52832_xxaa/nrf_log_str_formatter.c.o
 .debug_line    0x00003420      0x959 _build/nrf52832_xxaa/boards.c.o
 .debug_line    0x00003d79      0x97f _build/nrf52832_xxaa/app_button.c.o
 .debug_line    0x000046f8      0x502 _build/nrf52832_xxaa/app_error.c.o
 .debug_line    0x00004bfa      0x869 _build/nrf52832_xxaa/app_error_weak.c.o
 .debug_line    0x00005463      0xd0a _build/nrf52832_xxaa/app_timer.c.o
 .debug_line    0x0000616d      0x618 _build/nrf52832_xxaa/app_util_platform.c.o
 .debug_line    0x00006785      0x56b _build/nrf52832_xxaa/hardfault_handler_gcc.c.o
 .debug_line    0x00006cf0      0x8c2 _build/nrf52832_xxaa/hardfault_implementation.c.o
 .debug_line    0x000075b2      0x708 _build/nrf52832_xxaa/nrf_atomic.c.o
 .debug_line    0x00007cba      0x7c6 _build/nrf52832_xxaa/nrf_balloc.c.o
 .debug_line    0x00008480      0x5a1 _build/nrf52832_xxaa/nrf_fprintf.c.o
 .debug_line    0x00008a21      0x79e _build/nrf52832_xxaa/nrf_fprintf_format.c.o
 .debug_line    0x000091bf      0x8a3 _build/nrf52832_xxaa/nrf_memobj.c.o
 .debug_line    0x00009a62      0xc11 _build/nrf52832_xxaa/nrf_pwr_mgmt.c.o
 .debug_line    0x0000a673      0x762 _build/nrf52832_xxaa/nrf_ringbuf.c.o
 .debug_line    0x0000add5      0x5ab _build/nrf52832_xxaa/nrf_section_iter.c.o
 .debug_line    0x0000b380      0x5ae _build/nrf52832_xxaa/nrf_strerror.c.o
 .debug_line    0x0000b92e      0x853 _build/nrf52832_xxaa/nrf_drv_uart.c.o
 .debug_line    0x0000c181     0x1363 _build/nrf52832_xxaa/nrfx_gpiote.c.o
 .debug_line    0x0000d4e4      0x951 _build/nrf52832_xxaa/nrfx_prs.c.o
 .debug_line    0x0000de35     0x1042 _build/nrf52832_xxaa/nrfx_uart.c.o
 .debug_line    0x0000ee77      0xf6a _build/nrf52832_xxaa/nrfx_uarte.c.o
 .debug_line    0x0000fde1     0x1327 _build/nrf52832_xxaa/nrfx_saadc.c.o
 .debug_line    0x00011108      0x5fc _build/nrf52832_xxaa/ant_channel_config.c.o
 .debug_line    0x00011704      0xb3b _build/nrf52832_xxaa/di2_btn.c.o
 .debug_line    0x0001223f      0xf6e _build/nrf52832_xxaa/antDI2Master.c.o
 .debug_line    0x000131ad      0xc7b _build/nrf52832_xxaa/mpos.c.o
 .debug_line    0x00013e28      0xc96 _build/nrf52832_xxaa/main.c.o
 .debug_line    0x00014abe      0x49f _build/nrf52832_xxaa/system_nrf52.c.o
 .debug_line    0x00014f5d      0x9c4 _build/nrf52832_xxaa/nrf_sdh.c.o
 .debug_line    0x00015921      0x7c1 _build/nrf52832_xxaa/nrf_sdh_ant.c.o

.debug_info     0x00000000    0x347cd
 .debug_info    0x00000000       0x26 _build/nrf52832_xxaa/gcc_startup_nrf52.S.o
 .debug_info    0x00000026     0x1125 _build/nrf52832_xxaa/nrf_log_backend_serial.c.o
 .debug_info    0x0000114b     0x1ac6 _build/nrf52832_xxaa/nrf_log_backend_uart.c.o
 .debug_info    0x00002c11      0xccc _build/nrf52832_xxaa/nrf_log_default_backends.c.o
 .debug_info    0x000038dd     0x392c _build/nrf52832_xxaa/nrf_log_frontend.c.o
 .debug_info    0x00007209     0x1380 _build/nrf52832_xxaa/nrf_log_str_formatter.c.o
 .debug_info    0x00008589     0x14d0 _build/nrf52832_xxaa/boards.c.o
 .debug_info    0x00009a59      0xf13 _build/nrf52832_xxaa/app_button.c.o
 .debug_info    0x0000a96c      0xaeb _build/nrf52832_xxaa/app_error.c.o
 .debug_info    0x0000b457      0xf19 _build/nrf52832_xxaa/app_error_weak.c.o
 .debug_info    0x0000c370     0x23d3 _build/nrf52832_xxaa/app_timer.c.o
 .debug_info    0x0000e743     0x119d _build/nrf52832_xxaa/app_util_platform.c.o
 .debug_info    0x0000f8e0      0x917 _build/nrf52832_xxaa/hardfault_handler_gcc.c.o
 .debug_info    0x000101f7     0x107f _build/nrf52832_xxaa/hardfault_implementation.c.o
 .debug_info    0x00011276     0x122a _build/nrf52832_xxaa/nrf_atomic.c.o
 .debug_info    0x000124a0      0xd8d _build/nrf52832_xxaa/nrf_balloc.c.o
 .debug_info    0x0001322d      0xaa8 _build/nrf52832_xxaa/nrf_fprintf.c.o
 .debug_info    0x00013cd5     0x11eb _build/nrf52832_xxaa/nrf_fprintf_format.c.o
 .debug_info    0x00014ec0     0x136c _build/nrf52832_xxaa/nrf_memobj.c.o
 .debug_info    0x0001622c     0x1c36 _build/nrf52832_xxaa/nrf_pwr_mgmt.c.o
 .debug_info    0x00017e62      0xe3a _build/nrf52832_xxaa/nrf_ringbuf.c.o
 .debug_info    0x00018c9c      0xa21 _build/nrf52832_xxaa/nrf_section_iter.c.o
 .debug_info    0x000196bd      0xaa2 _build/nrf52832_xxaa/nrf_strerror.c.o
 .debug_info    0x0001a15f     0x193f _build/nrf52832_xxaa/nrf_drv_uart.c.o
 .debug_info    0x0001ba9e     0x398b _build/nrf52832_xxaa/nrfx_gpiote.c.o
 .debug_info    0x0001f429     0x10d0 _build/nrf52832_xxaa/nrfx_prs.c.o
 .debug_info    0x000204f9     0x383f _build/nrf52832_xxaa/nrfx_uart.c.o
 .debug_info    0x00023d38     0x3576 _build/nrf52832_xxaa/nrfx_uarte.c.o
 .debug_info    0x000272ae     0x2da8 _build/nrf52832_xxaa/nrfx_saadc.c.o
 .debug_info    0x0002a056      0xd58 _build/nrf52832_xxaa/ant_channel_config.c.o
 .debug_info    0x0002adae     0x1297 _build/nrf52832_xxaa/di2_btn.c.o
 .debug_info    0x0002c045     0x2116 _build/nrf52832_xxaa/antDI2Master.c.o
 .debug_info    0x0002e15b     0x166f _build/nrf52832_xxaa/mpos.c.o
 .debug_info    0x0002f7ca      0xe46 _build/nrf52832_xxaa/main.c.o
 .debug_info    0x00030610     0x1139 _build/nrf52832_xxaa/system_nrf52.c.o
 .debug_info    0x00031749     0x1daf _build/nrf52832_xxaa/nrf_sdh.c.o
 .debug_info    0x000334f8     0x12d5 _build/nrf52832_xxaa/nrf_sdh_ant.c.o

.debug_abbrev   0x00000000     0x7729
 .debug_abbrev  0x00000000       0x14 _build/nrf52832_xxaa/gcc_startup_nrf52.S.o
 .debug_abbrev  0x00000014      0x27f _build/nrf52832_xxaa/nrf_log_backend_serial.c.o
 .debug_abbrev  0x00000293      0x3ca _build/nrf52832_xxaa/nrf_log_backend_uart.c.o
 .debug_abbrev  0x0000065d      0x256 _build/nrf52832_xxaa/nrf_log_default_backends.c.o
 .debug_abbrev  0x000008b3      0x598 _build/nrf52832_xxaa/nrf_log_frontend.c.o
 .debug_abbrev  0x00000e4b      0x2ba _build/nrf52832_xxaa/nrf_log_str_formatter.c.o
 .debug_abbrev  0x00001105      0x3b5 _build/nrf52832_xxaa/boards.c.o
 .debug_abbrev  0x000014ba      0x2d9 _build/nrf52832_xxaa/app_button.c.o
 .debug_abbrev  0x00001793      0x235 _build/nrf52832_xxaa/app_error.c.o
 .debug_abbrev  0x000019c8      0x298 _build/nrf52832_xxaa/app_error_weak.c.o
 .debug_abbrev  0x00001c60      0x49d _build/nrf52832_xxaa/app_timer.c.o
 .debug_abbrev  0x000020fd      0x381 _build/nrf52832_xxaa/app_util_platform.c.o
 .debug_abbrev  0x0000247e      0x1b1 _build/nrf52832_xxaa/hardfault_handler_gcc.c.o
 .debug_abbrev  0x0000262f      0x2ac _build/nrf52832_xxaa/hardfault_implementation.c.o
 .debug_abbrev  0x000028db      0x31f _build/nrf52832_xxaa/nrf_atomic.c.o
 .debug_abbrev  0x00002bfa      0x302 _build/nrf52832_xxaa/nrf_balloc.c.o
 .debug_abbrev  0x00002efc      0x239 _build/nrf52832_xxaa/nrf_fprintf.c.o
 .debug_abbrev  0x00003135      0x352 _build/nrf52832_xxaa/nrf_fprintf_format.c.o
 .debug_abbrev  0x00003487      0x350 _build/nrf52832_xxaa/nrf_memobj.c.o
 .debug_abbrev  0x000037d7      0x46d _build/nrf52832_xxaa/nrf_pwr_mgmt.c.o
 .debug_abbrev  0x00003c44      0x265 _build/nrf52832_xxaa/nrf_ringbuf.c.o
 .debug_abbrev  0x00003ea9      0x1da _build/nrf52832_xxaa/nrf_section_iter.c.o
 .debug_abbrev  0x00004083      0x248 _build/nrf52832_xxaa/nrf_strerror.c.o
 .debug_abbrev  0x000042cb      0x298 _build/nrf52832_xxaa/nrf_drv_uart.c.o
 .debug_abbrev  0x00004563      0x522 _build/nrf52832_xxaa/nrfx_gpiote.c.o
 .debug_abbrev  0x00004a85      0x30c _build/nrf52832_xxaa/nrfx_prs.c.o
 .debug_abbrev  0x00004d91      0x4fe _build/nrf52832_xxaa/nrfx_uart.c.o
 .debug_abbrev  0x0000528f      0x4c8 _build/nrf52832_xxaa/nrfx_uarte.c.o
 .debug_abbrev  0x00005757      0x55e _build/nrf52832_xxaa/nrfx_saadc.c.o
 .debug_abbrev  0x00005cb5      0x27e _build/nrf52832_xxaa/ant_channel_config.c.o
 .debug_abbrev  0x00005f33      0x30a _build/nrf52832_xxaa/di2_btn.c.o
 .debug_abbrev  0x0000623d      0x4dd _build/nrf52832_xxaa/antDI2Master.c.o
 .debug_abbrev  0x0000671a      0x346 _build/nrf52832_xxaa/mpos.c.o
 .debug_abbrev  0x00006a60      0x26f _build/nrf52832_xxaa/main.c.o
 .debug_abbrev  0x00006ccf      0x1e2 _build/nrf52832_xxaa/system_nrf52.c.o
 .debug_abbrev  0x00006eb1      0x4e7 _build/nrf52832_xxaa/nrf_sdh.c.o
 .debug_abbrev  0x00007398      0x391 _build/nrf52832_xxaa/nrf_sdh_ant.c.o

.debug_aranges  0x00000000      0xae8
 .debug_aranges
                0x00000000       0x20 _build/nrf52832_xxaa/gcc_startup_nrf52.S.o
 .debug_aranges
                0x00000020       0x20 _build/nrf52832_xxaa/nrf_log_backend_serial.c.o
 .debug_aranges
                0x00000040       0x48 _build/nrf52832_xxaa/nrf_log_backend_uart.c.o
 .debug_aranges
                0x00000088       0x20 _build/nrf52832_xxaa/nrf_log_default_backends.c.o
 .debug_aranges
                0x000000a8       0xc8 _build/nrf52832_xxaa/nrf_log_frontend.c.o
 .debug_aranges
                0x00000170       0x30 _build/nrf52832_xxaa/nrf_log_str_formatter.c.o
 .debug_aranges
                0x000001a0       0x78 _build/nrf52832_xxaa/boards.c.o
 .debug_aranges
                0x00000218       0x48 _build/nrf52832_xxaa/app_button.c.o
 .debug_aranges
                0x00000260       0x28 _build/nrf52832_xxaa/app_error.c.o
 .debug_aranges
                0x00000288       0x20 _build/nrf52832_xxaa/app_error_weak.c.o
 .debug_aranges
                0x000002a8       0x70 _build/nrf52832_xxaa/app_timer.c.o
 .debug_aranges
                0x00000318       0x48 _build/nrf52832_xxaa/app_util_platform.c.o
 .debug_aranges
                0x00000360       0x20 _build/nrf52832_xxaa/hardfault_handler_gcc.c.o
 .debug_aranges
                0x00000380       0x28 _build/nrf52832_xxaa/hardfault_implementation.c.o
 .debug_aranges
                0x000003a8       0xb0 _build/nrf52832_xxaa/nrf_atomic.c.o
 .debug_aranges
                0x00000458       0x30 _build/nrf52832_xxaa/nrf_balloc.c.o
 .debug_aranges
                0x00000488       0x28 _build/nrf52832_xxaa/nrf_fprintf.c.o
 .debug_aranges
                0x000004b0       0x28 _build/nrf52832_xxaa/nrf_fprintf_format.c.o
 .debug_aranges
                0x000004d8       0x50 _build/nrf52832_xxaa/nrf_memobj.c.o
 .debug_aranges
                0x00000528       0x48 _build/nrf52832_xxaa/nrf_pwr_mgmt.c.o
 .debug_aranges
                0x00000570       0x50 _build/nrf52832_xxaa/nrf_ringbuf.c.o
 .debug_aranges
                0x000005c0       0x28 _build/nrf52832_xxaa/nrf_section_iter.c.o
 .debug_aranges
                0x000005e8       0x28 _build/nrf52832_xxaa/nrf_strerror.c.o
 .debug_aranges
                0x00000610       0x30 _build/nrf52832_xxaa/nrf_drv_uart.c.o
 .debug_aranges
                0x00000640       0xd8 _build/nrf52832_xxaa/nrfx_gpiote.c.o
 .debug_aranges
                0x00000718       0x30 _build/nrf52832_xxaa/nrfx_prs.c.o
 .debug_aranges
                0x00000748       0x78 _build/nrf52832_xxaa/nrfx_uart.c.o
 .debug_aranges
                0x000007c0       0x68 _build/nrf52832_xxaa/nrfx_uarte.c.o
 .debug_aranges
                0x00000828       0x80 _build/nrf52832_xxaa/nrfx_saadc.c.o
 .debug_aranges
                0x000008a8       0x40 _build/nrf52832_xxaa/ant_channel_config.c.o
 .debug_aranges
                0x000008e8       0x38 _build/nrf52832_xxaa/di2_btn.c.o
 .debug_aranges
                0x00000920       0x98 _build/nrf52832_xxaa/antDI2Master.c.o
 .debug_aranges
                0x000009b8       0x40 _build/nrf52832_xxaa/mpos.c.o
 .debug_aranges
                0x000009f8       0x20 _build/nrf52832_xxaa/main.c.o
 .debug_aranges
                0x00000a18       0x28 _build/nrf52832_xxaa/system_nrf52.c.o
 .debug_aranges
                0x00000a40       0x70 _build/nrf52832_xxaa/nrf_sdh.c.o
 .debug_aranges
                0x00000ab0       0x38 _build/nrf52832_xxaa/nrf_sdh_ant.c.o

.debug_str      0x00000000    0x8817f
 .debug_str     0x00000000       0x8d _build/nrf52832_xxaa/gcc_startup_nrf52.S.o
 .debug_str     0x0000008d    0x6ee53 _build/nrf52832_xxaa/nrf_log_backend_serial.c.o
                              0x6fddf (size before relaxing)
 .debug_str     0x0006eee0     0x3e38 _build/nrf52832_xxaa/nrf_log_backend_uart.c.o
                              0x73702 (size before relaxing)
 .debug_str     0x00072d18      0x11c _build/nrf52832_xxaa/nrf_log_default_backends.c.o
                              0x6fb96 (size before relaxing)
 .debug_str     0x00072e34     0x1372 _build/nrf52832_xxaa/nrf_log_frontend.c.o
                              0x7104d (size before relaxing)
 .debug_str     0x000741a6      0x6a4 _build/nrf52832_xxaa/nrf_log_str_formatter.c.o
                              0x702f7 (size before relaxing)
 .debug_str     0x0007484a     0x154e _build/nrf52832_xxaa/boards.c.o
                              0x70037 (size before relaxing)
 .debug_str     0x00075d98     0x157d _build/nrf52832_xxaa/app_button.c.o
                              0x7067f (size before relaxing)
 .debug_str     0x00077315       0xf4 _build/nrf52832_xxaa/app_error.c.o
                              0x609c4 (size before relaxing)
 .debug_str     0x00077409      0xa8b _build/nrf52832_xxaa/app_error_weak.c.o
                              0x70c11 (size before relaxing)
 .debug_str     0x00077e94      0xb4e _build/nrf52832_xxaa/app_timer.c.o
                              0x70049 (size before relaxing)
 .debug_str     0x000789e2      0x24e _build/nrf52832_xxaa/app_util_platform.c.o
                              0x61ed8 (size before relaxing)
 .debug_str     0x00078c30       0x69 _build/nrf52832_xxaa/hardfault_handler_gcc.c.o
                              0x6aa16 (size before relaxing)
 .debug_str     0x00078c99      0x16e _build/nrf52832_xxaa/hardfault_implementation.c.o
                              0x7032d (size before relaxing)
 .debug_str     0x00078e07      0x6b9 _build/nrf52832_xxaa/nrf_atomic.c.o
                              0x6b10a (size before relaxing)
 .debug_str     0x000794c0      0x164 _build/nrf52832_xxaa/nrf_balloc.c.o
                              0x6fb90 (size before relaxing)
 .debug_str     0x00079624      0x144 _build/nrf52832_xxaa/nrf_fprintf.c.o
                              0x6ad63 (size before relaxing)
 .debug_str     0x00079768      0x116 _build/nrf52832_xxaa/nrf_fprintf_format.c.o
                              0x6ae58 (size before relaxing)
 .debug_str     0x0007987e      0x1a5 _build/nrf52832_xxaa/nrf_memobj.c.o
                              0x6df48 (size before relaxing)
 .debug_str     0x00079a23     0x16d2 _build/nrf52832_xxaa/nrf_pwr_mgmt.c.o
                              0x748af (size before relaxing)
 .debug_str     0x0007b0f5       0xdc _build/nrf52832_xxaa/nrf_ringbuf.c.o
                              0x6c63a (size before relaxing)
 .debug_str     0x0007b1d1       0x54 _build/nrf52832_xxaa/nrf_section_iter.c.o
                              0x6af32 (size before relaxing)
 .debug_str     0x0007b225       0xed _build/nrf52832_xxaa/nrf_strerror.c.o
                              0x6aacf (size before relaxing)
 .debug_str     0x0007b312      0x470 _build/nrf52832_xxaa/nrf_drv_uart.c.o
                              0x6ff15 (size before relaxing)
 .debug_str     0x0007b782     0x1071 _build/nrf52832_xxaa/nrfx_gpiote.c.o
                              0x73c56 (size before relaxing)
 .debug_str     0x0007c7f3      0x338 _build/nrf52832_xxaa/nrfx_prs.c.o
                              0x72144 (size before relaxing)
 .debug_str     0x0007cb2b      0x6cd _build/nrf52832_xxaa/nrfx_uart.c.o
                              0x732d2 (size before relaxing)
 .debug_str     0x0007d1f8      0x976 _build/nrf52832_xxaa/nrfx_uarte.c.o
                              0x73766 (size before relaxing)
 .debug_str     0x0007db6e     0x18c2 _build/nrf52832_xxaa/nrfx_saadc.c.o
                              0x73a05 (size before relaxing)
 .debug_str     0x0007f430     0x51f8 _build/nrf52832_xxaa/ant_channel_config.c.o
                              0x6fbf7 (size before relaxing)
 .debug_str     0x00084628      0x353 _build/nrf52832_xxaa/di2_btn.c.o
                              0x7310b (size before relaxing)
 .debug_str     0x0008497b     0x14f1 _build/nrf52832_xxaa/antDI2Master.c.o
                              0x7943a (size before relaxing)
 .debug_str     0x00085e6c     0x17b7 _build/nrf52832_xxaa/mpos.c.o
                              0x76b63 (size before relaxing)
 .debug_str     0x00087623       0x8c _build/nrf52832_xxaa/main.c.o
                              0x7b756 (size before relaxing)
 .debug_str     0x000876af      0x29b _build/nrf52832_xxaa/system_nrf52.c.o
                              0x5c48e (size before relaxing)
 .debug_str     0x0008794a      0x5ca _build/nrf52832_xxaa/nrf_sdh.c.o
                              0x70606 (size before relaxing)
 .debug_str     0x00087f14      0x26b _build/nrf52832_xxaa/nrf_sdh_ant.c.o
                              0x73dcf (size before relaxing)

.debug_loc      0x00000000     0xf350
 .debug_loc     0x00000000      0x160 _build/nrf52832_xxaa/nrf_log_backend_serial.c.o
 .debug_loc     0x00000160      0x227 _build/nrf52832_xxaa/nrf_log_backend_uart.c.o
 .debug_loc     0x00000387       0x15 _build/nrf52832_xxaa/nrf_log_default_backends.c.o
 .debug_loc     0x0000039c     0x2773 _build/nrf52832_xxaa/nrf_log_frontend.c.o
 .debug_loc     0x00002b0f      0x42f _build/nrf52832_xxaa/nrf_log_str_formatter.c.o
 .debug_loc     0x00002f3e      0x801 _build/nrf52832_xxaa/boards.c.o
 .debug_loc     0x0000373f      0x3b3 _build/nrf52832_xxaa/app_button.c.o
 .debug_loc     0x00003af2       0xca _build/nrf52832_xxaa/app_error.c.o
 .debug_loc     0x00003bbc       0x63 _build/nrf52832_xxaa/app_error_weak.c.o
 .debug_loc     0x00003c1f      0xeb6 _build/nrf52832_xxaa/app_timer.c.o
 .debug_loc     0x00004ad5      0x125 _build/nrf52832_xxaa/app_util_platform.c.o
 .debug_loc     0x00004bfa       0x31 _build/nrf52832_xxaa/hardfault_implementation.c.o
 .debug_loc     0x00004c2b      0x35c _build/nrf52832_xxaa/nrf_atomic.c.o
 .debug_loc     0x00004f87      0x169 _build/nrf52832_xxaa/nrf_balloc.c.o
 .debug_loc     0x000050f0       0x4a _build/nrf52832_xxaa/nrf_fprintf.c.o
 .debug_loc     0x0000513a      0xf2c _build/nrf52832_xxaa/nrf_fprintf_format.c.o
 .debug_loc     0x00006066      0xb27 _build/nrf52832_xxaa/nrf_memobj.c.o
 .debug_loc     0x00006b8d       0xc8 _build/nrf52832_xxaa/nrf_pwr_mgmt.c.o
 .debug_loc     0x00006c55      0x5d5 _build/nrf52832_xxaa/nrf_ringbuf.c.o
 .debug_loc     0x0000722a      0x2db _build/nrf52832_xxaa/nrf_strerror.c.o
 .debug_loc     0x00007505      0x1ae _build/nrf52832_xxaa/nrf_drv_uart.c.o
 .debug_loc     0x000076b3     0x28a7 _build/nrf52832_xxaa/nrfx_gpiote.c.o
 .debug_loc     0x00009f5a       0xb8 _build/nrf52832_xxaa/nrfx_prs.c.o
 .debug_loc     0x0000a012     0x18b3 _build/nrf52832_xxaa/nrfx_uart.c.o
 .debug_loc     0x0000b8c5     0x13d0 _build/nrf52832_xxaa/nrfx_uarte.c.o
 .debug_loc     0x0000cc95     0x1309 _build/nrf52832_xxaa/nrfx_saadc.c.o
 .debug_loc     0x0000df9e      0x11d _build/nrf52832_xxaa/ant_channel_config.c.o
 .debug_loc     0x0000e0bb      0x459 _build/nrf52832_xxaa/di2_btn.c.o
 .debug_loc     0x0000e514      0x804 _build/nrf52832_xxaa/antDI2Master.c.o
 .debug_loc     0x0000ed18      0x26d _build/nrf52832_xxaa/mpos.c.o
 .debug_loc     0x0000ef85       0x57 _build/nrf52832_xxaa/main.c.o
 .debug_loc     0x0000efdc      0x2ab _build/nrf52832_xxaa/nrf_sdh.c.o
 .debug_loc     0x0000f287       0xc9 _build/nrf52832_xxaa/nrf_sdh_ant.c.o

.debug_ranges   0x00000000     0x3ef0
 .debug_ranges  0x00000000       0x28 _build/nrf52832_xxaa/nrf_log_backend_serial.c.o
 .debug_ranges  0x00000028       0xb0 _build/nrf52832_xxaa/nrf_log_backend_uart.c.o
 .debug_ranges  0x000000d8       0x10 _build/nrf52832_xxaa/nrf_log_default_backends.c.o
 .debug_ranges  0x000000e8      0x8d8 _build/nrf52832_xxaa/nrf_log_frontend.c.o
 .debug_ranges  0x000009c0       0xb8 _build/nrf52832_xxaa/nrf_log_str_formatter.c.o
 .debug_ranges  0x00000a78      0x190 _build/nrf52832_xxaa/boards.c.o
 .debug_ranges  0x00000c08       0x88 _build/nrf52832_xxaa/app_button.c.o
 .debug_ranges  0x00000c90       0x18 _build/nrf52832_xxaa/app_error.c.o
 .debug_ranges  0x00000ca8       0x10 _build/nrf52832_xxaa/app_error_weak.c.o
 .debug_ranges  0x00000cb8      0x570 _build/nrf52832_xxaa/app_timer.c.o
 .debug_ranges  0x00001228       0x80 _build/nrf52832_xxaa/app_util_platform.c.o
 .debug_ranges  0x000012a8       0x10 _build/nrf52832_xxaa/hardfault_handler_gcc.c.o
 .debug_ranges  0x000012b8       0x30 _build/nrf52832_xxaa/hardfault_implementation.c.o
 .debug_ranges  0x000012e8       0xb8 _build/nrf52832_xxaa/nrf_atomic.c.o
 .debug_ranges  0x000013a0       0x78 _build/nrf52832_xxaa/nrf_balloc.c.o
 .debug_ranges  0x00001418       0x18 _build/nrf52832_xxaa/nrf_fprintf.c.o
 .debug_ranges  0x00001430      0x1e8 _build/nrf52832_xxaa/nrf_fprintf_format.c.o
 .debug_ranges  0x00001618       0xb0 _build/nrf52832_xxaa/nrf_memobj.c.o
 .debug_ranges  0x000016c8       0x98 _build/nrf52832_xxaa/nrf_pwr_mgmt.c.o
 .debug_ranges  0x00001760       0x40 _build/nrf52832_xxaa/nrf_ringbuf.c.o
 .debug_ranges  0x000017a0       0x18 _build/nrf52832_xxaa/nrf_section_iter.c.o
 .debug_ranges  0x000017b8       0x80 _build/nrf52832_xxaa/nrf_strerror.c.o
 .debug_ranges  0x00001838       0x20 _build/nrf52832_xxaa/nrf_drv_uart.c.o
 .debug_ranges  0x00001858      0x9b8 _build/nrf52832_xxaa/nrfx_gpiote.c.o
 .debug_ranges  0x00002210       0x50 _build/nrf52832_xxaa/nrfx_prs.c.o
 .debug_ranges  0x00002260      0x4d0 _build/nrf52832_xxaa/nrfx_uart.c.o
 .debug_ranges  0x00002730      0x440 _build/nrf52832_xxaa/nrfx_uarte.c.o
 .debug_ranges  0x00002b70      0xb68 _build/nrf52832_xxaa/nrfx_saadc.c.o
 .debug_ranges  0x000036d8       0x30 _build/nrf52832_xxaa/ant_channel_config.c.o
 .debug_ranges  0x00003708      0x150 _build/nrf52832_xxaa/di2_btn.c.o
 .debug_ranges  0x00003858      0x1b0 _build/nrf52832_xxaa/antDI2Master.c.o
 .debug_ranges  0x00003a08       0xf8 _build/nrf52832_xxaa/mpos.c.o
 .debug_ranges  0x00003b00       0x10 _build/nrf52832_xxaa/main.c.o
 .debug_ranges  0x00003b10      0x168 _build/nrf52832_xxaa/system_nrf52.c.o
 .debug_ranges  0x00003c78      0x220 _build/nrf52832_xxaa/nrf_sdh.c.o
 .debug_ranges  0x00003e98       0x58 _build/nrf52832_xxaa/nrf_sdh_ant.c.o

.debug_macro    0x00000000     0xb5b4
 .debug_macro   0x00000000      0x3b4 _build/nrf52832_xxaa/nrf_log_backend_serial.c.o
 .debug_macro   0x000003b4       0x16 _build/nrf52832_xxaa/nrf_log_backend_serial.c.o
 .debug_macro   0x000003ca       0x22 _build/nrf52832_xxaa/nrf_log_backend_serial.c.o
 .debug_macro   0x000003ec       0x46 _build/nrf52832_xxaa/nrf_log_backend_serial.c.o
 .debug_macro   0x00000432       0xa3 _build/nrf52832_xxaa/nrf_log_backend_serial.c.o
 .debug_macro   0x000004d5       0x3a _build/nrf52832_xxaa/nrf_log_backend_serial.c.o
 .debug_macro   0x0000050f       0x1c _build/nrf52832_xxaa/nrf_log_backend_serial.c.o
 .debug_macro   0x0000052b       0x10 _build/nrf52832_xxaa/nrf_log_backend_serial.c.o
 .debug_macro   0x0000053b       0x10 _build/nrf52832_xxaa/nrf_log_backend_serial.c.o
 .debug_macro   0x0000054b       0xb6 _build/nrf52832_xxaa/nrf_log_backend_serial.c.o
 .debug_macro   0x00000601       0x16 _build/nrf52832_xxaa/nrf_log_backend_serial.c.o
 .debug_macro   0x00000617      0x129 _build/nrf52832_xxaa/nrf_log_backend_serial.c.o
 .debug_macro   0x00000740       0x49 _build/nrf52832_xxaa/nrf_log_backend_serial.c.o
 .debug_macro   0x00000789       0x8c _build/nrf52832_xxaa/nrf_log_backend_serial.c.o
 .debug_macro   0x00000815       0x31 _build/nrf52832_xxaa/nrf_log_backend_serial.c.o
 .debug_macro   0x00000846       0x55 _build/nrf52832_xxaa/nrf_log_backend_serial.c.o
 .debug_macro   0x0000089b       0x98 _build/nrf52832_xxaa/nrf_log_backend_serial.c.o
 .debug_macro   0x00000933       0x10 _build/nrf52832_xxaa/nrf_log_backend_serial.c.o
 .debug_macro   0x00000943       0x1d _build/nrf52832_xxaa/nrf_log_backend_serial.c.o
 .debug_macro   0x00000960       0x2e _build/nrf52832_xxaa/nrf_log_backend_serial.c.o
 .debug_macro   0x0000098e       0x1c _build/nrf52832_xxaa/nrf_log_backend_serial.c.o
 .debug_macro   0x000009aa      0x185 _build/nrf52832_xxaa/nrf_log_backend_serial.c.o
 .debug_macro   0x00000b2f      0x4a6 _build/nrf52832_xxaa/nrf_log_backend_uart.c.o
 .debug_macro   0x00000fd5      0x3b1 _build/nrf52832_xxaa/nrf_log_backend_uart.c.o
 .debug_macro   0x00001386       0x52 _build/nrf52832_xxaa/nrf_log_backend_uart.c.o
 .debug_macro   0x000013d8      0x1a7 _build/nrf52832_xxaa/nrf_log_backend_uart.c.o
 .debug_macro   0x0000157f      0x125 _build/nrf52832_xxaa/nrf_log_backend_uart.c.o
 .debug_macro   0x000016a4       0x5a _build/nrf52832_xxaa/nrf_log_backend_uart.c.o
 .debug_macro   0x000016fe       0x1d _build/nrf52832_xxaa/nrf_log_backend_uart.c.o
 .debug_macro   0x0000171b       0xac _build/nrf52832_xxaa/nrf_log_backend_uart.c.o
 .debug_macro   0x000017c7       0x22 _build/nrf52832_xxaa/nrf_log_backend_uart.c.o
 .debug_macro   0x000017e9       0x40 _build/nrf52832_xxaa/nrf_log_backend_uart.c.o
 .debug_macro   0x00001829       0x20 _build/nrf52832_xxaa/nrf_log_backend_uart.c.o
 .debug_macro   0x00001849       0x10 _build/nrf52832_xxaa/nrf_log_backend_uart.c.o
 .debug_macro   0x00001859       0x10 _build/nrf52832_xxaa/nrf_log_backend_uart.c.o
 .debug_macro   0x00001869       0x10 _build/nrf52832_xxaa/nrf_log_backend_uart.c.o
 .debug_macro   0x00001879       0x10 _build/nrf52832_xxaa/nrf_log_backend_uart.c.o
 .debug_macro   0x00001889       0x10 _build/nrf52832_xxaa/nrf_log_backend_uart.c.o
 .debug_macro   0x00001899       0x3f _build/nrf52832_xxaa/nrf_log_backend_uart.c.o
 .debug_macro   0x000018d8      0x3a5 _build/nrf52832_xxaa/nrf_log_default_backends.c.o
 .debug_macro   0x00001c7d       0x10 _build/nrf52832_xxaa/nrf_log_default_backends.c.o
 .debug_macro   0x00001c8d      0x426 _build/nrf52832_xxaa/nrf_log_frontend.c.o
 .debug_macro   0x000020b3       0x16 _build/nrf52832_xxaa/nrf_log_frontend.c.o
 .debug_macro   0x000020c9       0x9a _build/nrf52832_xxaa/nrf_log_frontend.c.o
 .debug_macro   0x00002163       0x9e _build/nrf52832_xxaa/nrf_log_frontend.c.o
 .debug_macro   0x00002201      0x3f6 _build/nrf52832_xxaa/nrf_log_str_formatter.c.o
 .debug_macro   0x000025f7       0x9c _build/nrf52832_xxaa/nrf_log_str_formatter.c.o
 .debug_macro   0x00002693      0x390 _build/nrf52832_xxaa/boards.c.o
 .debug_macro   0x00002a23       0x26 _build/nrf52832_xxaa/boards.c.o
 .debug_macro   0x00002a49       0x3f _build/nrf52832_xxaa/boards.c.o
 .debug_macro   0x00002a88       0x16 _build/nrf52832_xxaa/boards.c.o
 .debug_macro   0x00002a9e       0x19 _build/nrf52832_xxaa/boards.c.o
 .debug_macro   0x00002ab7       0x35 _build/nrf52832_xxaa/boards.c.o
 .debug_macro   0x00002aec       0x7b _build/nrf52832_xxaa/boards.c.o
 .debug_macro   0x00002b67       0x16 _build/nrf52832_xxaa/boards.c.o
 .debug_macro   0x00002b7d      0x25a _build/nrf52832_xxaa/boards.c.o
 .debug_macro   0x00002dd7      0x16d _build/nrf52832_xxaa/boards.c.o
 .debug_macro   0x00002f44      0x3fc _build/nrf52832_xxaa/app_button.c.o
 .debug_macro   0x00003340       0x1c _build/nrf52832_xxaa/app_button.c.o
 .debug_macro   0x0000335c       0x42 _build/nrf52832_xxaa/app_button.c.o
 .debug_macro   0x0000339e       0x25 _build/nrf52832_xxaa/app_button.c.o
 .debug_macro   0x000033c3       0x44 _build/nrf52832_xxaa/app_button.c.o
 .debug_macro   0x00003407       0xcc _build/nrf52832_xxaa/app_button.c.o
 .debug_macro   0x000034d3      0x21f _build/nrf52832_xxaa/app_error.c.o
 .debug_macro   0x000036f2       0x35 _build/nrf52832_xxaa/app_error.c.o
 .debug_macro   0x00003727       0x97 _build/nrf52832_xxaa/app_error.c.o
 .debug_macro   0x000037be       0xf6 _build/nrf52832_xxaa/app_error.c.o
 .debug_macro   0x000038b4      0x3c6 _build/nrf52832_xxaa/app_error_weak.c.o
 .debug_macro   0x00003c7a       0x16 _build/nrf52832_xxaa/app_error_weak.c.o
 .debug_macro   0x00003c90       0x1c _build/nrf52832_xxaa/app_error_weak.c.o
 .debug_macro   0x00003cac      0x122 _build/nrf52832_xxaa/app_error_weak.c.o
 .debug_macro   0x00003dce      0x43c _build/nrf52832_xxaa/app_timer.c.o
 .debug_macro   0x0000420a       0x3c _build/nrf52832_xxaa/app_timer.c.o
 .debug_macro   0x00004246       0x45 _build/nrf52832_xxaa/app_timer.c.o
 .debug_macro   0x0000428b      0x263 _build/nrf52832_xxaa/app_util_platform.c.o
 .debug_macro   0x000044ee      0x222 _build/nrf52832_xxaa/hardfault_handler_gcc.c.o
 .debug_macro   0x00004710      0x3c0 _build/nrf52832_xxaa/hardfault_implementation.c.o
 .debug_macro   0x00004ad0      0x17f _build/nrf52832_xxaa/hardfault_implementation.c.o
 .debug_macro   0x00004c4f      0x241 _build/nrf52832_xxaa/nrf_atomic.c.o
 .debug_macro   0x00004e90       0x42 _build/nrf52832_xxaa/nrf_atomic.c.o
 .debug_macro   0x00004ed2      0x369 _build/nrf52832_xxaa/nrf_balloc.c.o
 .debug_macro   0x0000523b       0x10 _build/nrf52832_xxaa/nrf_balloc.c.o
 .debug_macro   0x0000524b      0x24d _build/nrf52832_xxaa/nrf_fprintf.c.o
 .debug_macro   0x00005498       0x58 _build/nrf52832_xxaa/nrf_fprintf.c.o
 .debug_macro   0x000054f0      0x25f _build/nrf52832_xxaa/nrf_fprintf_format.c.o
 .debug_macro   0x0000574f      0x350 _build/nrf52832_xxaa/nrf_memobj.c.o
 .debug_macro   0x00005a9f      0x10e _build/nrf52832_xxaa/nrf_memobj.c.o
 .debug_macro   0x00005bad       0x86 _build/nrf52832_xxaa/nrf_memobj.c.o
 .debug_macro   0x00005c33       0x54 _build/nrf52832_xxaa/nrf_memobj.c.o
 .debug_macro   0x00005c87      0x540 _build/nrf52832_xxaa/nrf_pwr_mgmt.c.o
 .debug_macro   0x000061c7       0x11 _build/nrf52832_xxaa/nrf_pwr_mgmt.c.o
 .debug_macro   0x000061d8       0x10 _build/nrf52832_xxaa/nrf_pwr_mgmt.c.o
 .debug_macro   0x000061e8       0x22 _build/nrf52832_xxaa/nrf_pwr_mgmt.c.o
 .debug_macro   0x0000620a       0x31 _build/nrf52832_xxaa/nrf_pwr_mgmt.c.o
 .debug_macro   0x0000623b      0x2ff _build/nrf52832_xxaa/nrf_ringbuf.c.o
 .debug_macro   0x0000653a      0x250 _build/nrf52832_xxaa/nrf_section_iter.c.o
 .debug_macro   0x0000678a      0x236 _build/nrf52832_xxaa/nrf_strerror.c.o